[2022-04-10T21:53:31.744-0800][0.011s] Heap region size: 1M
[2022-04-10T21:53:32.227-0800][0.494s] Using G1
[2022-04-10T21:53:32.227-0800][0.494s] Heap address: 0x00000007e0000000, size: 512 MB, Compressed Oops mode: Zero based, Oop shift amount: 3
[2022-04-10T21:53:32.734-0800][1.000s] GC(0) Pause Young (Normal) (G1 Evacuation Pause)
[2022-04-10T21:53:32.734-0800][1.000s] GC(0) Using 4 workers of 4 for evacuation
[2022-04-10T21:53:32.738-0800][1.005s] GC(0)   Pre Evacuate Collection Set: 0.0ms
[2022-04-10T21:53:32.738-0800][1.005s] GC(0)   Evacuate Collection Set: 3.7ms
[2022-04-10T21:53:32.738-0800][1.005s] GC(0)   Post Evacuate Collection Set: 0.7ms
[2022-04-10T21:53:32.738-0800][1.005s] GC(0)   Other: 0.3ms
[2022-04-10T21:53:32.738-0800][1.005s] GC(0) Eden regions: 25->0(304)
[2022-04-10T21:53:32.738-0800][1.005s] GC(0) Survivor regions: 0->3(4)
[2022-04-10T21:53:32.738-0800][1.005s] GC(0) Old regions: 0->0
[2022-04-10T21:53:32.738-0800][1.005s] GC(0) Humongous regions: 0->0
[2022-04-10T21:53:32.738-0800][1.005s] GC(0) Metaspace: 12307K->12307K(1060864K)
[2022-04-10T21:53:32.738-0800][1.005s] GC(0) Pause Young (Normal) (G1 Evacuation Pause) 25M->2M(512M) 4.869ms
[2022-04-10T21:53:32.738-0800][1.005s] GC(0) User=0.02s Sys=0.00s Real=0.00s
[2022-04-10T21:53:33.277-0800][1.544s] GC(1) Pause Young (Concurrent Start) (Metadata GC Threshold)
[2022-04-10T21:53:33.277-0800][1.544s] GC(1) Using 4 workers of 4 for evacuation
[2022-04-10T21:53:33.290-0800][1.556s] GC(1)   Pre Evacuate Collection Set: 0.0ms
[2022-04-10T21:53:33.290-0800][1.556s] GC(1)   Evacuate Collection Set: 11.8ms
[2022-04-10T21:53:33.290-0800][1.556s] GC(1)   Post Evacuate Collection Set: 0.3ms
[2022-04-10T21:53:33.290-0800][1.556s] GC(1)   Other: 0.2ms
[2022-04-10T21:53:33.290-0800][1.556s] GC(1) Eden regions: 33->0(38)
[2022-04-10T21:53:33.290-0800][1.557s] GC(1) Survivor regions: 3->12(31)
[2022-04-10T21:53:33.290-0800][1.557s] GC(1) Old regions: 0->0
[2022-04-10T21:53:33.290-0800][1.557s] GC(1) Humongous regions: 4->4
[2022-04-10T21:53:33.290-0800][1.557s] GC(1) Metaspace: 20699K->20699K(1069056K)
[2022-04-10T21:53:33.290-0800][1.557s] GC(1) Pause Young (Concurrent Start) (Metadata GC Threshold) 39M->15M(512M) 12.441ms
[2022-04-10T21:53:33.290-0800][1.557s] GC(1) User=0.04s Sys=0.00s Real=0.02s
[2022-04-10T21:53:33.290-0800][1.557s] GC(2) Concurrent Cycle
[2022-04-10T21:53:33.290-0800][1.557s] GC(2) Concurrent Clear Claimed Marks
[2022-04-10T21:53:33.290-0800][1.557s] GC(2) Concurrent Clear Claimed Marks 0.023ms
[2022-04-10T21:53:33.290-0800][1.557s] GC(2) Concurrent Scan Root Regions
[2022-04-10T21:53:33.300-0800][1.566s] GC(2) Concurrent Scan Root Regions 9.336ms
[2022-04-10T21:53:33.300-0800][1.566s] GC(2) Concurrent Mark (1.566s)
[2022-04-10T21:53:33.300-0800][1.566s] GC(2) Concurrent Mark From Roots
[2022-04-10T21:53:33.300-0800][1.566s] GC(2) Using 1 workers of 1 for marking
[2022-04-10T21:53:33.303-0800][1.570s] GC(2) Concurrent Mark From Roots 3.338ms
[2022-04-10T21:53:33.303-0800][1.570s] GC(2) Concurrent Preclean
[2022-04-10T21:53:33.303-0800][1.570s] GC(2) Concurrent Preclean 0.036ms
[2022-04-10T21:53:33.303-0800][1.570s] GC(2) Concurrent Mark (1.566s, 1.570s) 3.448ms
[2022-04-10T21:53:33.303-0800][1.570s] GC(2) Pause Remark
[2022-04-10T21:53:33.305-0800][1.571s] GC(2) Cleaned string and symbol table, strings: 9554 processed, 0 removed, symbols: 68027 processed, 21 removed
[2022-04-10T21:53:33.305-0800][1.572s] GC(2) Pause Remark 16M->16M(512M) 1.726ms
[2022-04-10T21:53:33.305-0800][1.572s] GC(2) User=0.01s Sys=0.00s Real=0.00s
[2022-04-10T21:53:33.305-0800][1.572s] GC(2) Concurrent Rebuild Remembered Sets
[2022-04-10T21:53:33.307-0800][1.574s] GC(2) Concurrent Rebuild Remembered Sets 2.148ms
[2022-04-10T21:53:33.307-0800][1.574s] GC(2) Pause Cleanup
[2022-04-10T21:53:33.307-0800][1.574s] GC(2) Pause Cleanup 16M->16M(512M) 0.096ms
[2022-04-10T21:53:33.307-0800][1.574s] GC(2) User=0.00s Sys=0.00s Real=0.00s
[2022-04-10T21:53:33.307-0800][1.574s] GC(2) Concurrent Cleanup for Next Mark
[2022-04-10T21:53:33.308-0800][1.575s] GC(2) Concurrent Cleanup for Next Mark 1.009ms
[2022-04-10T21:53:33.308-0800][1.575s] GC(2) Concurrent Cycle 18.544ms
[2022-04-10T21:53:33.806-0800][2.072s] GC(3) Pause Young (Normal) (G1 Evacuation Pause)
[2022-04-10T21:53:33.806-0800][2.072s] GC(3) Using 4 workers of 4 for evacuation
[2022-04-10T21:53:33.819-0800][2.085s] GC(3)   Pre Evacuate Collection Set: 0.0ms
[2022-04-10T21:53:33.819-0800][2.085s] GC(3)   Evacuate Collection Set: 12.3ms
[2022-04-10T21:53:33.819-0800][2.085s] GC(3)   Post Evacuate Collection Set: 0.3ms
[2022-04-10T21:53:33.819-0800][2.085s] GC(3)   Other: 0.1ms
[2022-04-10T21:53:33.819-0800][2.085s] GC(3) Eden regions: 35->0(45)
[2022-04-10T21:53:33.819-0800][2.085s] GC(3) Survivor regions: 12->6(6)
[2022-04-10T21:53:33.819-0800][2.085s] GC(3) Old regions: 0->14
[2022-04-10T21:53:33.819-0800][2.085s] GC(3) Humongous regions: 4->4
[2022-04-10T21:53:33.819-0800][2.085s] GC(3) Metaspace: 24788K->24788K(1071104K)
[2022-04-10T21:53:33.819-0800][2.085s] GC(3) Pause Young (Normal) (G1 Evacuation Pause) 50M->23M(512M) 12.924ms
[2022-04-10T21:53:33.819-0800][2.085s] GC(3) User=0.05s Sys=0.00s Real=0.01s
[2022-04-10T21:53:34.290-0800][2.556s] GC(4) Pause Young (Normal) (G1 Evacuation Pause)
[2022-04-10T21:53:34.290-0800][2.556s] GC(4) Using 4 workers of 4 for evacuation
[2022-04-10T21:53:34.295-0800][2.561s] GC(4)   Pre Evacuate Collection Set: 0.0ms
[2022-04-10T21:53:34.295-0800][2.561s] GC(4)   Evacuate Collection Set: 4.8ms
[2022-04-10T21:53:34.295-0800][2.561s] GC(4)   Post Evacuate Collection Set: 0.2ms
[2022-04-10T21:53:34.295-0800][2.561s] GC(4)   Other: 0.1ms
[2022-04-10T21:53:34.295-0800][2.562s] GC(4) Eden regions: 45->0(68)
[2022-04-10T21:53:34.295-0800][2.562s] GC(4) Survivor regions: 6->2(7)
[2022-04-10T21:53:34.295-0800][2.562s] GC(4) Old regions: 14->20
[2022-04-10T21:53:34.295-0800][2.562s] GC(4) Humongous regions: 4->4
[2022-04-10T21:53:34.295-0800][2.562s] GC(4) Metaspace: 31058K->31058K(1077248K)
[2022-04-10T21:53:34.295-0800][2.562s] GC(4) Pause Young (Normal) (G1 Evacuation Pause) 68M->24M(512M) 5.344ms
[2022-04-10T21:53:34.295-0800][2.562s] GC(4) User=0.01s Sys=0.00s Real=0.00s
[2022-04-10T21:53:35.061-0800][3.328s] GC(5) Pause Young (Concurrent Start) (Metadata GC Threshold)
[2022-04-10T21:53:35.061-0800][3.328s] GC(5) Using 4 workers of 4 for evacuation
[2022-04-10T21:53:35.064-0800][3.330s] GC(5)   Pre Evacuate Collection Set: 0.1ms
[2022-04-10T21:53:35.064-0800][3.330s] GC(5)   Evacuate Collection Set: 2.5ms
[2022-04-10T21:53:35.064-0800][3.330s] GC(5)   Post Evacuate Collection Set: 0.1ms
[2022-04-10T21:53:35.064-0800][3.330s] GC(5)   Other: 0.1ms
[2022-04-10T21:53:35.064-0800][3.331s] GC(5) Eden regions: 46->0(144)
[2022-04-10T21:53:35.064-0800][3.331s] GC(5) Survivor regions: 2->2(9)
[2022-04-10T21:53:35.064-0800][3.331s] GC(5) Old regions: 20->20
[2022-04-10T21:53:35.064-0800][3.331s] GC(5) Humongous regions: 4->4
[2022-04-10T21:53:35.064-0800][3.331s] GC(5) Metaspace: 34844K->34844K(1081344K)
[2022-04-10T21:53:35.064-0800][3.331s] GC(5) Pause Young (Concurrent Start) (Metadata GC Threshold) 70M->25M(512M) 2.935ms
[2022-04-10T21:53:35.064-0800][3.331s] GC(5) User=0.01s Sys=0.00s Real=0.00s
[2022-04-10T21:53:35.064-0800][3.331s] GC(6) Concurrent Cycle
[2022-04-10T21:53:35.064-0800][3.331s] GC(6) Concurrent Clear Claimed Marks
[2022-04-10T21:53:35.064-0800][3.331s] GC(6) Concurrent Clear Claimed Marks 0.028ms
[2022-04-10T21:53:35.064-0800][3.331s] GC(6) Concurrent Scan Root Regions
[2022-04-10T21:53:35.066-0800][3.333s] GC(6) Concurrent Scan Root Regions 1.973ms
[2022-04-10T21:53:35.066-0800][3.333s] GC(6) Concurrent Mark (3.333s)
[2022-04-10T21:53:35.066-0800][3.333s] GC(6) Concurrent Mark From Roots
[2022-04-10T21:53:35.066-0800][3.333s] GC(6) Using 1 workers of 1 for marking
[2022-04-10T21:53:35.098-0800][3.365s] GC(6) Concurrent Mark From Roots 32.284ms
[2022-04-10T21:53:35.098-0800][3.365s] GC(6) Concurrent Preclean
[2022-04-10T21:53:35.099-0800][3.365s] GC(6) Concurrent Preclean 0.125ms
[2022-04-10T21:53:35.099-0800][3.365s] GC(6) Concurrent Mark (3.333s, 3.365s) 32.489ms
[2022-04-10T21:53:35.099-0800][3.365s] GC(6) Pause Remark
[2022-04-10T21:53:35.102-0800][3.369s] GC(6) Cleaned string and symbol table, strings: 15634 processed, 25 removed, symbols: 114587 processed, 46 removed
[2022-04-10T21:53:35.102-0800][3.369s] GC(6) Pause Remark 27M->27M(512M) 3.294ms
[2022-04-10T21:53:35.102-0800][3.369s] GC(6) User=0.02s Sys=0.00s Real=0.01s
[2022-04-10T21:53:35.102-0800][3.369s] GC(6) Concurrent Rebuild Remembered Sets
[2022-04-10T21:53:35.127-0800][3.394s] GC(6) Concurrent Rebuild Remembered Sets 24.819ms
[2022-04-10T21:53:35.127-0800][3.394s] GC(6) Pause Cleanup
[2022-04-10T21:53:35.127-0800][3.394s] GC(6) Pause Cleanup 29M->29M(512M) 0.071ms
[2022-04-10T21:53:35.127-0800][3.394s] GC(6) User=0.00s Sys=0.00s Real=0.00s
[2022-04-10T21:53:35.127-0800][3.394s] GC(6) Concurrent Cleanup for Next Mark
[2022-04-10T21:53:35.128-0800][3.395s] GC(6) Concurrent Cleanup for Next Mark 1.039ms
[2022-04-10T21:53:35.128-0800][3.395s] GC(6) Concurrent Cycle 64.355ms
[2022-04-10T21:54:55.709-0800][83.974s] GC(7) Pause Young (Concurrent Start) (G1 Evacuation Pause)
[2022-04-10T21:54:55.709-0800][83.975s] GC(7) Using 4 workers of 4 for evacuation
[2022-04-10T21:54:55.721-0800][83.987s] GC(7)   Pre Evacuate Collection Set: 0.1ms
[2022-04-10T21:54:55.721-0800][83.987s] GC(7)   Evacuate Collection Set: 11.1ms
[2022-04-10T21:54:55.721-0800][83.987s] GC(7)   Post Evacuate Collection Set: 0.7ms
[2022-04-10T21:54:55.721-0800][83.987s] GC(7)   Other: 0.4ms
[2022-04-10T21:54:55.721-0800][83.987s] GC(7) Eden regions: 154->0(178)
[2022-04-10T21:54:55.721-0800][83.987s] GC(7) Survivor regions: 2->10(20)
[2022-04-10T21:54:55.721-0800][83.987s] GC(7) Old regions: 20->20
[2022-04-10T21:54:55.721-0800][83.987s] GC(7) Humongous regions: 5->4
[2022-04-10T21:54:55.721-0800][83.987s] GC(7) Metaspace: 50269K->50269K(1095680K)
[2022-04-10T21:54:55.721-0800][83.987s] GC(7) Pause Young (Concurrent Start) (G1 Evacuation Pause) 180M->33M(512M) 12.546ms
[2022-04-10T21:54:55.721-0800][83.987s] GC(7) User=0.03s Sys=0.00s Real=0.02s
[2022-04-10T21:54:55.721-0800][83.987s] GC(8) Concurrent Cycle
[2022-04-10T21:54:55.721-0800][83.987s] GC(8) Concurrent Clear Claimed Marks
[2022-04-10T21:54:55.721-0800][83.987s] GC(8) Concurrent Clear Claimed Marks 0.067ms
[2022-04-10T21:54:55.722-0800][83.987s] GC(8) Concurrent Scan Root Regions
[2022-04-10T21:54:55.730-0800][83.996s] GC(8) Concurrent Scan Root Regions 8.910ms
[2022-04-10T21:54:55.730-0800][83.996s] GC(8) Concurrent Mark (83.996s)
[2022-04-10T21:54:55.730-0800][83.996s] GC(8) Concurrent Mark From Roots
[2022-04-10T21:54:55.730-0800][83.996s] GC(8) Using 1 workers of 1 for marking
[2022-04-10T21:54:55.771-0800][84.037s] GC(8) Concurrent Mark From Roots 40.867ms
[2022-04-10T21:54:55.771-0800][84.037s] GC(8) Concurrent Preclean
[2022-04-10T21:54:55.771-0800][84.037s] GC(8) Concurrent Preclean 0.097ms
[2022-04-10T21:54:55.772-0800][84.037s] GC(8) Concurrent Mark (83.996s, 84.037s) 41.041ms
[2022-04-10T21:54:55.772-0800][84.037s] GC(8) Pause Remark
[2022-04-10T21:54:55.778-0800][84.043s] GC(8) Cleaned string and symbol table, strings: 23415 processed, 1 removed, symbols: 156798 processed, 121 removed
[2022-04-10T21:54:55.778-0800][84.044s] GC(8) Pause Remark 36M->36M(512M) 6.244ms
[2022-04-10T21:54:55.778-0800][84.044s] GC(8) User=0.02s Sys=0.00s Real=0.00s
[2022-04-10T21:54:55.778-0800][84.044s] GC(8) Concurrent Rebuild Remembered Sets
[2022-04-10T21:54:55.804-0800][84.070s] GC(8) Concurrent Rebuild Remembered Sets 26.149ms
[2022-04-10T21:54:55.809-0800][84.075s] GC(8) Pause Cleanup
[2022-04-10T21:54:55.809-0800][84.075s] GC(8) Pause Cleanup 37M->37M(512M) 0.114ms
[2022-04-10T21:54:55.809-0800][84.075s] GC(8) User=0.00s Sys=0.00s Real=0.00s
[2022-04-10T21:54:55.809-0800][84.075s] GC(8) Concurrent Cleanup for Next Mark
[2022-04-10T21:54:55.810-0800][84.075s] GC(8) Concurrent Cleanup for Next Mark 0.675ms
[2022-04-10T21:54:55.810-0800][84.075s] GC(8) Concurrent Cycle 88.448ms
[2022-04-10T21:55:05.867-0800][94.133s] GC(9) Pause Young (Normal) (G1 Evacuation Pause)
[2022-04-10T21:55:05.869-0800][94.134s] GC(9) Using 4 workers of 4 for evacuation
[2022-04-10T21:55:05.886-0800][94.151s] GC(9)   Pre Evacuate Collection Set: 0.0ms
[2022-04-10T21:55:05.886-0800][94.151s] GC(9)   Evacuate Collection Set: 16.3ms
[2022-04-10T21:55:05.886-0800][94.151s] GC(9)   Post Evacuate Collection Set: 0.6ms
[2022-04-10T21:55:05.886-0800][94.151s] GC(9)   Other: 1.8ms
[2022-04-10T21:55:05.886-0800][94.151s] GC(9) Eden regions: 182->0(223)
[2022-04-10T21:55:05.886-0800][94.151s] GC(9) Survivor regions: 10->17(24)
[2022-04-10T21:55:05.886-0800][94.151s] GC(9) Old regions: 20->20
[2022-04-10T21:55:05.886-0800][94.151s] GC(9) Humongous regions: 7->7
[2022-04-10T21:55:05.886-0800][94.151s] GC(9) Metaspace: 57980K->57980K(1101824K)
[2022-04-10T21:55:05.886-0800][94.151s] GC(9) Pause Young (Normal) (G1 Evacuation Pause) 218M->43M(512M) 18.814ms
[2022-04-10T21:55:05.886-0800][94.151s] GC(9) User=0.05s Sys=0.01s Real=0.02s
[2022-04-10T21:55:07.298-0800][95.564s] GC(10) Pause Young (Normal) (G1 Evacuation Pause)
[2022-04-10T21:55:07.298-0800][95.564s] GC(10) Using 4 workers of 4 for evacuation
[2022-04-10T21:55:07.348-0800][95.614s] GC(10)   Pre Evacuate Collection Set: 0.0ms
[2022-04-10T21:55:07.348-0800][95.614s] GC(10)   Evacuate Collection Set: 48.4ms
[2022-04-10T21:55:07.348-0800][95.614s] GC(10)   Post Evacuate Collection Set: 1.3ms
[2022-04-10T21:55:07.348-0800][95.614s] GC(10)   Other: 0.2ms
[2022-04-10T21:55:07.348-0800][95.614s] GC(10) Eden regions: 223->0(279)
[2022-04-10T21:55:07.348-0800][95.614s] GC(10) Survivor regions: 17->28(30)
[2022-04-10T21:55:07.348-0800][95.614s] GC(10) Old regions: 20->21
[2022-04-10T21:55:07.348-0800][95.614s] GC(10) Humongous regions: 8->8
[2022-04-10T21:55:07.349-0800][95.614s] GC(10) Metaspace: 58283K->58283K(1101824K)
[2022-04-10T21:55:07.349-0800][95.614s] GC(10) Pause Young (Normal) (G1 Evacuation Pause) 267M->56M(512M) 50.104ms
[2022-04-10T21:55:07.349-0800][95.614s] GC(10) User=0.09s Sys=0.02s Real=0.05s
[2022-04-10T21:55:09.358-0800][97.624s] GC(11) Pause Young (Normal) (G1 Evacuation Pause)
[2022-04-10T21:55:09.359-0800][97.624s] GC(11) Using 4 workers of 4 for evacuation
[2022-04-10T21:55:09.430-0800][97.696s] GC(11)   Pre Evacuate Collection Set: 0.0ms
[2022-04-10T21:55:09.430-0800][97.696s] GC(11)   Evacuate Collection Set: 70.6ms
[2022-04-10T21:55:09.430-0800][97.696s] GC(11)   Post Evacuate Collection Set: 1.1ms
[2022-04-10T21:55:09.431-0800][97.696s] GC(11)   Other: 0.2ms
[2022-04-10T21:55:09.431-0800][97.696s] GC(11) Eden regions: 279->0(270)
[2022-04-10T21:55:09.431-0800][97.696s] GC(11) Survivor regions: 28->37(39)
[2022-04-10T21:55:09.431-0800][97.696s] GC(11) Old regions: 21->29
[2022-04-10T21:55:09.431-0800][97.696s] GC(11) Humongous regions: 10->9
[2022-04-10T21:55:09.431-0800][97.696s] GC(11) Metaspace: 58304K->58304K(1101824K)
[2022-04-10T21:55:09.431-0800][97.696s] GC(11) Pause Young (Normal) (G1 Evacuation Pause) 337M->74M(512M) 72.140ms
[2022-04-10T21:55:09.431-0800][97.696s] GC(11) User=0.09s Sys=0.03s Real=0.08s
[2022-04-10T21:55:11.096-0800][99.362s] GC(12) Pause Young (Normal) (G1 Evacuation Pause)
[2022-04-10T21:55:11.096-0800][99.362s] GC(12) Using 4 workers of 4 for evacuation
[2022-04-10T21:55:11.120-0800][99.385s] GC(12)   Pre Evacuate Collection Set: 0.0ms
[2022-04-10T21:55:11.120-0800][99.385s] GC(12)   Evacuate Collection Set: 23.0ms
[2022-04-10T21:55:11.120-0800][99.385s] GC(12)   Post Evacuate Collection Set: 0.4ms
[2022-04-10T21:55:11.120-0800][99.385s] GC(12)   Other: 0.2ms
[2022-04-10T21:55:11.120-0800][99.385s] GC(12) Eden regions: 270->0(271)
[2022-04-10T21:55:11.120-0800][99.385s] GC(12) Survivor regions: 37->36(39)
[2022-04-10T21:55:11.120-0800][99.385s] GC(12) Old regions: 29->45
[2022-04-10T21:55:11.120-0800][99.385s] GC(12) Humongous regions: 13->13
[2022-04-10T21:55:11.120-0800][99.385s] GC(12) Metaspace: 58316K->58316K(1101824K)
[2022-04-10T21:55:11.120-0800][99.385s] GC(12) Pause Young (Normal) (G1 Evacuation Pause) 348M->93M(512M) 23.671ms
[2022-04-10T21:55:11.120-0800][99.385s] GC(12) User=0.07s Sys=0.01s Real=0.03s
[2022-04-10T21:55:12.163-0800][100.429s] GC(13) Pause Young (Normal) (G1 Evacuation Pause)
[2022-04-10T21:55:12.163-0800][100.429s] GC(13) Using 4 workers of 4 for evacuation
[2022-04-10T21:55:12.188-0800][100.454s] GC(13)   Pre Evacuate Collection Set: 0.0ms
[2022-04-10T21:55:12.188-0800][100.454s] GC(13)   Evacuate Collection Set: 24.2ms
[2022-04-10T21:55:12.188-0800][100.454s] GC(13)   Post Evacuate Collection Set: 0.4ms
[2022-04-10T21:55:12.188-0800][100.454s] GC(13)   Other: 0.2ms
[2022-04-10T21:55:12.188-0800][100.454s] GC(13) Eden regions: 271->0(274)
[2022-04-10T21:55:12.188-0800][100.454s] GC(13) Survivor regions: 36->33(39)
[2022-04-10T21:55:12.188-0800][100.454s] GC(13) Old regions: 45->60
[2022-04-10T21:55:12.188-0800][100.454s] GC(13) Humongous regions: 26->24
[2022-04-10T21:55:12.188-0800][100.454s] GC(13) Metaspace: 58325K->58325K(1101824K)
[2022-04-10T21:55:12.188-0800][100.454s] GC(13) Pause Young (Normal) (G1 Evacuation Pause) 377M->116M(512M) 25.048ms
[2022-04-10T21:55:12.188-0800][100.454s] GC(13) User=0.08s Sys=0.01s Real=0.02s
[2022-04-10T21:55:14.639-0800][102.905s] GC(14) Pause Young (Normal) (G1 Evacuation Pause)
[2022-04-10T21:55:14.639-0800][102.905s] GC(14) Using 4 workers of 4 for evacuation
[2022-04-10T21:55:14.663-0800][102.929s] GC(14)   Pre Evacuate Collection Set: 0.0ms
[2022-04-10T21:55:14.663-0800][102.929s] GC(14)   Evacuate Collection Set: 23.7ms
[2022-04-10T21:55:14.663-0800][102.929s] GC(14)   Post Evacuate Collection Set: 0.3ms
[2022-04-10T21:55:14.663-0800][102.929s] GC(14)   Other: 0.1ms
[2022-04-10T21:55:14.663-0800][102.929s] GC(14) Eden regions: 274->0(284)
[2022-04-10T21:55:14.664-0800][102.929s] GC(14) Survivor regions: 33->22(39)
[2022-04-10T21:55:14.664-0800][102.929s] GC(14) Old regions: 60->74
[2022-04-10T21:55:14.664-0800][102.929s] GC(14) Humongous regions: 38->27
[2022-04-10T21:55:14.664-0800][102.929s] GC(14) Metaspace: 59472K->59472K(1103872K)
[2022-04-10T21:55:14.664-0800][102.929s] GC(14) Pause Young (Normal) (G1 Evacuation Pause) 404M->122M(512M) 24.304ms
[2022-04-10T21:55:14.664-0800][102.929s] GC(14) User=0.09s Sys=0.01s Real=0.03s
[2022-04-10T21:56:05.879-0800][154.144s] Heap
[2022-04-10T21:56:05.879-0800][154.144s]  garbage-first heap   total 524288K, used 146560K [0x00000007e0000000, 0x0000000800000000)
[2022-04-10T21:56:05.879-0800][154.144s]   region size 1024K, 44 young (45056K), 22 survivors (22528K)
[2022-04-10T21:56:05.879-0800][154.144s]  Metaspace       used 60545K, capacity 61823K, committed 61952K, reserved 1103872K
[2022-04-10T21:56:05.879-0800][154.144s]   class space    used 6892K, capacity 7414K, committed 7424K, reserved 1048576K
