[2022-04-07T01:13:38.755-0800][0.011s] Heap region size: 1M
[2022-04-07T01:13:38.989-0800][0.245s] Using G1
[2022-04-07T01:13:38.989-0800][0.245s] Heap address: 0x00000007e0000000, size: 512 MB, Compressed Oops mode: Zero based, Oop shift amount: 3
[2022-04-07T01:13:39.785-0800][1.042s] GC(0) Pause Young (Normal) (G1 Evacuation Pause)
[2022-04-07T01:13:39.786-0800][1.042s] GC(0) Using 4 workers of 4 for evacuation
[2022-04-07T01:13:39.789-0800][1.045s] GC(0)   Pre Evacuate Collection Set: 0.0ms
[2022-04-07T01:13:39.789-0800][1.045s] GC(0)   Evacuate Collection Set: 3.1ms
[2022-04-07T01:13:39.789-0800][1.045s] GC(0)   Post Evacuate Collection Set: 0.2ms
[2022-04-07T01:13:39.789-0800][1.046s] GC(0)   Other: 0.3ms
[2022-04-07T01:13:39.789-0800][1.046s] GC(0) Eden regions: 25->0(304)
[2022-04-07T01:13:39.789-0800][1.046s] GC(0) Survivor regions: 0->3(4)
[2022-04-07T01:13:39.789-0800][1.046s] GC(0) Old regions: 0->0
[2022-04-07T01:13:39.789-0800][1.046s] GC(0) Humongous regions: 0->0
[2022-04-07T01:13:39.789-0800][1.046s] GC(0) Metaspace: 12416K->12416K(1060864K)
[2022-04-07T01:13:39.789-0800][1.046s] GC(0) Pause Young (Normal) (G1 Evacuation Pause) 25M->2M(512M) 3.802ms
[2022-04-07T01:13:39.789-0800][1.046s] GC(0) User=0.01s Sys=0.00s Real=0.00s
[2022-04-07T01:13:40.365-0800][1.621s] GC(1) Pause Young (Concurrent Start) (Metadata GC Threshold)
[2022-04-07T01:13:40.365-0800][1.621s] GC(1) Using 4 workers of 4 for evacuation
[2022-04-07T01:13:40.378-0800][1.634s] GC(1)   Pre Evacuate Collection Set: 0.0ms
[2022-04-07T01:13:40.378-0800][1.634s] GC(1)   Evacuate Collection Set: 12.1ms
[2022-04-07T01:13:40.378-0800][1.634s] GC(1)   Post Evacuate Collection Set: 0.5ms
[2022-04-07T01:13:40.378-0800][1.634s] GC(1)   Other: 0.2ms
[2022-04-07T01:13:40.378-0800][1.634s] GC(1) Eden regions: 31->0(37)
[2022-04-07T01:13:40.378-0800][1.634s] GC(1) Survivor regions: 3->12(31)
[2022-04-07T01:13:40.378-0800][1.634s] GC(1) Old regions: 0->0
[2022-04-07T01:13:40.378-0800][1.634s] GC(1) Humongous regions: 4->4
[2022-04-07T01:13:40.378-0800][1.634s] GC(1) Metaspace: 20511K->20511K(1069056K)
[2022-04-07T01:13:40.378-0800][1.634s] GC(1) Pause Young (Concurrent Start) (Metadata GC Threshold) 37M->15M(512M) 12.993ms
[2022-04-07T01:13:40.378-0800][1.634s] GC(1) User=0.04s Sys=0.00s Real=0.01s
[2022-04-07T01:13:40.378-0800][1.634s] GC(2) Concurrent Cycle
[2022-04-07T01:13:40.378-0800][1.634s] GC(2) Concurrent Clear Claimed Marks
[2022-04-07T01:13:40.378-0800][1.634s] GC(2) Concurrent Clear Claimed Marks 0.036ms
[2022-04-07T01:13:40.378-0800][1.634s] GC(2) Concurrent Scan Root Regions
[2022-04-07T01:13:40.387-0800][1.643s] GC(2) Concurrent Scan Root Regions 8.652ms
[2022-04-07T01:13:40.387-0800][1.643s] GC(2) Concurrent Mark (1.643s)
[2022-04-07T01:13:40.387-0800][1.643s] GC(2) Concurrent Mark From Roots
[2022-04-07T01:13:40.387-0800][1.643s] GC(2) Using 1 workers of 1 for marking
[2022-04-07T01:13:40.389-0800][1.645s] GC(2) Concurrent Mark From Roots 1.796ms
[2022-04-07T01:13:40.389-0800][1.645s] GC(2) Concurrent Preclean
[2022-04-07T01:13:40.389-0800][1.645s] GC(2) Concurrent Preclean 0.033ms
[2022-04-07T01:13:40.389-0800][1.645s] GC(2) Concurrent Mark (1.643s, 1.645s) 1.884ms
[2022-04-07T01:13:40.389-0800][1.645s] GC(2) Pause Remark
[2022-04-07T01:13:40.392-0800][1.648s] GC(2) Cleaned string and symbol table, strings: 9506 processed, 0 removed, symbols: 67333 processed, 20 removed
[2022-04-07T01:13:40.392-0800][1.648s] GC(2) Pause Remark 16M->16M(512M) 3.037ms
[2022-04-07T01:13:40.392-0800][1.648s] GC(2) User=0.01s Sys=0.00s Real=0.01s
[2022-04-07T01:13:40.392-0800][1.648s] GC(2) Concurrent Rebuild Remembered Sets
[2022-04-07T01:13:40.395-0800][1.651s] GC(2) Concurrent Rebuild Remembered Sets 2.730ms
[2022-04-07T01:13:40.395-0800][1.651s] GC(2) Pause Cleanup
[2022-04-07T01:13:40.395-0800][1.652s] GC(2) Pause Cleanup 16M->16M(512M) 0.093ms
[2022-04-07T01:13:40.395-0800][1.652s] GC(2) User=0.00s Sys=0.00s Real=0.00s
[2022-04-07T01:13:40.395-0800][1.652s] GC(2) Concurrent Cleanup for Next Mark
[2022-04-07T01:13:40.396-0800][1.653s] GC(2) Concurrent Cleanup for Next Mark 1.283ms
[2022-04-07T01:13:40.396-0800][1.653s] GC(2) Concurrent Cycle 18.518ms
[2022-04-07T01:13:40.889-0800][2.146s] GC(3) Pause Young (Normal) (G1 Evacuation Pause)
[2022-04-07T01:13:40.889-0800][2.146s] GC(3) Using 4 workers of 4 for evacuation
[2022-04-07T01:13:40.903-0800][2.160s] GC(3)   Pre Evacuate Collection Set: 0.0ms
[2022-04-07T01:13:40.903-0800][2.160s] GC(3)   Evacuate Collection Set: 13.1ms
[2022-04-07T01:13:40.903-0800][2.160s] GC(3)   Post Evacuate Collection Set: 0.4ms
[2022-04-07T01:13:40.903-0800][2.160s] GC(3)   Other: 0.1ms
[2022-04-07T01:13:40.903-0800][2.160s] GC(3) Eden regions: 33->0(43)
[2022-04-07T01:13:40.903-0800][2.160s] GC(3) Survivor regions: 12->6(6)
[2022-04-07T01:13:40.903-0800][2.160s] GC(3) Old regions: 0->14
[2022-04-07T01:13:40.903-0800][2.160s] GC(3) Humongous regions: 4->4
[2022-04-07T01:13:40.903-0800][2.160s] GC(3) Metaspace: 24596K->24596K(1071104K)
[2022-04-07T01:13:40.903-0800][2.160s] GC(3) Pause Young (Normal) (G1 Evacuation Pause) 48M->23M(512M) 13.800ms
[2022-04-07T01:13:40.903-0800][2.160s] GC(3) User=0.05s Sys=0.00s Real=0.02s
[2022-04-07T01:13:41.360-0800][2.616s] GC(4) Pause Young (Normal) (G1 Evacuation Pause)
[2022-04-07T01:13:41.360-0800][2.616s] GC(4) Using 4 workers of 4 for evacuation
[2022-04-07T01:13:41.367-0800][2.624s] GC(4)   Pre Evacuate Collection Set: 0.0ms
[2022-04-07T01:13:41.367-0800][2.624s] GC(4)   Evacuate Collection Set: 4.3ms
[2022-04-07T01:13:41.367-0800][2.624s] GC(4)   Post Evacuate Collection Set: 2.8ms
[2022-04-07T01:13:41.367-0800][2.624s] GC(4)   Other: 0.2ms
[2022-04-07T01:13:41.367-0800][2.624s] GC(4) Eden regions: 43->0(65)
[2022-04-07T01:13:41.367-0800][2.624s] GC(4) Survivor regions: 6->2(7)
[2022-04-07T01:13:41.367-0800][2.624s] GC(4) Old regions: 14->20
[2022-04-07T01:13:41.367-0800][2.624s] GC(4) Humongous regions: 4->4
[2022-04-07T01:13:41.367-0800][2.624s] GC(4) Metaspace: 30218K->30218K(1077248K)
[2022-04-07T01:13:41.368-0800][2.624s] GC(4) Pause Young (Normal) (G1 Evacuation Pause) 66M->24M(512M) 7.536ms
[2022-04-07T01:13:41.368-0800][2.624s] GC(4) User=0.02s Sys=0.00s Real=0.00s
[2022-04-07T01:13:42.043-0800][3.300s] GC(5) Pause Young (Concurrent Start) (Metadata GC Threshold)
[2022-04-07T01:13:42.043-0800][3.300s] GC(5) Using 4 workers of 4 for evacuation
[2022-04-07T01:13:42.046-0800][3.303s] GC(5)   Pre Evacuate Collection Set: 0.1ms
[2022-04-07T01:13:42.046-0800][3.303s] GC(5)   Evacuate Collection Set: 2.7ms
[2022-04-07T01:13:42.046-0800][3.303s] GC(5)   Post Evacuate Collection Set: 0.1ms
[2022-04-07T01:13:42.046-0800][3.303s] GC(5)   Other: 0.1ms
[2022-04-07T01:13:42.046-0800][3.303s] GC(5) Eden regions: 40->0(73)
[2022-04-07T01:13:42.046-0800][3.303s] GC(5) Survivor regions: 2->3(9)
[2022-04-07T01:13:42.046-0800][3.303s] GC(5) Old regions: 20->20
[2022-04-07T01:13:42.046-0800][3.303s] GC(5) Humongous regions: 4->4
[2022-04-07T01:13:42.046-0800][3.303s] GC(5) Metaspace: 34643K->34643K(1081344K)
[2022-04-07T01:13:42.046-0800][3.303s] GC(5) Pause Young (Concurrent Start) (Metadata GC Threshold) 64M->25M(512M) 3.166ms
[2022-04-07T01:13:42.046-0800][3.303s] GC(5) User=0.01s Sys=0.00s Real=0.00s
[2022-04-07T01:13:42.046-0800][3.303s] GC(6) Concurrent Cycle
[2022-04-07T01:13:42.046-0800][3.303s] GC(6) Concurrent Clear Claimed Marks
[2022-04-07T01:13:42.046-0800][3.303s] GC(6) Concurrent Clear Claimed Marks 0.030ms
[2022-04-07T01:13:42.046-0800][3.303s] GC(6) Concurrent Scan Root Regions
[2022-04-07T01:13:42.048-0800][3.305s] GC(6) Concurrent Scan Root Regions 1.654ms
[2022-04-07T01:13:42.048-0800][3.305s] GC(6) Concurrent Mark (3.305s)
[2022-04-07T01:13:42.048-0800][3.305s] GC(6) Concurrent Mark From Roots
[2022-04-07T01:13:42.048-0800][3.305s] GC(6) Using 1 workers of 1 for marking
[2022-04-07T01:13:42.083-0800][3.340s] GC(6) Concurrent Mark From Roots 34.997ms
[2022-04-07T01:13:42.083-0800][3.340s] GC(6) Concurrent Preclean
[2022-04-07T01:13:42.083-0800][3.340s] GC(6) Concurrent Preclean 0.112ms
[2022-04-07T01:13:42.083-0800][3.340s] GC(6) Concurrent Mark (3.305s, 3.340s) 35.181ms
[2022-04-07T01:13:42.084-0800][3.340s] GC(6) Pause Remark
[2022-04-07T01:13:42.090-0800][3.347s] GC(6) Cleaned string and symbol table, strings: 15697 processed, 25 removed, symbols: 114384 processed, 40 removed
[2022-04-07T01:13:42.091-0800][3.347s] GC(6) Pause Remark 26M->26M(512M) 7.103ms
[2022-04-07T01:13:42.091-0800][3.347s] GC(6) User=0.01s Sys=0.00s Real=0.01s
[2022-04-07T01:13:42.091-0800][3.347s] GC(6) Concurrent Rebuild Remembered Sets
[2022-04-07T01:13:42.114-0800][3.371s] GC(6) Concurrent Rebuild Remembered Sets 23.451ms
[2022-04-07T01:13:42.115-0800][3.371s] GC(6) Pause Cleanup
[2022-04-07T01:13:42.115-0800][3.371s] GC(6) Pause Cleanup 28M->28M(512M) 0.070ms
[2022-04-07T01:13:42.115-0800][3.371s] GC(6) User=0.00s Sys=0.00s Real=0.00s
[2022-04-07T01:13:42.115-0800][3.371s] GC(6) Concurrent Cleanup for Next Mark
[2022-04-07T01:13:42.116-0800][3.373s] GC(6) Concurrent Cleanup for Next Mark 1.247ms
[2022-04-07T01:13:42.116-0800][3.373s] GC(6) Concurrent Cycle 69.871ms
[2022-04-07T01:13:42.926-0800][4.183s] GC(7) Pause Young (Concurrent Start) (G1 Evacuation Pause)
[2022-04-07T01:13:42.926-0800][4.183s] GC(7) Using 4 workers of 4 for evacuation
[2022-04-07T01:13:42.935-0800][4.192s] GC(7)   Pre Evacuate Collection Set: 0.1ms
[2022-04-07T01:13:42.935-0800][4.192s] GC(7)   Evacuate Collection Set: 8.7ms
[2022-04-07T01:13:42.935-0800][4.192s] GC(7)   Post Evacuate Collection Set: 0.4ms
[2022-04-07T01:13:42.935-0800][4.192s] GC(7)   Other: 0.2ms
[2022-04-07T01:13:42.935-0800][4.192s] GC(7) Eden regions: 76->0(300)
[2022-04-07T01:13:42.936-0800][4.192s] GC(7) Survivor regions: 3->7(10)
[2022-04-07T01:13:42.936-0800][4.192s] GC(7) Old regions: 20->20
[2022-04-07T01:13:42.936-0800][4.192s] GC(7) Humongous regions: 4->4
[2022-04-07T01:13:42.936-0800][4.192s] GC(7) Metaspace: 43178K->43178K(1089536K)
[2022-04-07T01:13:42.936-0800][4.192s] GC(7) Pause Young (Concurrent Start) (G1 Evacuation Pause) 101M->29M(512M) 9.477ms
[2022-04-07T01:13:42.936-0800][4.192s] GC(7) User=0.03s Sys=0.00s Real=0.01s
[2022-04-07T01:13:42.936-0800][4.192s] GC(8) Concurrent Cycle
[2022-04-07T01:13:42.936-0800][4.192s] GC(8) Concurrent Clear Claimed Marks
[2022-04-07T01:13:42.936-0800][4.192s] GC(8) Concurrent Clear Claimed Marks 0.062ms
[2022-04-07T01:13:42.936-0800][4.192s] GC(8) Concurrent Scan Root Regions
[2022-04-07T01:13:42.943-0800][4.199s] GC(8) Concurrent Scan Root Regions 7.234ms
[2022-04-07T01:13:42.943-0800][4.199s] GC(8) Concurrent Mark (4.199s)
[2022-04-07T01:13:42.943-0800][4.199s] GC(8) Concurrent Mark From Roots
[2022-04-07T01:13:42.943-0800][4.200s] GC(8) Using 1 workers of 1 for marking
[2022-04-07T01:13:42.980-0800][4.236s] GC(8) Concurrent Mark From Roots 36.547ms
[2022-04-07T01:13:42.980-0800][4.236s] GC(8) Concurrent Preclean
[2022-04-07T01:13:42.980-0800][4.236s] GC(8) Concurrent Preclean 0.091ms
[2022-04-07T01:13:42.980-0800][4.236s] GC(8) Concurrent Mark (4.199s, 4.236s) 36.718ms
[2022-04-07T01:13:42.980-0800][4.236s] GC(8) Pause Remark
[2022-04-07T01:13:42.985-0800][4.241s] GC(8) Cleaned string and symbol table, strings: 19373 processed, 1 removed, symbols: 139470 processed, 61 removed
[2022-04-07T01:13:42.985-0800][4.242s] GC(8) Pause Remark 36M->36M(512M) 5.353ms
[2022-04-07T01:13:42.985-0800][4.242s] GC(8) User=0.01s Sys=0.00s Real=0.00s
[2022-04-07T01:13:42.985-0800][4.242s] GC(8) Concurrent Rebuild Remembered Sets
[2022-04-07T01:13:43.005-0800][4.262s] GC(8) Concurrent Rebuild Remembered Sets 19.907ms
[2022-04-07T01:13:43.005-0800][4.262s] GC(8) Pause Cleanup
[2022-04-07T01:13:43.005-0800][4.262s] GC(8) Pause Cleanup 40M->40M(512M) 0.068ms
[2022-04-07T01:13:43.005-0800][4.262s] GC(8) User=0.00s Sys=0.00s Real=0.00s
[2022-04-07T01:13:43.005-0800][4.262s] GC(8) Concurrent Cleanup for Next Mark
[2022-04-07T01:13:43.006-0800][4.263s] GC(8) Concurrent Cleanup for Next Mark 0.624ms
[2022-04-07T01:13:43.006-0800][4.263s] GC(8) Concurrent Cycle 70.497ms
[2022-04-07T01:17:18.485-0800][219.739s] Heap
[2022-04-07T01:17:18.485-0800][219.739s]  garbage-first heap   total 524288K, used 313144K [0x00000007e0000000, 0x0000000800000000)
[2022-04-07T01:17:18.485-0800][219.739s]   region size 1024K, 284 young (290816K), 7 survivors (7168K)
[2022-04-07T01:17:18.485-0800][219.739s]  Metaspace       used 58276K, capacity 59551K, committed 59852K, reserved 1101824K
[2022-04-07T01:17:18.485-0800][219.739s]   class space    used 6780K, capacity 7309K, committed 7424K, reserved 1048576K
