[2022-04-07T00:59:39.749-0800][0.009s] Heap region size: 1M
[2022-04-07T00:59:39.980-0800][0.240s] Using G1
[2022-04-07T00:59:39.980-0800][0.240s] Heap address: 0x00000007e0000000, size: 512 MB, Compressed Oops mode: Zero based, Oop shift amount: 3
[2022-04-07T00:59:40.691-0800][0.951s] GC(0) Pause Young (Normal) (G1 Evacuation Pause)
[2022-04-07T00:59:40.691-0800][0.951s] GC(0) Using 4 workers of 4 for evacuation
[2022-04-07T00:59:40.694-0800][0.954s] GC(0)   Pre Evacuate Collection Set: 0.0ms
[2022-04-07T00:59:40.694-0800][0.954s] GC(0)   Evacuate Collection Set: 2.3ms
[2022-04-07T00:59:40.694-0800][0.954s] GC(0)   Post Evacuate Collection Set: 0.3ms
[2022-04-07T00:59:40.694-0800][0.954s] GC(0)   Other: 0.3ms
[2022-04-07T00:59:40.694-0800][0.954s] GC(0) Eden regions: 25->0(304)
[2022-04-07T00:59:40.694-0800][0.954s] GC(0) Survivor regions: 0->3(4)
[2022-04-07T00:59:40.694-0800][0.954s] GC(0) Old regions: 0->0
[2022-04-07T00:59:40.694-0800][0.954s] GC(0) Humongous regions: 0->0
[2022-04-07T00:59:40.694-0800][0.954s] GC(0) Metaspace: 12316K->12316K(1060864K)
[2022-04-07T00:59:40.694-0800][0.954s] GC(0) Pause Young (Normal) (G1 Evacuation Pause) 25M->2M(512M) 3.112ms
[2022-04-07T00:59:40.694-0800][0.954s] GC(0) User=0.01s Sys=0.00s Real=0.00s
[2022-04-07T00:59:41.234-0800][1.494s] GC(1) Pause Young (Concurrent Start) (Metadata GC Threshold)
[2022-04-07T00:59:41.234-0800][1.494s] GC(1) Using 4 workers of 4 for evacuation
[2022-04-07T00:59:41.247-0800][1.508s] GC(1)   Pre Evacuate Collection Set: 0.0ms
[2022-04-07T00:59:41.247-0800][1.508s] GC(1)   Evacuate Collection Set: 12.7ms
[2022-04-07T00:59:41.247-0800][1.508s] GC(1)   Post Evacuate Collection Set: 0.4ms
[2022-04-07T00:59:41.247-0800][1.508s] GC(1)   Other: 0.2ms
[2022-04-07T00:59:41.247-0800][1.508s] GC(1) Eden regions: 31->0(37)
[2022-04-07T00:59:41.247-0800][1.508s] GC(1) Survivor regions: 3->12(32)
[2022-04-07T00:59:41.247-0800][1.508s] GC(1) Old regions: 0->0
[2022-04-07T00:59:41.247-0800][1.508s] GC(1) Humongous regions: 4->4
[2022-04-07T00:59:41.247-0800][1.508s] GC(1) Metaspace: 20601K->20601K(1069056K)
[2022-04-07T00:59:41.247-0800][1.508s] GC(1) Pause Young (Concurrent Start) (Metadata GC Threshold) 37M->15M(512M) 13.448ms
[2022-04-07T00:59:41.247-0800][1.508s] GC(1) User=0.04s Sys=0.00s Real=0.01s
[2022-04-07T00:59:41.247-0800][1.508s] GC(2) Concurrent Cycle
[2022-04-07T00:59:41.247-0800][1.508s] GC(2) Concurrent Clear Claimed Marks
[2022-04-07T00:59:41.247-0800][1.508s] GC(2) Concurrent Clear Claimed Marks 0.028ms
[2022-04-07T00:59:41.247-0800][1.508s] GC(2) Concurrent Scan Root Regions
[2022-04-07T00:59:41.255-0800][1.515s] GC(2) Concurrent Scan Root Regions 7.570ms
[2022-04-07T00:59:41.255-0800][1.515s] GC(2) Concurrent Mark (1.515s)
[2022-04-07T00:59:41.255-0800][1.515s] GC(2) Concurrent Mark From Roots
[2022-04-07T00:59:41.255-0800][1.515s] GC(2) Using 1 workers of 1 for marking
[2022-04-07T00:59:41.258-0800][1.518s] GC(2) Concurrent Mark From Roots 2.982ms
[2022-04-07T00:59:41.258-0800][1.518s] GC(2) Concurrent Preclean
[2022-04-07T00:59:41.258-0800][1.519s] GC(2) Concurrent Preclean 0.034ms
[2022-04-07T00:59:41.258-0800][1.519s] GC(2) Concurrent Mark (1.515s, 1.519s) 3.089ms
[2022-04-07T00:59:41.258-0800][1.519s] GC(2) Pause Remark
[2022-04-07T00:59:41.261-0800][1.521s] GC(2) Cleaned string and symbol table, strings: 9514 processed, 0 removed, symbols: 67336 processed, 20 removed
[2022-04-07T00:59:41.261-0800][1.521s] GC(2) Pause Remark 16M->16M(512M) 2.556ms
[2022-04-07T00:59:41.261-0800][1.521s] GC(2) User=0.01s Sys=0.00s Real=0.01s
[2022-04-07T00:59:41.261-0800][1.521s] GC(2) Concurrent Rebuild Remembered Sets
[2022-04-07T00:59:41.264-0800][1.524s] GC(2) Concurrent Rebuild Remembered Sets 2.657ms
[2022-04-07T00:59:41.264-0800][1.524s] GC(2) Pause Cleanup
[2022-04-07T00:59:41.264-0800][1.524s] GC(2) Pause Cleanup 16M->16M(512M) 0.066ms
[2022-04-07T00:59:41.264-0800][1.524s] GC(2) User=0.00s Sys=0.00s Real=0.00s
[2022-04-07T00:59:41.264-0800][1.524s] GC(2) Concurrent Cleanup for Next Mark
[2022-04-07T00:59:41.265-0800][1.525s] GC(2) Concurrent Cleanup for Next Mark 1.076ms
[2022-04-07T00:59:41.265-0800][1.525s] GC(2) Concurrent Cycle 17.518ms
[2022-04-07T00:59:41.770-0800][2.031s] GC(3) Pause Young (Normal) (G1 Evacuation Pause)
[2022-04-07T00:59:41.770-0800][2.031s] GC(3) Using 4 workers of 4 for evacuation
[2022-04-07T00:59:41.784-0800][2.045s] GC(3)   Pre Evacuate Collection Set: 0.0ms
[2022-04-07T00:59:41.784-0800][2.045s] GC(3)   Evacuate Collection Set: 12.9ms
[2022-04-07T00:59:41.784-0800][2.045s] GC(3)   Post Evacuate Collection Set: 0.9ms
[2022-04-07T00:59:41.784-0800][2.045s] GC(3)   Other: 0.1ms
[2022-04-07T00:59:41.784-0800][2.045s] GC(3) Eden regions: 33->0(43)
[2022-04-07T00:59:41.784-0800][2.045s] GC(3) Survivor regions: 12->6(6)
[2022-04-07T00:59:41.784-0800][2.045s] GC(3) Old regions: 0->13
[2022-04-07T00:59:41.784-0800][2.045s] GC(3) Humongous regions: 4->4
[2022-04-07T00:59:41.784-0800][2.045s] GC(3) Metaspace: 24641K->24641K(1071104K)
[2022-04-07T00:59:41.784-0800][2.045s] GC(3) Pause Young (Normal) (G1 Evacuation Pause) 48M->22M(512M) 14.050ms
[2022-04-07T00:59:41.784-0800][2.045s] GC(3) User=0.04s Sys=0.00s Real=0.01s
[2022-04-07T00:59:42.226-0800][2.487s] GC(4) Pause Young (Normal) (G1 Evacuation Pause)
[2022-04-07T00:59:42.227-0800][2.487s] GC(4) Using 4 workers of 4 for evacuation
[2022-04-07T00:59:42.229-0800][2.490s] GC(4)   Pre Evacuate Collection Set: 0.0ms
[2022-04-07T00:59:42.229-0800][2.490s] GC(4)   Evacuate Collection Set: 2.5ms
[2022-04-07T00:59:42.229-0800][2.490s] GC(4)   Post Evacuate Collection Set: 0.3ms
[2022-04-07T00:59:42.229-0800][2.490s] GC(4)   Other: 0.1ms
[2022-04-07T00:59:42.229-0800][2.490s] GC(4) Eden regions: 43->0(66)
[2022-04-07T00:59:42.229-0800][2.490s] GC(4) Survivor regions: 6->2(7)
[2022-04-07T00:59:42.229-0800][2.490s] GC(4) Old regions: 13->19
[2022-04-07T00:59:42.229-0800][2.490s] GC(4) Humongous regions: 4->4
[2022-04-07T00:59:42.230-0800][2.490s] GC(4) Metaspace: 30270K->30270K(1077248K)
[2022-04-07T00:59:42.230-0800][2.490s] GC(4) Pause Young (Normal) (G1 Evacuation Pause) 65M->24M(512M) 3.034ms
[2022-04-07T00:59:42.230-0800][2.490s] GC(4) User=0.01s Sys=0.00s Real=0.01s
[2022-04-07T00:59:42.849-0800][3.109s] GC(5) Pause Young (Concurrent Start) (Metadata GC Threshold)
[2022-04-07T00:59:42.849-0800][3.109s] GC(5) Using 4 workers of 4 for evacuation
[2022-04-07T00:59:42.853-0800][3.113s] GC(5)   Pre Evacuate Collection Set: 0.1ms
[2022-04-07T00:59:42.853-0800][3.113s] GC(5)   Evacuate Collection Set: 3.3ms
[2022-04-07T00:59:42.853-0800][3.113s] GC(5)   Post Evacuate Collection Set: 0.2ms
[2022-04-07T00:59:42.853-0800][3.113s] GC(5)   Other: 0.2ms
[2022-04-07T00:59:42.853-0800][3.113s] GC(5) Eden regions: 39->0(73)
[2022-04-07T00:59:42.853-0800][3.113s] GC(5) Survivor regions: 2->2(9)
[2022-04-07T00:59:42.853-0800][3.113s] GC(5) Old regions: 19->19
[2022-04-07T00:59:42.853-0800][3.113s] GC(5) Humongous regions: 4->4
[2022-04-07T00:59:42.853-0800][3.113s] GC(5) Metaspace: 34636K->34636K(1081344K)
[2022-04-07T00:59:42.853-0800][3.113s] GC(5) Pause Young (Concurrent Start) (Metadata GC Threshold) 63M->24M(512M) 3.820ms
[2022-04-07T00:59:42.853-0800][3.113s] GC(5) User=0.02s Sys=0.00s Real=0.01s
[2022-04-07T00:59:42.853-0800][3.113s] GC(6) Concurrent Cycle
[2022-04-07T00:59:42.853-0800][3.113s] GC(6) Concurrent Clear Claimed Marks
[2022-04-07T00:59:42.853-0800][3.113s] GC(6) Concurrent Clear Claimed Marks 0.033ms
[2022-04-07T00:59:42.853-0800][3.113s] GC(6) Concurrent Scan Root Regions
[2022-04-07T00:59:42.855-0800][3.116s] GC(6) Concurrent Scan Root Regions 2.465ms
[2022-04-07T00:59:42.855-0800][3.116s] GC(6) Concurrent Mark (3.116s)
[2022-04-07T00:59:42.855-0800][3.116s] GC(6) Concurrent Mark From Roots
[2022-04-07T00:59:42.855-0800][3.116s] GC(6) Using 1 workers of 1 for marking
[2022-04-07T00:59:42.887-0800][3.147s] GC(6) Concurrent Mark From Roots 31.454ms
[2022-04-07T00:59:42.887-0800][3.147s] GC(6) Concurrent Preclean
[2022-04-07T00:59:42.887-0800][3.147s] GC(6) Concurrent Preclean 0.083ms
[2022-04-07T00:59:42.887-0800][3.147s] GC(6) Concurrent Mark (3.116s, 3.147s) 31.604ms
[2022-04-07T00:59:42.887-0800][3.147s] GC(6) Pause Remark
[2022-04-07T00:59:42.891-0800][3.151s] GC(6) Cleaned string and symbol table, strings: 15690 processed, 25 removed, symbols: 114958 processed, 42 removed
[2022-04-07T00:59:42.891-0800][3.151s] GC(6) Pause Remark 26M->26M(512M) 3.585ms
[2022-04-07T00:59:42.891-0800][3.151s] GC(6) User=0.01s Sys=0.00s Real=0.01s
[2022-04-07T00:59:42.891-0800][3.151s] GC(6) Concurrent Rebuild Remembered Sets
[2022-04-07T00:59:42.909-0800][3.169s] GC(6) Concurrent Rebuild Remembered Sets 18.202ms
[2022-04-07T00:59:42.909-0800][3.169s] GC(6) Pause Cleanup
[2022-04-07T00:59:42.909-0800][3.169s] GC(6) Pause Cleanup 28M->28M(512M) 0.074ms
[2022-04-07T00:59:42.909-0800][3.169s] GC(6) User=0.00s Sys=0.00s Real=0.00s
[2022-04-07T00:59:42.909-0800][3.170s] GC(6) Concurrent Cleanup for Next Mark
[2022-04-07T00:59:42.910-0800][3.171s] GC(6) Concurrent Cleanup for Next Mark 1.026ms
[2022-04-07T00:59:42.910-0800][3.171s] GC(6) Concurrent Cycle 57.397ms
[2022-04-07T00:59:43.616-0800][3.876s] GC(7) Pause Young (Concurrent Start) (G1 Evacuation Pause)
[2022-04-07T00:59:43.616-0800][3.876s] GC(7) Using 4 workers of 4 for evacuation
[2022-04-07T00:59:43.625-0800][3.885s] GC(7)   Pre Evacuate Collection Set: 0.1ms
[2022-04-07T00:59:43.625-0800][3.885s] GC(7)   Evacuate Collection Set: 8.4ms
[2022-04-07T00:59:43.625-0800][3.885s] GC(7)   Post Evacuate Collection Set: 0.8ms
[2022-04-07T00:59:43.625-0800][3.885s] GC(7)   Other: 0.1ms
[2022-04-07T00:59:43.625-0800][3.885s] GC(7) Eden regions: 75->0(108)
[2022-04-07T00:59:43.625-0800][3.885s] GC(7) Survivor regions: 2->7(10)
[2022-04-07T00:59:43.625-0800][3.885s] GC(7) Old regions: 19->19
[2022-04-07T00:59:43.625-0800][3.885s] GC(7) Humongous regions: 4->4
[2022-04-07T00:59:43.625-0800][3.885s] GC(7) Metaspace: 43024K->43024K(1087488K)
[2022-04-07T00:59:43.625-0800][3.885s] GC(7) Pause Young (Concurrent Start) (G1 Evacuation Pause) 99M->29M(512M) 9.449ms
[2022-04-07T00:59:43.625-0800][3.885s] GC(7) User=0.03s Sys=0.00s Real=0.01s
[2022-04-07T00:59:43.625-0800][3.885s] GC(8) Concurrent Cycle
[2022-04-07T00:59:43.625-0800][3.885s] GC(8) Concurrent Clear Claimed Marks
[2022-04-07T00:59:43.625-0800][3.885s] GC(8) Concurrent Clear Claimed Marks 0.041ms
[2022-04-07T00:59:43.625-0800][3.885s] GC(8) Concurrent Scan Root Regions
[2022-04-07T00:59:43.631-0800][3.892s] GC(8) Concurrent Scan Root Regions 6.369ms
[2022-04-07T00:59:43.632-0800][3.892s] GC(8) Concurrent Mark (3.892s)
[2022-04-07T00:59:43.632-0800][3.892s] GC(8) Concurrent Mark From Roots
[2022-04-07T00:59:43.632-0800][3.892s] GC(8) Using 1 workers of 1 for marking
[2022-04-07T00:59:43.661-0800][3.922s] GC(8) Concurrent Mark From Roots 29.976ms
[2022-04-07T00:59:43.662-0800][3.922s] GC(8) Concurrent Preclean
[2022-04-07T00:59:43.662-0800][3.922s] GC(8) Concurrent Preclean 0.078ms
[2022-04-07T00:59:43.662-0800][3.922s] GC(8) Concurrent Mark (3.892s, 3.922s) 30.129ms
[2022-04-07T00:59:43.662-0800][3.922s] GC(8) Pause Remark
[2022-04-07T00:59:43.666-0800][3.926s] GC(8) Cleaned string and symbol table, strings: 19081 processed, 1 removed, symbols: 138373 processed, 56 removed
[2022-04-07T00:59:43.666-0800][3.927s] GC(8) Pause Remark 34M->34M(512M) 4.495ms
[2022-04-07T00:59:43.666-0800][3.927s] GC(8) User=0.02s Sys=0.00s Real=0.00s
[2022-04-07T00:59:43.666-0800][3.927s] GC(8) Concurrent Rebuild Remembered Sets
[2022-04-07T00:59:43.685-0800][3.946s] GC(8) Concurrent Rebuild Remembered Sets 19.106ms
[2022-04-07T00:59:43.686-0800][3.946s] GC(8) Pause Cleanup
[2022-04-07T00:59:43.686-0800][3.946s] GC(8) Pause Cleanup 37M->37M(512M) 0.087ms
[2022-04-07T00:59:43.686-0800][3.946s] GC(8) User=0.00s Sys=0.00s Real=0.00s
[2022-04-07T00:59:43.686-0800][3.946s] GC(8) Concurrent Cleanup for Next Mark
[2022-04-07T00:59:43.686-0800][3.947s] GC(8) Concurrent Cleanup for Next Mark 0.644ms
[2022-04-07T00:59:43.686-0800][3.947s] GC(8) Concurrent Cycle 61.380ms
[2022-04-07T00:59:44.290-0800][4.550s] GC(9) Pause Young (Normal) (G1 Evacuation Pause)
[2022-04-07T00:59:44.290-0800][4.551s] GC(9) Using 4 workers of 4 for evacuation
[2022-04-07T00:59:44.300-0800][4.560s] GC(9)   Pre Evacuate Collection Set: 0.0ms
[2022-04-07T00:59:44.300-0800][4.560s] GC(9)   Evacuate Collection Set: 9.0ms
[2022-04-07T00:59:44.300-0800][4.560s] GC(9)   Post Evacuate Collection Set: 0.3ms
[2022-04-07T00:59:44.300-0800][4.560s] GC(9)   Other: 0.1ms
[2022-04-07T00:59:44.300-0800][4.560s] GC(9) Eden regions: 111->0(161)
[2022-04-07T00:59:44.300-0800][4.560s] GC(9) Survivor regions: 7->12(15)
[2022-04-07T00:59:44.300-0800][4.560s] GC(9) Old regions: 19->19
[2022-04-07T00:59:44.300-0800][4.560s] GC(9) Humongous regions: 5->4
[2022-04-07T00:59:44.300-0800][4.560s] GC(9) Metaspace: 48550K->48550K(1093632K)
[2022-04-07T00:59:44.300-0800][4.560s] GC(9) Pause Young (Normal) (G1 Evacuation Pause) 141M->34M(512M) 9.535ms
[2022-04-07T00:59:44.300-0800][4.560s] GC(9) User=0.03s Sys=0.00s Real=0.01s
[2022-04-07T00:59:44.969-0800][5.229s] GC(10) Pause Young (Normal) (G1 Evacuation Pause)
[2022-04-07T00:59:44.969-0800][5.230s] GC(10) Using 4 workers of 4 for evacuation
[2022-04-07T00:59:44.988-0800][5.248s] GC(10)   Pre Evacuate Collection Set: 0.0ms
[2022-04-07T00:59:44.988-0800][5.248s] GC(10)   Evacuate Collection Set: 17.6ms
[2022-04-07T00:59:44.988-0800][5.248s] GC(10)   Post Evacuate Collection Set: 1.1ms
[2022-04-07T00:59:44.988-0800][5.248s] GC(10)   Other: 0.2ms
[2022-04-07T00:59:44.988-0800][5.248s] GC(10) Eden regions: 161->0(285)
[2022-04-07T00:59:44.988-0800][5.248s] GC(10) Survivor regions: 12->22(22)
[2022-04-07T00:59:44.988-0800][5.248s] GC(10) Old regions: 19->20
[2022-04-07T00:59:44.988-0800][5.248s] GC(10) Humongous regions: 4->4
[2022-04-07T00:59:44.988-0800][5.248s] GC(10) Metaspace: 53101K->53101K(1097728K)
[2022-04-07T00:59:44.988-0800][5.248s] GC(10) Pause Young (Normal) (G1 Evacuation Pause) 195M->45M(512M) 18.974ms
[2022-04-07T00:59:44.988-0800][5.248s] GC(10) User=0.06s Sys=0.00s Real=0.02s
[2022-04-07T00:59:49.758-0800][10.019s] GC(11) Pause Young (Normal) (G1 Evacuation Pause)
[2022-04-07T00:59:49.758-0800][10.019s] GC(11) Using 4 workers of 4 for evacuation
[2022-04-07T00:59:49.787-0800][10.047s] GC(11)   Pre Evacuate Collection Set: 0.0ms
[2022-04-07T00:59:49.787-0800][10.047s] GC(11)   Evacuate Collection Set: 27.5ms
[2022-04-07T00:59:49.787-0800][10.047s] GC(11)   Post Evacuate Collection Set: 0.6ms
[2022-04-07T00:59:49.787-0800][10.047s] GC(11)   Other: 0.2ms
[2022-04-07T00:59:49.787-0800][10.047s] GC(11) Eden regions: 285->0(273)
[2022-04-07T00:59:49.787-0800][10.047s] GC(11) Survivor regions: 22->34(39)
[2022-04-07T00:59:49.787-0800][10.047s] GC(11) Old regions: 20->26
[2022-04-07T00:59:49.787-0800][10.047s] GC(11) Humongous regions: 8->8
[2022-04-07T00:59:49.787-0800][10.047s] GC(11) Metaspace: 58852K->58852K(1101824K)
[2022-04-07T00:59:49.787-0800][10.047s] GC(11) Pause Young (Normal) (G1 Evacuation Pause) 334M->67M(512M) 28.368ms
[2022-04-07T00:59:49.787-0800][10.047s] GC(11) User=0.09s Sys=0.00s Real=0.03s
[2022-04-07T00:59:51.281-0800][11.541s] GC(12) Pause Young (Normal) (G1 Evacuation Pause)
[2022-04-07T00:59:51.281-0800][11.541s] GC(12) Using 4 workers of 4 for evacuation
[2022-04-07T00:59:51.307-0800][11.567s] GC(12)   Pre Evacuate Collection Set: 0.0ms
[2022-04-07T00:59:51.307-0800][11.567s] GC(12)   Evacuate Collection Set: 25.3ms
[2022-04-07T00:59:51.307-0800][11.567s] GC(12)   Post Evacuate Collection Set: 0.5ms
[2022-04-07T00:59:51.307-0800][11.567s] GC(12)   Other: 0.1ms
[2022-04-07T00:59:51.307-0800][11.567s] GC(12) Eden regions: 273->0(270)
[2022-04-07T00:59:51.307-0800][11.567s] GC(12) Survivor regions: 34->37(39)
[2022-04-07T00:59:51.307-0800][11.567s] GC(12) Old regions: 26->42
[2022-04-07T00:59:51.307-0800][11.567s] GC(12) Humongous regions: 8->8
[2022-04-07T00:59:51.307-0800][11.567s] GC(12) Metaspace: 58881K->58881K(1101824K)
[2022-04-07T00:59:51.307-0800][11.567s] GC(12) Pause Young (Normal) (G1 Evacuation Pause) 340M->86M(512M) 26.125ms
[2022-04-07T00:59:51.307-0800][11.567s] GC(12) User=0.07s Sys=0.00s Real=0.02s
[2022-04-07T00:59:52.643-0800][12.904s] GC(13) Pause Young (Normal) (G1 Evacuation Pause)
[2022-04-07T00:59:52.643-0800][12.904s] GC(13) Using 4 workers of 4 for evacuation
[2022-04-07T00:59:52.662-0800][12.922s] GC(13)   Pre Evacuate Collection Set: 0.0ms
[2022-04-07T00:59:52.662-0800][12.922s] GC(13)   Evacuate Collection Set: 17.7ms
[2022-04-07T00:59:52.662-0800][12.922s] GC(13)   Post Evacuate Collection Set: 0.7ms
[2022-04-07T00:59:52.662-0800][12.922s] GC(13)   Other: 0.2ms
[2022-04-07T00:59:52.662-0800][12.922s] GC(13) Eden regions: 270->0(284)
[2022-04-07T00:59:52.662-0800][12.922s] GC(13) Survivor regions: 37->23(39)
[2022-04-07T00:59:52.662-0800][12.922s] GC(13) Old regions: 42->72
[2022-04-07T00:59:52.662-0800][12.922s] GC(13) Humongous regions: 15->14
[2022-04-07T00:59:52.662-0800][12.922s] GC(13) Metaspace: 58893K->58893K(1101824K)
[2022-04-07T00:59:52.662-0800][12.922s] GC(13) Pause Young (Normal) (G1 Evacuation Pause) 363M->109M(512M) 18.799ms
[2022-04-07T00:59:52.662-0800][12.922s] GC(13) User=0.07s Sys=0.00s Real=0.02s
[2022-04-07T00:59:54.034-0800][14.295s] GC(14) Pause Young (Normal) (G1 Evacuation Pause)
[2022-04-07T00:59:54.034-0800][14.295s] GC(14) Using 4 workers of 4 for evacuation
[2022-04-07T00:59:54.053-0800][14.313s] GC(14)   Pre Evacuate Collection Set: 0.0ms
[2022-04-07T00:59:54.053-0800][14.313s] GC(14)   Evacuate Collection Set: 17.7ms
[2022-04-07T00:59:54.053-0800][14.313s] GC(14)   Post Evacuate Collection Set: 0.4ms
[2022-04-07T00:59:54.053-0800][14.313s] GC(14)   Other: 0.2ms
[2022-04-07T00:59:54.053-0800][14.313s] GC(14) Eden regions: 262->0(272)
[2022-04-07T00:59:54.053-0800][14.313s] GC(14) Survivor regions: 23->23(36)
[2022-04-07T00:59:54.053-0800][14.313s] GC(14) Old regions: 72->87
[2022-04-07T00:59:54.053-0800][14.313s] GC(14) Humongous regions: 17->17
[2022-04-07T00:59:54.053-0800][14.313s] GC(14) Metaspace: 58893K->58893K(1101824K)
[2022-04-07T00:59:54.053-0800][14.313s] GC(14) Pause Young (Normal) (G1 Evacuation Pause) 374M->127M(512M) 18.408ms
[2022-04-07T00:59:54.053-0800][14.313s] GC(14) User=0.06s Sys=0.00s Real=0.02s
[2022-04-07T00:59:56.559-0800][16.819s] GC(15) Pause Young (Normal) (G1 Evacuation Pause)
[2022-04-07T00:59:56.559-0800][16.819s] GC(15) Using 4 workers of 4 for evacuation
[2022-04-07T00:59:56.576-0800][16.836s] GC(15)   Pre Evacuate Collection Set: 0.0ms
[2022-04-07T00:59:56.576-0800][16.836s] GC(15)   Evacuate Collection Set: 16.0ms
[2022-04-07T00:59:56.576-0800][16.836s] GC(15)   Post Evacuate Collection Set: 0.4ms
[2022-04-07T00:59:56.576-0800][16.836s] GC(15)   Other: 0.2ms
[2022-04-07T00:59:56.576-0800][16.836s] GC(15) Eden regions: 272->0(259)
[2022-04-07T00:59:56.576-0800][16.836s] GC(15) Survivor regions: 23->19(37)
[2022-04-07T00:59:56.576-0800][16.836s] GC(15) Old regions: 87->101
[2022-04-07T00:59:56.576-0800][16.836s] GC(15) Humongous regions: 31->27
[2022-04-07T00:59:56.576-0800][16.836s] GC(15) Metaspace: 60016K->60016K(1103872K)
[2022-04-07T00:59:56.576-0800][16.836s] GC(15) Pause Young (Normal) (G1 Evacuation Pause) 413M->146M(512M) 16.753ms
[2022-04-07T00:59:56.576-0800][16.836s] GC(15) User=0.05s Sys=0.00s Real=0.02s
[2022-04-07T01:13:33.693-0800][833.942s] GC(16) Pause Young (Normal) (G1 Evacuation Pause)
[2022-04-07T01:13:33.694-0800][833.944s] GC(16) Using 4 workers of 4 for evacuation
[2022-04-07T01:13:33.763-0800][834.012s] GC(16)   Pre Evacuate Collection Set: 0.3ms
[2022-04-07T01:13:33.763-0800][834.012s] GC(16)   Evacuate Collection Set: 66.5ms
[2022-04-07T01:13:33.763-0800][834.012s] GC(16)   Post Evacuate Collection Set: 1.4ms
[2022-04-07T01:13:33.763-0800][834.012s] GC(16)   Other: 1.7ms
[2022-04-07T01:13:33.763-0800][834.012s] GC(16) Eden regions: 259->0(265)
[2022-04-07T01:13:33.763-0800][834.012s] GC(16) Survivor regions: 19->18(35)
[2022-04-07T01:13:33.763-0800][834.012s] GC(16) Old regions: 101->101
[2022-04-07T01:13:33.763-0800][834.012s] GC(16) Humongous regions: 27->27
[2022-04-07T01:13:33.763-0800][834.012s] GC(16) Metaspace: 62624K->62624K(1105920K)
[2022-04-07T01:13:33.763-0800][834.012s] GC(16) Pause Young (Normal) (G1 Evacuation Pause) 405M->146M(512M) 70.113ms
[2022-04-07T01:13:33.763-0800][834.012s] GC(16) User=0.08s Sys=0.11s Real=0.07s
[2022-04-07T01:13:33.876-0800][834.126s] Heap
[2022-04-07T01:13:33.877-0800][834.126s]  garbage-first heap   total 524288K, used 157696K [0x00000007e0000000, 0x0000000800000000)
[2022-04-07T01:13:33.877-0800][834.126s]   region size 1024K, 27 young (27648K), 18 survivors (18432K)
[2022-04-07T01:13:33.877-0800][834.126s]  Metaspace       used 62749K, capacity 64274K, committed 64588K, reserved 1105920K
[2022-04-07T01:13:33.877-0800][834.126s]   class space    used 7129K, capacity 7744K, committed 7808K, reserved 1048576K
