[2022-04-07T01:17:24.617-0800][0.010s] Heap region size: 1M
[2022-04-07T01:17:24.948-0800][0.340s] Using G1
[2022-04-07T01:17:24.948-0800][0.340s] Heap address: 0x00000007e0000000, size: 512 MB, Compressed Oops mode: Zero based, Oop shift amount: 3
[2022-04-07T01:17:25.811-0800][1.204s] GC(0) Pause Young (Normal) (G1 Evacuation Pause)
[2022-04-07T01:17:25.812-0800][1.204s] GC(0) Using 4 workers of 4 for evacuation
[2022-04-07T01:17:25.815-0800][1.208s] GC(0)   Pre Evacuate Collection Set: 0.0ms
[2022-04-07T01:17:25.815-0800][1.208s] GC(0)   Evacuate Collection Set: 2.8ms
[2022-04-07T01:17:25.815-0800][1.208s] GC(0)   Post Evacuate Collection Set: 0.9ms
[2022-04-07T01:17:25.815-0800][1.208s] GC(0)   Other: 0.3ms
[2022-04-07T01:17:25.815-0800][1.208s] GC(0) Eden regions: 25->0(304)
[2022-04-07T01:17:25.815-0800][1.208s] GC(0) Survivor regions: 0->3(4)
[2022-04-07T01:17:25.815-0800][1.208s] GC(0) Old regions: 0->0
[2022-04-07T01:17:25.815-0800][1.208s] GC(0) Humongous regions: 0->0
[2022-04-07T01:17:25.816-0800][1.208s] GC(0) Metaspace: 12426K->12426K(1060864K)
[2022-04-07T01:17:25.816-0800][1.208s] GC(0) Pause Young (Normal) (G1 Evacuation Pause) 25M->2M(512M) 4.159ms
[2022-04-07T01:17:25.816-0800][1.208s] GC(0) User=0.01s Sys=0.00s Real=0.00s
[2022-04-07T01:17:26.335-0800][1.728s] GC(1) Pause Young (Concurrent Start) (Metadata GC Threshold)
[2022-04-07T01:17:26.335-0800][1.728s] GC(1) Using 4 workers of 4 for evacuation
[2022-04-07T01:17:26.357-0800][1.749s] GC(1)   Pre Evacuate Collection Set: 0.1ms
[2022-04-07T01:17:26.357-0800][1.749s] GC(1)   Evacuate Collection Set: 20.4ms
[2022-04-07T01:17:26.357-0800][1.749s] GC(1)   Post Evacuate Collection Set: 0.9ms
[2022-04-07T01:17:26.357-0800][1.749s] GC(1)   Other: 0.2ms
[2022-04-07T01:17:26.357-0800][1.749s] GC(1) Eden regions: 30->0(36)
[2022-04-07T01:17:26.357-0800][1.749s] GC(1) Survivor regions: 3->12(31)
[2022-04-07T01:17:26.357-0800][1.749s] GC(1) Old regions: 0->0
[2022-04-07T01:17:26.357-0800][1.749s] GC(1) Humongous regions: 4->4
[2022-04-07T01:17:26.357-0800][1.749s] GC(1) Metaspace: 20561K->20561K(1069056K)
[2022-04-07T01:17:26.357-0800][1.749s] GC(1) Pause Young (Concurrent Start) (Metadata GC Threshold) 36M->15M(512M) 21.729ms
[2022-04-07T01:17:26.357-0800][1.749s] GC(1) User=0.04s Sys=0.00s Real=0.02s
[2022-04-07T01:17:26.357-0800][1.749s] GC(2) Concurrent Cycle
[2022-04-07T01:17:26.357-0800][1.749s] GC(2) Concurrent Clear Claimed Marks
[2022-04-07T01:17:26.357-0800][1.749s] GC(2) Concurrent Clear Claimed Marks 0.033ms
[2022-04-07T01:17:26.357-0800][1.749s] GC(2) Concurrent Scan Root Regions
[2022-04-07T01:17:26.367-0800][1.760s] GC(2) Concurrent Scan Root Regions 10.116ms
[2022-04-07T01:17:26.367-0800][1.760s] GC(2) Concurrent Mark (1.760s)
[2022-04-07T01:17:26.367-0800][1.760s] GC(2) Concurrent Mark From Roots
[2022-04-07T01:17:26.367-0800][1.760s] GC(2) Using 1 workers of 1 for marking
[2022-04-07T01:17:26.370-0800][1.763s] GC(2) Concurrent Mark From Roots 3.282ms
[2022-04-07T01:17:26.370-0800][1.763s] GC(2) Concurrent Preclean
[2022-04-07T01:17:26.370-0800][1.763s] GC(2) Concurrent Preclean 0.041ms
[2022-04-07T01:17:26.371-0800][1.763s] GC(2) Concurrent Mark (1.760s, 1.763s) 3.392ms
[2022-04-07T01:17:26.371-0800][1.763s] GC(2) Pause Remark
[2022-04-07T01:17:26.374-0800][1.767s] GC(2) Cleaned string and symbol table, strings: 9525 processed, 0 removed, symbols: 67349 processed, 20 removed
[2022-04-07T01:17:26.374-0800][1.767s] GC(2) Pause Remark 16M->16M(512M) 3.626ms
[2022-04-07T01:17:26.374-0800][1.767s] GC(2) User=0.01s Sys=0.00s Real=0.00s
[2022-04-07T01:17:26.374-0800][1.767s] GC(2) Concurrent Rebuild Remembered Sets
[2022-04-07T01:17:26.377-0800][1.770s] GC(2) Concurrent Rebuild Remembered Sets 2.962ms
[2022-04-07T01:17:26.377-0800][1.770s] GC(2) Pause Cleanup
[2022-04-07T01:17:26.378-0800][1.770s] GC(2) Pause Cleanup 16M->16M(512M) 0.099ms
[2022-04-07T01:17:26.378-0800][1.770s] GC(2) User=0.00s Sys=0.00s Real=0.00s
[2022-04-07T01:17:26.378-0800][1.770s] GC(2) Concurrent Cleanup for Next Mark
[2022-04-07T01:17:26.379-0800][1.771s] GC(2) Concurrent Cleanup for Next Mark 1.058ms
[2022-04-07T01:17:26.379-0800][1.771s] GC(2) Concurrent Cycle 21.778ms
[2022-04-07T01:17:26.818-0800][2.211s] GC(3) Pause Young (Normal) (G1 Evacuation Pause)
[2022-04-07T01:17:26.818-0800][2.211s] GC(3) Using 4 workers of 4 for evacuation
[2022-04-07T01:17:26.832-0800][2.224s] GC(3)   Pre Evacuate Collection Set: 0.0ms
[2022-04-07T01:17:26.832-0800][2.224s] GC(3)   Evacuate Collection Set: 13.1ms
[2022-04-07T01:17:26.832-0800][2.224s] GC(3)   Post Evacuate Collection Set: 0.4ms
[2022-04-07T01:17:26.832-0800][2.224s] GC(3)   Other: 0.1ms
[2022-04-07T01:17:26.832-0800][2.224s] GC(3) Eden regions: 32->0(42)
[2022-04-07T01:17:26.832-0800][2.224s] GC(3) Survivor regions: 12->6(6)
[2022-04-07T01:17:26.832-0800][2.224s] GC(3) Old regions: 0->14
[2022-04-07T01:17:26.832-0800][2.224s] GC(3) Humongous regions: 4->4
[2022-04-07T01:17:26.832-0800][2.224s] GC(3) Metaspace: 24637K->24637K(1071104K)
[2022-04-07T01:17:26.832-0800][2.224s] GC(3) Pause Young (Normal) (G1 Evacuation Pause) 47M->23M(512M) 13.688ms
[2022-04-07T01:17:26.832-0800][2.224s] GC(3) User=0.05s Sys=0.00s Real=0.02s
[2022-04-07T01:17:27.253-0800][2.646s] GC(4) Pause Young (Normal) (G1 Evacuation Pause)
[2022-04-07T01:17:27.253-0800][2.646s] GC(4) Using 4 workers of 4 for evacuation
[2022-04-07T01:17:27.257-0800][2.649s] GC(4)   Pre Evacuate Collection Set: 0.0ms
[2022-04-07T01:17:27.257-0800][2.650s] GC(4)   Evacuate Collection Set: 2.5ms
[2022-04-07T01:17:27.257-0800][2.650s] GC(4)   Post Evacuate Collection Set: 1.1ms
[2022-04-07T01:17:27.257-0800][2.650s] GC(4)   Other: 0.1ms
[2022-04-07T01:17:27.257-0800][2.650s] GC(4) Eden regions: 42->0(64)
[2022-04-07T01:17:27.257-0800][2.650s] GC(4) Survivor regions: 6->2(6)
[2022-04-07T01:17:27.257-0800][2.650s] GC(4) Old regions: 14->19
[2022-04-07T01:17:27.257-0800][2.650s] GC(4) Humongous regions: 4->4
[2022-04-07T01:17:27.257-0800][2.650s] GC(4) Metaspace: 29912K->29912K(1077248K)
[2022-04-07T01:17:27.257-0800][2.650s] GC(4) Pause Young (Normal) (G1 Evacuation Pause) 65M->24M(512M) 3.879ms
[2022-04-07T01:17:27.257-0800][2.650s] GC(4) User=0.02s Sys=0.00s Real=0.00s
[2022-04-07T01:17:27.917-0800][3.310s] GC(5) Pause Young (Concurrent Start) (Metadata GC Threshold)
[2022-04-07T01:17:27.917-0800][3.310s] GC(5) Using 4 workers of 4 for evacuation
[2022-04-07T01:17:27.921-0800][3.314s] GC(5)   Pre Evacuate Collection Set: 0.1ms
[2022-04-07T01:17:27.921-0800][3.314s] GC(5)   Evacuate Collection Set: 3.6ms
[2022-04-07T01:17:27.921-0800][3.314s] GC(5)   Post Evacuate Collection Set: 0.2ms
[2022-04-07T01:17:27.921-0800][3.314s] GC(5)   Other: 0.1ms
[2022-04-07T01:17:27.921-0800][3.314s] GC(5) Eden regions: 46->0(118)
[2022-04-07T01:17:27.921-0800][3.314s] GC(5) Survivor regions: 2->3(9)
[2022-04-07T01:17:27.921-0800][3.314s] GC(5) Old regions: 19->19
[2022-04-07T01:17:27.921-0800][3.314s] GC(5) Humongous regions: 4->4
[2022-04-07T01:17:27.921-0800][3.314s] GC(5) Metaspace: 34673K->34673K(1081344K)
[2022-04-07T01:17:27.921-0800][3.314s] GC(5) Pause Young (Concurrent Start) (Metadata GC Threshold) 70M->25M(512M) 4.065ms
[2022-04-07T01:17:27.921-0800][3.314s] GC(5) User=0.01s Sys=0.00s Real=0.01s
[2022-04-07T01:17:27.921-0800][3.314s] GC(6) Concurrent Cycle
[2022-04-07T01:17:27.921-0800][3.314s] GC(6) Concurrent Clear Claimed Marks
[2022-04-07T01:17:27.921-0800][3.314s] GC(6) Concurrent Clear Claimed Marks 0.036ms
[2022-04-07T01:17:27.921-0800][3.314s] GC(6) Concurrent Scan Root Regions
[2022-04-07T01:17:27.923-0800][3.316s] GC(6) Concurrent Scan Root Regions 1.927ms
[2022-04-07T01:17:27.923-0800][3.316s] GC(6) Concurrent Mark (3.316s)
[2022-04-07T01:17:27.923-0800][3.316s] GC(6) Concurrent Mark From Roots
[2022-04-07T01:17:27.923-0800][3.316s] GC(6) Using 1 workers of 1 for marking
[2022-04-07T01:17:27.953-0800][3.346s] GC(6) Concurrent Mark From Roots 29.894ms
[2022-04-07T01:17:27.954-0800][3.346s] GC(6) Concurrent Preclean
[2022-04-07T01:17:27.954-0800][3.346s] GC(6) Concurrent Preclean 0.056ms
[2022-04-07T01:17:27.954-0800][3.347s] GC(6) Concurrent Mark (3.316s, 3.347s) 30.675ms
[2022-04-07T01:17:27.954-0800][3.347s] GC(6) Pause Remark
[2022-04-07T01:17:27.957-0800][3.350s] GC(6) Cleaned string and symbol table, strings: 15730 processed, 25 removed, symbols: 115025 processed, 40 removed
[2022-04-07T01:17:27.958-0800][3.350s] GC(6) Pause Remark 27M->27M(512M) 3.212ms
[2022-04-07T01:17:27.958-0800][3.350s] GC(6) User=0.01s Sys=0.00s Real=0.00s
[2022-04-07T01:17:27.958-0800][3.350s] GC(6) Concurrent Rebuild Remembered Sets
[2022-04-07T01:17:27.976-0800][3.369s] GC(6) Concurrent Rebuild Remembered Sets 18.752ms
[2022-04-07T01:17:27.977-0800][3.369s] GC(6) Pause Cleanup
[2022-04-07T01:17:27.977-0800][3.369s] GC(6) Pause Cleanup 28M->28M(512M) 0.070ms
[2022-04-07T01:17:27.977-0800][3.369s] GC(6) User=0.00s Sys=0.00s Real=0.00s
[2022-04-07T01:17:27.977-0800][3.369s] GC(6) Concurrent Cleanup for Next Mark
[2022-04-07T01:17:27.978-0800][3.370s] GC(6) Concurrent Cleanup for Next Mark 1.154ms
[2022-04-07T01:17:27.978-0800][3.370s] GC(6) Concurrent Cycle 56.444ms
[2022-04-07T01:17:29.446-0800][4.839s] GC(7) Pause Young (Concurrent Start) (G1 Evacuation Pause)
[2022-04-07T01:17:29.446-0800][4.839s] GC(7) Using 4 workers of 4 for evacuation
[2022-04-07T01:17:29.456-0800][4.848s] GC(7)   Pre Evacuate Collection Set: 0.1ms
[2022-04-07T01:17:29.456-0800][4.848s] GC(7)   Evacuate Collection Set: 9.0ms
[2022-04-07T01:17:29.456-0800][4.848s] GC(7)   Post Evacuate Collection Set: 0.4ms
[2022-04-07T01:17:29.456-0800][4.848s] GC(7)   Other: 0.2ms
[2022-04-07T01:17:29.456-0800][4.848s] GC(7) Eden regions: 124->0(190)
[2022-04-07T01:17:29.456-0800][4.848s] GC(7) Survivor regions: 3->10(16)
[2022-04-07T01:17:29.456-0800][4.848s] GC(7) Old regions: 19->19
[2022-04-07T01:17:29.456-0800][4.848s] GC(7) Humongous regions: 5->4
[2022-04-07T01:17:29.456-0800][4.849s] GC(7) Metaspace: 46413K->46413K(1091584K)
[2022-04-07T01:17:29.456-0800][4.849s] GC(7) Pause Young (Concurrent Start) (G1 Evacuation Pause) 150M->32M(512M) 9.670ms
[2022-04-07T01:17:29.456-0800][4.849s] GC(7) User=0.03s Sys=0.00s Real=0.01s
[2022-04-07T01:17:29.456-0800][4.849s] GC(8) Concurrent Cycle
[2022-04-07T01:17:29.456-0800][4.849s] GC(8) Concurrent Clear Claimed Marks
[2022-04-07T01:17:29.456-0800][4.849s] GC(8) Concurrent Clear Claimed Marks 0.057ms
[2022-04-07T01:17:29.456-0800][4.849s] GC(8) Concurrent Scan Root Regions
[2022-04-07T01:17:29.464-0800][4.856s] GC(8) Concurrent Scan Root Regions 7.439ms
[2022-04-07T01:17:29.464-0800][4.856s] GC(8) Concurrent Mark (4.856s)
[2022-04-07T01:17:29.464-0800][4.856s] GC(8) Concurrent Mark From Roots
[2022-04-07T01:17:29.464-0800][4.856s] GC(8) Using 1 workers of 1 for marking
[2022-04-07T01:17:29.496-0800][4.888s] GC(8) Concurrent Mark From Roots 32.193ms
[2022-04-07T01:17:29.496-0800][4.888s] GC(8) Concurrent Preclean
[2022-04-07T01:17:29.496-0800][4.888s] GC(8) Concurrent Preclean 0.049ms
[2022-04-07T01:17:29.496-0800][4.888s] GC(8) Concurrent Mark (4.856s, 4.888s) 32.293ms
[2022-04-07T01:17:29.496-0800][4.889s] GC(8) Pause Remark
[2022-04-07T01:17:29.500-0800][4.893s] GC(8) Cleaned string and symbol table, strings: 22310 processed, 1 removed, symbols: 148195 processed, 97 removed
[2022-04-07T01:17:29.501-0800][4.893s] GC(8) Pause Remark 38M->38M(512M) 4.502ms
[2022-04-07T01:17:29.501-0800][4.893s] GC(8) User=0.01s Sys=0.00s Real=0.01s
[2022-04-07T01:17:29.501-0800][4.893s] GC(8) Concurrent Rebuild Remembered Sets
[2022-04-07T01:17:29.521-0800][4.913s] GC(8) Concurrent Rebuild Remembered Sets 20.045ms
[2022-04-07T01:17:29.521-0800][4.913s] GC(8) Pause Cleanup
[2022-04-07T01:17:29.521-0800][4.913s] GC(8) Pause Cleanup 42M->42M(512M) 0.067ms
[2022-04-07T01:17:29.521-0800][4.913s] GC(8) User=0.00s Sys=0.00s Real=0.00s
[2022-04-07T01:17:29.521-0800][4.913s] GC(8) Concurrent Cleanup for Next Mark
[2022-04-07T01:17:29.522-0800][4.914s] GC(8) Concurrent Cleanup for Next Mark 0.724ms
[2022-04-07T01:17:29.522-0800][4.914s] GC(8) Concurrent Cycle 65.599ms
[2022-04-07T01:17:30.657-0800][6.050s] GC(9) Pause Young (Normal) (G1 Evacuation Pause)
[2022-04-07T01:17:30.657-0800][6.050s] GC(9) Using 4 workers of 4 for evacuation
[2022-04-07T01:17:30.674-0800][6.066s] GC(9)   Pre Evacuate Collection Set: 0.0ms
[2022-04-07T01:17:30.674-0800][6.066s] GC(9)   Evacuate Collection Set: 15.3ms
[2022-04-07T01:17:30.674-0800][6.066s] GC(9)   Post Evacuate Collection Set: 1.0ms
[2022-04-07T01:17:30.674-0800][6.066s] GC(9)   Other: 0.2ms
[2022-04-07T01:17:30.674-0800][6.066s] GC(9) Eden regions: 197->0(237)
[2022-04-07T01:17:30.674-0800][6.066s] GC(9) Survivor regions: 10->20(26)
[2022-04-07T01:17:30.674-0800][6.066s] GC(9) Old regions: 19->19
[2022-04-07T01:17:30.674-0800][6.066s] GC(9) Humongous regions: 4->4
[2022-04-07T01:17:30.674-0800][6.066s] GC(9) Metaspace: 55446K->55446K(1099776K)
[2022-04-07T01:17:30.674-0800][6.066s] GC(9) Pause Young (Normal) (G1 Evacuation Pause) 229M->42M(512M) 16.638ms
[2022-04-07T01:17:30.674-0800][6.066s] GC(9) User=0.05s Sys=0.00s Real=0.02s
[2022-04-07T01:17:41.528-0800][16.921s] GC(10) Pause Young (Normal) (G1 Evacuation Pause)
[2022-04-07T01:17:41.530-0800][16.922s] GC(10) Using 4 workers of 4 for evacuation
[2022-04-07T01:17:41.550-0800][16.942s] GC(10)   Pre Evacuate Collection Set: 0.0ms
[2022-04-07T01:17:41.550-0800][16.942s] GC(10)   Evacuate Collection Set: 19.6ms
[2022-04-07T01:17:41.550-0800][16.942s] GC(10)   Post Evacuate Collection Set: 0.5ms
[2022-04-07T01:17:41.550-0800][16.942s] GC(10)   Other: 1.6ms
[2022-04-07T01:17:41.550-0800][16.942s] GC(10) Eden regions: 237->0(274)
[2022-04-07T01:17:41.550-0800][16.942s] GC(10) Survivor regions: 20->27(33)
[2022-04-07T01:17:41.550-0800][16.942s] GC(10) Old regions: 19->28
[2022-04-07T01:17:41.550-0800][16.942s] GC(10) Humongous regions: 8->8
[2022-04-07T01:17:41.550-0800][16.942s] GC(10) Metaspace: 58791K->58791K(1101824K)
[2022-04-07T01:17:41.550-0800][16.942s] GC(10) Pause Young (Normal) (G1 Evacuation Pause) 283M->61M(512M) 21.802ms
[2022-04-07T01:17:41.550-0800][16.942s] GC(10) User=0.07s Sys=0.00s Real=0.03s
[2022-04-07T01:17:43.407-0800][18.799s] GC(11) Pause Young (Normal) (G1 Evacuation Pause)
[2022-04-07T01:17:43.407-0800][18.799s] GC(11) Using 4 workers of 4 for evacuation
[2022-04-07T01:17:43.427-0800][18.819s] GC(11)   Pre Evacuate Collection Set: 0.0ms
[2022-04-07T01:17:43.427-0800][18.819s] GC(11)   Evacuate Collection Set: 19.3ms
[2022-04-07T01:17:43.427-0800][18.819s] GC(11)   Post Evacuate Collection Set: 0.3ms
[2022-04-07T01:17:43.427-0800][18.819s] GC(11)   Other: 0.2ms
[2022-04-07T01:17:43.427-0800][18.819s] GC(11) Eden regions: 274->0(273)
[2022-04-07T01:17:43.427-0800][18.819s] GC(11) Survivor regions: 27->34(38)
[2022-04-07T01:17:43.427-0800][18.819s] GC(11) Old regions: 28->39
[2022-04-07T01:17:43.427-0800][18.819s] GC(11) Humongous regions: 11->10
[2022-04-07T01:17:43.427-0800][18.819s] GC(11) Metaspace: 58831K->58831K(1101824K)
[2022-04-07T01:17:43.427-0800][18.819s] GC(11) Pause Young (Normal) (G1 Evacuation Pause) 338M->82M(512M) 19.998ms
[2022-04-07T01:17:43.427-0800][18.819s] GC(11) User=0.07s Sys=0.00s Real=0.02s
[2022-04-07T01:17:44.962-0800][20.355s] GC(12) Pause Young (Normal) (G1 Evacuation Pause)
[2022-04-07T01:17:44.962-0800][20.355s] GC(12) Using 4 workers of 4 for evacuation
[2022-04-07T01:17:44.982-0800][20.374s] GC(12)   Pre Evacuate Collection Set: 0.0ms
[2022-04-07T01:17:44.982-0800][20.375s] GC(12)   Evacuate Collection Set: 19.4ms
[2022-04-07T01:17:44.982-0800][20.375s] GC(12)   Post Evacuate Collection Set: 0.4ms
[2022-04-07T01:17:44.982-0800][20.375s] GC(12)   Other: 0.2ms
[2022-04-07T01:17:44.982-0800][20.375s] GC(12) Eden regions: 273->0(283)
[2022-04-07T01:17:44.982-0800][20.375s] GC(12) Survivor regions: 34->24(39)
[2022-04-07T01:17:44.982-0800][20.375s] GC(12) Old regions: 39->65
[2022-04-07T01:17:44.982-0800][20.375s] GC(12) Humongous regions: 16->15
[2022-04-07T01:17:44.982-0800][20.375s] GC(12) Metaspace: 58846K->58846K(1101824K)
[2022-04-07T01:17:44.982-0800][20.375s] GC(12) Pause Young (Normal) (G1 Evacuation Pause) 361M->102M(512M) 20.080ms
[2022-04-07T01:17:44.982-0800][20.375s] GC(12) User=0.06s Sys=0.00s Real=0.02s
[2022-04-07T01:17:46.275-0800][21.667s] GC(13) Pause Young (Normal) (G1 Evacuation Pause)
[2022-04-07T01:17:46.275-0800][21.667s] GC(13) Using 4 workers of 4 for evacuation
[2022-04-07T01:17:46.293-0800][21.685s] GC(13)   Pre Evacuate Collection Set: 0.0ms
[2022-04-07T01:17:46.293-0800][21.685s] GC(13)   Evacuate Collection Set: 17.7ms
[2022-04-07T01:17:46.293-0800][21.685s] GC(13)   Post Evacuate Collection Set: 0.4ms
[2022-04-07T01:17:46.293-0800][21.685s] GC(13)   Other: 0.3ms
[2022-04-07T01:17:46.293-0800][21.685s] GC(13) Eden regions: 227->0(274)
[2022-04-07T01:17:46.293-0800][21.685s] GC(13) Survivor regions: 24->23(32)
[2022-04-07T01:17:46.293-0800][21.685s] GC(13) Old regions: 65->79
[2022-04-07T01:17:46.293-0800][21.685s] GC(13) Humongous regions: 18->18
[2022-04-07T01:17:46.293-0800][21.685s] GC(13) Metaspace: 58846K->58846K(1101824K)
[2022-04-07T01:17:46.293-0800][21.685s] GC(13) Pause Young (Normal) (G1 Evacuation Pause) 332M->119M(512M) 18.496ms
[2022-04-07T01:17:46.293-0800][21.685s] GC(13) User=0.05s Sys=0.00s Real=0.02s
[2022-04-07T01:17:49.019-0800][24.411s] GC(14) Pause Young (Normal) (G1 Evacuation Pause)
[2022-04-07T01:17:49.020-0800][24.412s] GC(14) Using 4 workers of 4 for evacuation
[2022-04-07T01:17:49.036-0800][24.428s] GC(14)   Pre Evacuate Collection Set: 0.0ms
[2022-04-07T01:17:49.036-0800][24.428s] GC(14)   Evacuate Collection Set: 14.9ms
[2022-04-07T01:17:49.036-0800][24.428s] GC(14)   Post Evacuate Collection Set: 0.5ms
[2022-04-07T01:17:49.036-0800][24.428s] GC(14)   Other: 1.6ms
[2022-04-07T01:17:49.036-0800][24.428s] GC(14) Eden regions: 274->0(259)
[2022-04-07T01:17:49.036-0800][24.428s] GC(14) Survivor regions: 23->19(38)
[2022-04-07T01:17:49.036-0800][24.428s] GC(14) Old regions: 79->90
[2022-04-07T01:17:49.036-0800][24.428s] GC(14) Humongous regions: 49->36
[2022-04-07T01:17:49.036-0800][24.428s] GC(14) Metaspace: 59909K->59909K(1103872K)
[2022-04-07T01:17:49.036-0800][24.428s] GC(14) Pause Young (Normal) (G1 Evacuation Pause) 424M->144M(512M) 17.117ms
[2022-04-07T01:17:49.036-0800][24.428s] GC(14) User=0.06s Sys=0.00s Real=0.02s
[2022-04-07T01:17:50.128-0800][25.520s] GC(15) Pause Young (Normal) (G1 Evacuation Pause)
[2022-04-07T01:17:50.128-0800][25.520s] GC(15) Using 4 workers of 4 for evacuation
[2022-04-07T01:17:50.138-0800][25.530s] GC(15)   Pre Evacuate Collection Set: 0.0ms
[2022-04-07T01:17:50.138-0800][25.530s] GC(15)   Evacuate Collection Set: 9.6ms
[2022-04-07T01:17:50.138-0800][25.530s] GC(15)   Post Evacuate Collection Set: 0.3ms
[2022-04-07T01:17:50.138-0800][25.530s] GC(15)   Other: 0.2ms
[2022-04-07T01:17:50.138-0800][25.530s] GC(15) Eden regions: 259->0(267)
[2022-04-07T01:17:50.138-0800][25.530s] GC(15) Survivor regions: 19->20(35)
[2022-04-07T01:17:50.138-0800][25.530s] GC(15) Old regions: 90->90
[2022-04-07T01:17:50.138-0800][25.530s] GC(15) Humongous regions: 36->36
[2022-04-07T01:17:50.138-0800][25.530s] GC(15) Metaspace: 60005K->60005K(1103872K)
[2022-04-07T01:17:50.138-0800][25.530s] GC(15) Pause Young (Normal) (G1 Evacuation Pause) 403M->145M(512M) 10.174ms
[2022-04-07T01:17:50.138-0800][25.530s] GC(15) User=0.02s Sys=0.00s Real=0.01s
[2022-04-07T01:22:28.210-0800][303.598s] Heap
[2022-04-07T01:22:28.210-0800][303.599s]  garbage-first heap   total 524288K, used 235648K [0x00000007e0000000, 0x0000000800000000)
[2022-04-07T01:22:28.210-0800][303.599s]   region size 1024K, 106 young (108544K), 20 survivors (20480K)
[2022-04-07T01:22:28.210-0800][303.599s]  Metaspace       used 62512K, capacity 63943K, committed 64204K, reserved 1105920K
[2022-04-07T01:22:28.210-0800][303.599s]   class space    used 7111K, capacity 7671K, committed 7680K, reserved 1048576K
