[2022-04-07T01:22:32.880-0800][0.010s] Heap region size: 1M
[2022-04-07T01:22:33.106-0800][0.236s] Using G1
[2022-04-07T01:22:33.106-0800][0.236s] Heap address: 0x00000007e0000000, size: 512 MB, Compressed Oops mode: Zero based, Oop shift amount: 3
[2022-04-07T01:22:33.829-0800][0.958s] GC(0) Pause Young (Normal) (G1 Evacuation Pause)
[2022-04-07T01:22:33.829-0800][0.958s] GC(0) Using 4 workers of 4 for evacuation
[2022-04-07T01:22:33.832-0800][0.961s] GC(0)   Pre Evacuate Collection Set: 0.0ms
[2022-04-07T01:22:33.832-0800][0.961s] GC(0)   Evacuate Collection Set: 2.5ms
[2022-04-07T01:22:33.832-0800][0.961s] GC(0)   Post Evacuate Collection Set: 0.4ms
[2022-04-07T01:22:33.832-0800][0.961s] GC(0)   Other: 0.3ms
[2022-04-07T01:22:33.832-0800][0.961s] GC(0) Eden regions: 25->0(304)
[2022-04-07T01:22:33.832-0800][0.961s] GC(0) Survivor regions: 0->3(4)
[2022-04-07T01:22:33.832-0800][0.961s] GC(0) Old regions: 0->0
[2022-04-07T01:22:33.832-0800][0.961s] GC(0) Humongous regions: 0->0
[2022-04-07T01:22:33.832-0800][0.961s] GC(0) Metaspace: 12302K->12302K(1060864K)
[2022-04-07T01:22:33.832-0800][0.961s] GC(0) Pause Young (Normal) (G1 Evacuation Pause) 25M->2M(512M) 3.321ms
[2022-04-07T01:22:33.832-0800][0.961s] GC(0) User=0.01s Sys=0.00s Real=0.01s
[2022-04-07T01:22:34.415-0800][1.545s] GC(1) Pause Young (Concurrent Start) (Metadata GC Threshold)
[2022-04-07T01:22:34.415-0800][1.545s] GC(1) Using 4 workers of 4 for evacuation
[2022-04-07T01:22:34.430-0800][1.559s] GC(1)   Pre Evacuate Collection Set: 0.0ms
[2022-04-07T01:22:34.430-0800][1.559s] GC(1)   Evacuate Collection Set: 13.6ms
[2022-04-07T01:22:34.430-0800][1.559s] GC(1)   Post Evacuate Collection Set: 0.4ms
[2022-04-07T01:22:34.430-0800][1.559s] GC(1)   Other: 0.2ms
[2022-04-07T01:22:34.430-0800][1.559s] GC(1) Eden regions: 31->0(37)
[2022-04-07T01:22:34.430-0800][1.559s] GC(1) Survivor regions: 3->12(31)
[2022-04-07T01:22:34.430-0800][1.559s] GC(1) Old regions: 0->0
[2022-04-07T01:22:34.430-0800][1.559s] GC(1) Humongous regions: 4->4
[2022-04-07T01:22:34.430-0800][1.559s] GC(1) Metaspace: 20506K->20506K(1069056K)
[2022-04-07T01:22:34.430-0800][1.559s] GC(1) Pause Young (Concurrent Start) (Metadata GC Threshold) 37M->15M(512M) 14.415ms
[2022-04-07T01:22:34.430-0800][1.559s] GC(1) User=0.05s Sys=0.00s Real=0.02s
[2022-04-07T01:22:34.430-0800][1.559s] GC(2) Concurrent Cycle
[2022-04-07T01:22:34.430-0800][1.559s] GC(2) Concurrent Clear Claimed Marks
[2022-04-07T01:22:34.430-0800][1.559s] GC(2) Concurrent Clear Claimed Marks 0.033ms
[2022-04-07T01:22:34.430-0800][1.559s] GC(2) Concurrent Scan Root Regions
[2022-04-07T01:22:34.440-0800][1.570s] GC(2) Concurrent Scan Root Regions 10.490ms
[2022-04-07T01:22:34.440-0800][1.570s] GC(2) Concurrent Mark (1.570s)
[2022-04-07T01:22:34.440-0800][1.570s] GC(2) Concurrent Mark From Roots
[2022-04-07T01:22:34.440-0800][1.570s] GC(2) Using 1 workers of 1 for marking
[2022-04-07T01:22:34.444-0800][1.574s] GC(2) Concurrent Mark From Roots 3.546ms
[2022-04-07T01:22:34.444-0800][1.574s] GC(2) Concurrent Preclean
[2022-04-07T01:22:34.444-0800][1.574s] GC(2) Concurrent Preclean 0.037ms
[2022-04-07T01:22:34.444-0800][1.574s] GC(2) Concurrent Mark (1.570s, 1.574s) 3.670ms
[2022-04-07T01:22:34.444-0800][1.574s] GC(2) Pause Remark
[2022-04-07T01:22:34.446-0800][1.576s] GC(2) Cleaned string and symbol table, strings: 9514 processed, 0 removed, symbols: 67351 processed, 20 removed
[2022-04-07T01:22:34.446-0800][1.576s] GC(2) Pause Remark 16M->16M(512M) 1.957ms
[2022-04-07T01:22:34.446-0800][1.576s] GC(2) User=0.00s Sys=0.00s Real=0.00s
[2022-04-07T01:22:34.446-0800][1.576s] GC(2) Concurrent Rebuild Remembered Sets
[2022-04-07T01:22:34.448-0800][1.578s] GC(2) Concurrent Rebuild Remembered Sets 1.937ms
[2022-04-07T01:22:34.448-0800][1.578s] GC(2) Pause Cleanup
[2022-04-07T01:22:34.448-0800][1.578s] GC(2) Pause Cleanup 16M->16M(512M) 0.075ms
[2022-04-07T01:22:34.448-0800][1.578s] GC(2) User=0.00s Sys=0.00s Real=0.00s
[2022-04-07T01:22:34.448-0800][1.578s] GC(2) Concurrent Cleanup for Next Mark
[2022-04-07T01:22:34.449-0800][1.579s] GC(2) Concurrent Cleanup for Next Mark 1.050ms
[2022-04-07T01:22:34.450-0800][1.579s] GC(2) Concurrent Cycle 19.730ms
[2022-04-07T01:22:34.931-0800][2.061s] GC(3) Pause Young (Normal) (G1 Evacuation Pause)
[2022-04-07T01:22:34.931-0800][2.061s] GC(3) Using 4 workers of 4 for evacuation
[2022-04-07T01:22:34.945-0800][2.074s] GC(3)   Pre Evacuate Collection Set: 0.0ms
[2022-04-07T01:22:34.945-0800][2.074s] GC(3)   Evacuate Collection Set: 12.8ms
[2022-04-07T01:22:34.945-0800][2.074s] GC(3)   Post Evacuate Collection Set: 0.4ms
[2022-04-07T01:22:34.945-0800][2.074s] GC(3)   Other: 0.1ms
[2022-04-07T01:22:34.945-0800][2.074s] GC(3) Eden regions: 33->0(44)
[2022-04-07T01:22:34.945-0800][2.074s] GC(3) Survivor regions: 12->6(6)
[2022-04-07T01:22:34.945-0800][2.074s] GC(3) Old regions: 0->14
[2022-04-07T01:22:34.945-0800][2.074s] GC(3) Humongous regions: 4->4
[2022-04-07T01:22:34.945-0800][2.074s] GC(3) Metaspace: 24583K->24583K(1071104K)
[2022-04-07T01:22:34.945-0800][2.074s] GC(3) Pause Young (Normal) (G1 Evacuation Pause) 48M->23M(512M) 13.478ms
[2022-04-07T01:22:34.945-0800][2.074s] GC(3) User=0.05s Sys=0.00s Real=0.01s
[2022-04-07T01:22:35.421-0800][2.551s] GC(4) Pause Young (Normal) (G1 Evacuation Pause)
[2022-04-07T01:22:35.421-0800][2.551s] GC(4) Using 4 workers of 4 for evacuation
[2022-04-07T01:22:35.425-0800][2.555s] GC(4)   Pre Evacuate Collection Set: 0.0ms
[2022-04-07T01:22:35.425-0800][2.555s] GC(4)   Evacuate Collection Set: 3.4ms
[2022-04-07T01:22:35.425-0800][2.555s] GC(4)   Post Evacuate Collection Set: 0.3ms
[2022-04-07T01:22:35.425-0800][2.555s] GC(4)   Other: 0.1ms
[2022-04-07T01:22:35.425-0800][2.555s] GC(4) Eden regions: 44->0(67)
[2022-04-07T01:22:35.425-0800][2.555s] GC(4) Survivor regions: 6->2(7)
[2022-04-07T01:22:35.425-0800][2.555s] GC(4) Old regions: 14->19
[2022-04-07T01:22:35.425-0800][2.555s] GC(4) Humongous regions: 4->4
[2022-04-07T01:22:35.425-0800][2.555s] GC(4) Metaspace: 30424K->30424K(1077248K)
[2022-04-07T01:22:35.425-0800][2.555s] GC(4) Pause Young (Normal) (G1 Evacuation Pause) 67M->24M(512M) 3.929ms
[2022-04-07T01:22:35.425-0800][2.555s] GC(4) User=0.01s Sys=0.00s Real=0.00s
[2022-04-07T01:22:36.070-0800][3.199s] GC(5) Pause Young (Concurrent Start) (Metadata GC Threshold)
[2022-04-07T01:22:36.070-0800][3.199s] GC(5) Using 4 workers of 4 for evacuation
[2022-04-07T01:22:36.074-0800][3.203s] GC(5)   Pre Evacuate Collection Set: 0.1ms
[2022-04-07T01:22:36.074-0800][3.203s] GC(5)   Evacuate Collection Set: 3.7ms
[2022-04-07T01:22:36.074-0800][3.203s] GC(5)   Post Evacuate Collection Set: 0.2ms
[2022-04-07T01:22:36.074-0800][3.203s] GC(5)   Other: 0.2ms
[2022-04-07T01:22:36.074-0800][3.203s] GC(5) Eden regions: 44->0(74)
[2022-04-07T01:22:36.074-0800][3.203s] GC(5) Survivor regions: 2->2(9)
[2022-04-07T01:22:36.074-0800][3.203s] GC(5) Old regions: 19->19
[2022-04-07T01:22:36.074-0800][3.203s] GC(5) Humongous regions: 4->4
[2022-04-07T01:22:36.074-0800][3.203s] GC(5) Metaspace: 34654K->34654K(1081344K)
[2022-04-07T01:22:36.074-0800][3.203s] GC(5) Pause Young (Concurrent Start) (Metadata GC Threshold) 68M->25M(512M) 4.163ms
[2022-04-07T01:22:36.074-0800][3.203s] GC(5) User=0.01s Sys=0.00s Real=0.00s
[2022-04-07T01:22:36.074-0800][3.203s] GC(6) Concurrent Cycle
[2022-04-07T01:22:36.074-0800][3.203s] GC(6) Concurrent Clear Claimed Marks
[2022-04-07T01:22:36.074-0800][3.204s] GC(6) Concurrent Clear Claimed Marks 0.036ms
[2022-04-07T01:22:36.074-0800][3.204s] GC(6) Concurrent Scan Root Regions
[2022-04-07T01:22:36.076-0800][3.206s] GC(6) Concurrent Scan Root Regions 2.463ms
[2022-04-07T01:22:36.077-0800][3.206s] GC(6) Concurrent Mark (3.206s)
[2022-04-07T01:22:36.077-0800][3.206s] GC(6) Concurrent Mark From Roots
[2022-04-07T01:22:36.077-0800][3.206s] GC(6) Using 1 workers of 1 for marking
[2022-04-07T01:22:36.107-0800][3.237s] GC(6) Concurrent Mark From Roots 30.828ms
[2022-04-07T01:22:36.107-0800][3.237s] GC(6) Concurrent Preclean
[2022-04-07T01:22:36.107-0800][3.237s] GC(6) Concurrent Preclean 0.075ms
[2022-04-07T01:22:36.107-0800][3.237s] GC(6) Concurrent Mark (3.206s, 3.237s) 30.974ms
[2022-04-07T01:22:36.108-0800][3.237s] GC(6) Pause Remark
[2022-04-07T01:22:36.111-0800][3.240s] GC(6) Cleaned string and symbol table, strings: 15688 processed, 25 removed, symbols: 114955 processed, 41 removed
[2022-04-07T01:22:36.111-0800][3.240s] GC(6) Pause Remark 27M->27M(512M) 3.150ms
[2022-04-07T01:22:36.111-0800][3.240s] GC(6) User=0.01s Sys=0.00s Real=0.01s
[2022-04-07T01:22:36.111-0800][3.240s] GC(6) Concurrent Rebuild Remembered Sets
[2022-04-07T01:22:36.130-0800][3.259s] GC(6) Concurrent Rebuild Remembered Sets 18.802ms
[2022-04-07T01:22:36.130-0800][3.259s] GC(6) Pause Cleanup
[2022-04-07T01:22:36.130-0800][3.259s] GC(6) Pause Cleanup 28M->28M(512M) 0.070ms
[2022-04-07T01:22:36.130-0800][3.259s] GC(6) User=0.00s Sys=0.00s Real=0.00s
[2022-04-07T01:22:36.130-0800][3.259s] GC(6) Concurrent Cleanup for Next Mark
[2022-04-07T01:22:36.131-0800][3.261s] GC(6) Concurrent Cleanup for Next Mark 1.153ms
[2022-04-07T01:22:36.131-0800][3.261s] GC(6) Concurrent Cycle 57.185ms
[2022-04-07T01:22:36.869-0800][3.998s] GC(7) Pause Young (Concurrent Start) (G1 Evacuation Pause)
[2022-04-07T01:22:36.869-0800][3.998s] GC(7) Using 4 workers of 4 for evacuation
[2022-04-07T01:22:36.877-0800][4.006s] GC(7)   Pre Evacuate Collection Set: 0.1ms
[2022-04-07T01:22:36.877-0800][4.006s] GC(7)   Evacuate Collection Set: 7.4ms
[2022-04-07T01:22:36.877-0800][4.006s] GC(7)   Post Evacuate Collection Set: 0.3ms
[2022-04-07T01:22:36.877-0800][4.006s] GC(7)   Other: 0.1ms
[2022-04-07T01:22:36.877-0800][4.006s] GC(7) Eden regions: 77->0(110)
[2022-04-07T01:22:36.877-0800][4.006s] GC(7) Survivor regions: 2->7(10)
[2022-04-07T01:22:36.877-0800][4.006s] GC(7) Old regions: 19->19
[2022-04-07T01:22:36.877-0800][4.006s] GC(7) Humongous regions: 4->4
[2022-04-07T01:22:36.877-0800][4.006s] GC(7) Metaspace: 43266K->43266K(1089536K)
[2022-04-07T01:22:36.877-0800][4.006s] GC(7) Pause Young (Concurrent Start) (G1 Evacuation Pause) 102M->29M(512M) 8.003ms
[2022-04-07T01:22:36.877-0800][4.006s] GC(7) User=0.03s Sys=0.00s Real=0.01s
[2022-04-07T01:22:36.877-0800][4.006s] GC(8) Concurrent Cycle
[2022-04-07T01:22:36.877-0800][4.007s] GC(8) Concurrent Clear Claimed Marks
[2022-04-07T01:22:36.877-0800][4.007s] GC(8) Concurrent Clear Claimed Marks 0.054ms
[2022-04-07T01:22:36.877-0800][4.007s] GC(8) Concurrent Scan Root Regions
[2022-04-07T01:22:36.884-0800][4.014s] GC(8) Concurrent Scan Root Regions 7.303ms
[2022-04-07T01:22:36.884-0800][4.014s] GC(8) Concurrent Mark (4.014s)
[2022-04-07T01:22:36.884-0800][4.014s] GC(8) Concurrent Mark From Roots
[2022-04-07T01:22:36.884-0800][4.014s] GC(8) Using 1 workers of 1 for marking
[2022-04-07T01:22:36.915-0800][4.044s] GC(8) Concurrent Mark From Roots 30.130ms
[2022-04-07T01:22:36.915-0800][4.044s] GC(8) Concurrent Preclean
[2022-04-07T01:22:36.915-0800][4.044s] GC(8) Concurrent Preclean 0.064ms
[2022-04-07T01:22:36.915-0800][4.044s] GC(8) Concurrent Mark (4.014s, 4.044s) 30.254ms
[2022-04-07T01:22:36.915-0800][4.044s] GC(8) Pause Remark
[2022-04-07T01:22:36.920-0800][4.049s] GC(8) Cleaned string and symbol table, strings: 19294 processed, 1 removed, symbols: 139259 processed, 60 removed
[2022-04-07T01:22:36.920-0800][4.049s] GC(8) Pause Remark 34M->34M(512M) 5.180ms
[2022-04-07T01:22:36.920-0800][4.049s] GC(8) User=0.02s Sys=0.00s Real=0.01s
[2022-04-07T01:22:36.920-0800][4.050s] GC(8) Concurrent Rebuild Remembered Sets
[2022-04-07T01:22:36.944-0800][4.074s] GC(8) Concurrent Rebuild Remembered Sets 23.964ms
[2022-04-07T01:22:36.944-0800][4.074s] GC(8) Pause Cleanup
[2022-04-07T01:22:36.944-0800][4.074s] GC(8) Pause Cleanup 38M->38M(512M) 0.093ms
[2022-04-07T01:22:36.944-0800][4.074s] GC(8) User=0.00s Sys=0.00s Real=0.00s
[2022-04-07T01:22:36.944-0800][4.074s] GC(8) Concurrent Cleanup for Next Mark
[2022-04-07T01:22:36.945-0800][4.075s] GC(8) Concurrent Cleanup for Next Mark 0.702ms
[2022-04-07T01:22:36.945-0800][4.075s] GC(8) Concurrent Cycle 68.049ms
[2022-04-07T01:22:37.739-0800][4.868s] GC(9) Pause Young (Normal) (G1 Evacuation Pause)
[2022-04-07T01:22:37.739-0800][4.868s] GC(9) Using 4 workers of 4 for evacuation
[2022-04-07T01:22:37.748-0800][4.877s] GC(9)   Pre Evacuate Collection Set: 0.0ms
[2022-04-07T01:22:37.748-0800][4.878s] GC(9)   Evacuate Collection Set: 8.9ms
[2022-04-07T01:22:37.748-0800][4.878s] GC(9)   Post Evacuate Collection Set: 0.3ms
[2022-04-07T01:22:37.748-0800][4.878s] GC(9)   Other: 0.1ms
[2022-04-07T01:22:37.748-0800][4.878s] GC(9) Eden regions: 113->0(206)
[2022-04-07T01:22:37.748-0800][4.878s] GC(9) Survivor regions: 7->11(15)
[2022-04-07T01:22:37.748-0800][4.878s] GC(9) Old regions: 19->19
[2022-04-07T01:22:37.748-0800][4.878s] GC(9) Humongous regions: 5->4
[2022-04-07T01:22:37.748-0800][4.878s] GC(9) Metaspace: 49363K->49363K(1093632K)
[2022-04-07T01:22:37.748-0800][4.878s] GC(9) Pause Young (Normal) (G1 Evacuation Pause) 143M->33M(512M) 9.442ms
[2022-04-07T01:22:37.748-0800][4.878s] GC(9) User=0.03s Sys=0.00s Real=0.01s
[2022-04-07T01:22:49.801-0800][16.931s] GC(10) Pause Young (Normal) (G1 Evacuation Pause)
[2022-04-07T01:22:49.802-0800][16.931s] GC(10) Using 4 workers of 4 for evacuation
[2022-04-07T01:22:49.819-0800][16.949s] GC(10)   Pre Evacuate Collection Set: 0.0ms
[2022-04-07T01:22:49.819-0800][16.949s] GC(10)   Evacuate Collection Set: 16.3ms
[2022-04-07T01:22:49.819-0800][16.949s] GC(10)   Post Evacuate Collection Set: 1.2ms
[2022-04-07T01:22:49.819-0800][16.949s] GC(10)   Other: 0.5ms
[2022-04-07T01:22:49.819-0800][16.949s] GC(10) Eden regions: 206->0(282)
[2022-04-07T01:22:49.819-0800][16.949s] GC(10) Survivor regions: 11->25(28)
[2022-04-07T01:22:49.819-0800][16.949s] GC(10) Old regions: 19->19
[2022-04-07T01:22:49.819-0800][16.949s] GC(10) Humongous regions: 7->7
[2022-04-07T01:22:49.819-0800][16.949s] GC(10) Metaspace: 58721K->58721K(1101824K)
[2022-04-07T01:22:49.820-0800][16.949s] GC(10) Pause Young (Normal) (G1 Evacuation Pause) 242M->50M(512M) 18.110ms
[2022-04-07T01:22:49.820-0800][16.949s] GC(10) User=0.06s Sys=0.00s Real=0.02s
[2022-04-07T01:22:51.744-0800][18.873s] GC(11) Pause Young (Normal) (G1 Evacuation Pause)
[2022-04-07T01:22:51.744-0800][18.873s] GC(11) Using 4 workers of 4 for evacuation
[2022-04-07T01:22:51.768-0800][18.897s] GC(11)   Pre Evacuate Collection Set: 0.0ms
[2022-04-07T01:22:51.768-0800][18.897s] GC(11)   Evacuate Collection Set: 23.4ms
[2022-04-07T01:22:51.768-0800][18.897s] GC(11)   Post Evacuate Collection Set: 0.5ms
[2022-04-07T01:22:51.768-0800][18.897s] GC(11)   Other: 0.2ms
[2022-04-07T01:22:51.768-0800][18.897s] GC(11) Eden regions: 282->0(271)
[2022-04-07T01:22:51.768-0800][18.897s] GC(11) Survivor regions: 25->36(39)
[2022-04-07T01:22:51.768-0800][18.897s] GC(11) Old regions: 19->26
[2022-04-07T01:22:51.768-0800][18.897s] GC(11) Humongous regions: 9->9
[2022-04-07T01:22:51.768-0800][18.897s] GC(11) Metaspace: 58860K->58860K(1101824K)
[2022-04-07T01:22:51.768-0800][18.897s] GC(11) Pause Young (Normal) (G1 Evacuation Pause) 334M->70M(512M) 24.269ms
[2022-04-07T01:22:51.768-0800][18.897s] GC(11) User=0.07s Sys=0.00s Real=0.02s
[2022-04-07T01:22:53.679-0800][20.808s] GC(12) Pause Young (Normal) (G1 Evacuation Pause)
[2022-04-07T01:22:53.679-0800][20.808s] GC(12) Using 4 workers of 4 for evacuation
[2022-04-07T01:22:53.703-0800][20.832s] GC(12)   Pre Evacuate Collection Set: 0.0ms
[2022-04-07T01:22:53.703-0800][20.832s] GC(12)   Evacuate Collection Set: 23.0ms
[2022-04-07T01:22:53.703-0800][20.832s] GC(12)   Post Evacuate Collection Set: 0.8ms
[2022-04-07T01:22:53.703-0800][20.832s] GC(12)   Other: 0.2ms
[2022-04-07T01:22:53.703-0800][20.832s] GC(12) Eden regions: 271->0(269)
[2022-04-07T01:22:53.703-0800][20.832s] GC(12) Survivor regions: 36->38(39)
[2022-04-07T01:22:53.703-0800][20.832s] GC(12) Old regions: 26->41
[2022-04-07T01:22:53.703-0800][20.832s] GC(12) Humongous regions: 13->11
[2022-04-07T01:22:53.703-0800][20.832s] GC(12) Metaspace: 58868K->58868K(1101824K)
[2022-04-07T01:22:53.703-0800][20.832s] GC(12) Pause Young (Normal) (G1 Evacuation Pause) 345M->89M(512M) 24.111ms
[2022-04-07T01:22:53.703-0800][20.832s] GC(12) User=0.08s Sys=0.00s Real=0.03s
[2022-04-07T01:22:55.239-0800][22.368s] GC(13) Pause Young (Normal) (G1 Evacuation Pause)
[2022-04-07T01:22:55.240-0800][22.369s] GC(13) Using 4 workers of 4 for evacuation
[2022-04-07T01:22:55.259-0800][22.389s] GC(13)   Pre Evacuate Collection Set: 0.0ms
[2022-04-07T01:22:55.259-0800][22.389s] GC(13)   Evacuate Collection Set: 18.7ms
[2022-04-07T01:22:55.259-0800][22.389s] GC(13)   Post Evacuate Collection Set: 0.3ms
[2022-04-07T01:22:55.259-0800][22.389s] GC(13)   Other: 1.8ms
[2022-04-07T01:22:55.259-0800][22.389s] GC(13) Eden regions: 269->0(283)
[2022-04-07T01:22:55.259-0800][22.389s] GC(13) Survivor regions: 38->24(39)
[2022-04-07T01:22:55.259-0800][22.389s] GC(13) Old regions: 41->70
[2022-04-07T01:22:55.259-0800][22.389s] GC(13) Humongous regions: 15->15
[2022-04-07T01:22:55.259-0800][22.389s] GC(13) Metaspace: 58876K->58876K(1101824K)
[2022-04-07T01:22:55.259-0800][22.389s] GC(13) Pause Young (Normal) (G1 Evacuation Pause) 362M->108M(512M) 20.893ms
[2022-04-07T01:22:55.259-0800][22.389s] GC(13) User=0.07s Sys=0.00s Real=0.02s
[2022-04-07T01:22:56.508-0800][23.637s] GC(14) Pause Young (Normal) (G1 Evacuation Pause)
[2022-04-07T01:22:56.508-0800][23.637s] GC(14) Using 4 workers of 4 for evacuation
[2022-04-07T01:22:56.529-0800][23.658s] GC(14)   Pre Evacuate Collection Set: 0.0ms
[2022-04-07T01:22:56.529-0800][23.658s] GC(14)   Evacuate Collection Set: 19.9ms
[2022-04-07T01:22:56.529-0800][23.658s] GC(14)   Post Evacuate Collection Set: 0.4ms
[2022-04-07T01:22:56.529-0800][23.658s] GC(14)   Other: 0.2ms
[2022-04-07T01:22:56.529-0800][23.658s] GC(14) Eden regions: 248->0(272)
[2022-04-07T01:22:56.529-0800][23.658s] GC(14) Survivor regions: 24->21(34)
[2022-04-07T01:22:56.529-0800][23.658s] GC(14) Old regions: 70->84
[2022-04-07T01:22:56.529-0800][23.658s] GC(14) Humongous regions: 25->25
[2022-04-07T01:22:56.529-0800][23.658s] GC(14) Metaspace: 58883K->58883K(1101824K)
[2022-04-07T01:22:56.529-0800][23.658s] GC(14) Pause Young (Normal) (G1 Evacuation Pause) 366M->129M(512M) 20.721ms
[2022-04-07T01:22:56.529-0800][23.658s] GC(14) User=0.06s Sys=0.00s Real=0.02s
[2022-04-07T01:22:59.313-0800][26.443s] GC(15) Pause Young (Normal) (G1 Evacuation Pause)
[2022-04-07T01:22:59.313-0800][26.443s] GC(15) Using 4 workers of 4 for evacuation
[2022-04-07T01:22:59.329-0800][26.458s] GC(15)   Pre Evacuate Collection Set: 0.0ms
[2022-04-07T01:22:59.329-0800][26.458s] GC(15)   Evacuate Collection Set: 14.9ms
[2022-04-07T01:22:59.329-0800][26.458s] GC(15)   Post Evacuate Collection Set: 0.5ms
[2022-04-07T01:22:59.329-0800][26.458s] GC(15)   Other: 0.2ms
[2022-04-07T01:22:59.329-0800][26.458s] GC(15) Eden regions: 272->0(264)
[2022-04-07T01:22:59.329-0800][26.458s] GC(15) Survivor regions: 21->13(37)
[2022-04-07T01:22:59.329-0800][26.458s] GC(15) Old regions: 84->96
[2022-04-07T01:22:59.329-0800][26.458s] GC(15) Humongous regions: 49->36
[2022-04-07T01:22:59.329-0800][26.458s] GC(15) Metaspace: 60028K->60028K(1103872K)
[2022-04-07T01:22:59.329-0800][26.458s] GC(15) Pause Young (Normal) (G1 Evacuation Pause) 425M->144M(512M) 15.722ms
[2022-04-07T01:22:59.329-0800][26.458s] GC(15) User=0.05s Sys=0.00s Real=0.01s
[2022-04-07T11:12:28.562-0800][3144.214s] Heap
[2022-04-07T11:12:28.563-0800][3144.214s]  garbage-first heap   total 524288K, used 388736K [0x00000007e0000000, 0x0000000800000000)
[2022-04-07T11:12:28.563-0800][3144.214s]   region size 1024K, 249 young (254976K), 13 survivors (13312K)
[2022-04-07T11:12:28.563-0800][3144.214s]  Metaspace       used 62704K, capacity 64111K, committed 64332K, reserved 1105920K
[2022-04-07T11:12:28.563-0800][3144.214s]   class space    used 7115K, capacity 7690K, committed 7808K, reserved 1048576K
