[2022-04-07T00:57:16.464-0800][0.010s] Heap region size: 1M
[2022-04-07T00:57:16.808-0800][0.354s] Using G1
[2022-04-07T00:57:16.808-0800][0.354s] Heap address: 0x00000007e0000000, size: 512 MB, Compressed Oops mode: Zero based, Oop shift amount: 3
[2022-04-07T00:57:17.936-0800][1.482s] GC(0) Pause Young (Normal) (G1 Evacuation Pause)
[2022-04-07T00:57:17.936-0800][1.482s] GC(0) Using 4 workers of 4 for evacuation
[2022-04-07T00:57:17.939-0800][1.485s] GC(0)   Pre Evacuate Collection Set: 0.0ms
[2022-04-07T00:57:17.939-0800][1.485s] GC(0)   Evacuate Collection Set: 2.4ms
[2022-04-07T00:57:17.939-0800][1.485s] GC(0)   Post Evacuate Collection Set: 0.2ms
[2022-04-07T00:57:17.939-0800][1.485s] GC(0)   Other: 0.4ms
[2022-04-07T00:57:17.939-0800][1.485s] GC(0) Eden regions: 25->0(304)
[2022-04-07T00:57:17.939-0800][1.485s] GC(0) Survivor regions: 0->3(4)
[2022-04-07T00:57:17.939-0800][1.485s] GC(0) Old regions: 0->0
[2022-04-07T00:57:17.939-0800][1.485s] GC(0) Humongous regions: 0->0
[2022-04-07T00:57:17.939-0800][1.485s] GC(0) Metaspace: 12396K->12396K(1060864K)
[2022-04-07T00:57:17.939-0800][1.485s] GC(0) Pause Young (Normal) (G1 Evacuation Pause) 25M->2M(512M) 3.087ms
[2022-04-07T00:57:17.939-0800][1.485s] GC(0) User=0.01s Sys=0.00s Real=0.00s
[2022-04-07T00:57:18.481-0800][2.027s] GC(1) Pause Young (Concurrent Start) (Metadata GC Threshold)
[2022-04-07T00:57:18.481-0800][2.027s] GC(1) Using 4 workers of 4 for evacuation
[2022-04-07T00:57:18.497-0800][2.043s] GC(1)   Pre Evacuate Collection Set: 0.0ms
[2022-04-07T00:57:18.497-0800][2.043s] GC(1)   Evacuate Collection Set: 14.8ms
[2022-04-07T00:57:18.497-0800][2.043s] GC(1)   Post Evacuate Collection Set: 1.5ms
[2022-04-07T00:57:18.497-0800][2.043s] GC(1)   Other: 0.2ms
[2022-04-07T00:57:18.497-0800][2.043s] GC(1) Eden regions: 31->0(37)
[2022-04-07T00:57:18.497-0800][2.043s] GC(1) Survivor regions: 3->12(31)
[2022-04-07T00:57:18.497-0800][2.043s] GC(1) Old regions: 0->0
[2022-04-07T00:57:18.497-0800][2.043s] GC(1) Humongous regions: 4->4
[2022-04-07T00:57:18.497-0800][2.043s] GC(1) Metaspace: 20529K->20529K(1069056K)
[2022-04-07T00:57:18.497-0800][2.043s] GC(1) Pause Young (Concurrent Start) (Metadata GC Threshold) 37M->15M(512M) 16.689ms
[2022-04-07T00:57:18.497-0800][2.043s] GC(1) User=0.03s Sys=0.00s Real=0.01s
[2022-04-07T00:57:18.497-0800][2.044s] GC(2) Concurrent Cycle
[2022-04-07T00:57:18.497-0800][2.044s] GC(2) Concurrent Clear Claimed Marks
[2022-04-07T00:57:18.497-0800][2.044s] GC(2) Concurrent Clear Claimed Marks 0.035ms
[2022-04-07T00:57:18.497-0800][2.044s] GC(2) Concurrent Scan Root Regions
[2022-04-07T00:57:18.506-0800][2.053s] GC(2) Concurrent Scan Root Regions 8.967ms
[2022-04-07T00:57:18.506-0800][2.053s] GC(2) Concurrent Mark (2.053s)
[2022-04-07T00:57:18.506-0800][2.053s] GC(2) Concurrent Mark From Roots
[2022-04-07T00:57:18.506-0800][2.053s] GC(2) Using 1 workers of 1 for marking
[2022-04-07T00:57:18.515-0800][2.062s] GC(2) Concurrent Mark From Roots 9.079ms
[2022-04-07T00:57:18.516-0800][2.062s] GC(2) Concurrent Preclean
[2022-04-07T00:57:18.516-0800][2.062s] GC(2) Concurrent Preclean 0.039ms
[2022-04-07T00:57:18.516-0800][2.062s] GC(2) Concurrent Mark (2.053s, 2.062s) 9.203ms
[2022-04-07T00:57:18.526-0800][2.073s] GC(2) Pause Remark
[2022-04-07T00:57:18.547-0800][2.094s] GC(2) Cleaned string and symbol table, strings: 9492 processed, 0 removed, symbols: 67183 processed, 21 removed
[2022-04-07T00:57:18.547-0800][2.094s] GC(2) Pause Remark 16M->16M(512M) 21.083ms
[2022-04-07T00:57:18.547-0800][2.094s] GC(2) User=0.01s Sys=0.00s Real=0.02s
[2022-04-07T00:57:18.547-0800][2.094s] GC(2) Concurrent Rebuild Remembered Sets
[2022-04-07T00:57:18.550-0800][2.096s] GC(2) Concurrent Rebuild Remembered Sets 2.708ms
[2022-04-07T00:57:18.550-0800][2.097s] GC(2) Pause Cleanup
[2022-04-07T00:57:18.550-0800][2.097s] GC(2) Pause Cleanup 16M->16M(512M) 0.074ms
[2022-04-07T00:57:18.550-0800][2.097s] GC(2) User=0.00s Sys=0.00s Real=0.00s
[2022-04-07T00:57:18.550-0800][2.097s] GC(2) Concurrent Cleanup for Next Mark
[2022-04-07T00:57:18.551-0800][2.098s] GC(2) Concurrent Cleanup for Next Mark 1.033ms
[2022-04-07T00:57:18.551-0800][2.098s] GC(2) Concurrent Cycle 54.209ms
[2022-04-07T00:57:19.116-0800][2.662s] GC(3) Pause Young (Normal) (G1 Evacuation Pause)
[2022-04-07T00:57:19.116-0800][2.662s] GC(3) Using 4 workers of 4 for evacuation
[2022-04-07T00:57:19.129-0800][2.675s] GC(3)   Pre Evacuate Collection Set: 0.0ms
[2022-04-07T00:57:19.129-0800][2.675s] GC(3)   Evacuate Collection Set: 12.6ms
[2022-04-07T00:57:19.129-0800][2.675s] GC(3)   Post Evacuate Collection Set: 0.4ms
[2022-04-07T00:57:19.129-0800][2.675s] GC(3)   Other: 0.1ms
[2022-04-07T00:57:19.129-0800][2.675s] GC(3) Eden regions: 33->0(44)
[2022-04-07T00:57:19.129-0800][2.675s] GC(3) Survivor regions: 12->6(6)
[2022-04-07T00:57:19.129-0800][2.675s] GC(3) Old regions: 0->14
[2022-04-07T00:57:19.129-0800][2.675s] GC(3) Humongous regions: 4->4
[2022-04-07T00:57:19.129-0800][2.675s] GC(3) Metaspace: 24604K->24604K(1071104K)
[2022-04-07T00:57:19.129-0800][2.675s] GC(3) Pause Young (Normal) (G1 Evacuation Pause) 48M->23M(512M) 13.208ms
[2022-04-07T00:57:19.129-0800][2.675s] GC(3) User=0.04s Sys=0.00s Real=0.01s
[2022-04-07T00:57:19.587-0800][3.133s] GC(4) Pause Young (Normal) (G1 Evacuation Pause)
[2022-04-07T00:57:19.587-0800][3.133s] GC(4) Using 4 workers of 4 for evacuation
[2022-04-07T00:57:19.590-0800][3.136s] GC(4)   Pre Evacuate Collection Set: 0.0ms
[2022-04-07T00:57:19.590-0800][3.137s] GC(4)   Evacuate Collection Set: 3.1ms
[2022-04-07T00:57:19.590-0800][3.137s] GC(4)   Post Evacuate Collection Set: 0.4ms
[2022-04-07T00:57:19.590-0800][3.137s] GC(4)   Other: 0.1ms
[2022-04-07T00:57:19.590-0800][3.137s] GC(4) Eden regions: 44->0(67)
[2022-04-07T00:57:19.590-0800][3.137s] GC(4) Survivor regions: 6->2(7)
[2022-04-07T00:57:19.590-0800][3.137s] GC(4) Old regions: 14->20
[2022-04-07T00:57:19.590-0800][3.137s] GC(4) Humongous regions: 4->4
[2022-04-07T00:57:19.590-0800][3.137s] GC(4) Metaspace: 30427K->30427K(1077248K)
[2022-04-07T00:57:19.590-0800][3.137s] GC(4) Pause Young (Normal) (G1 Evacuation Pause) 67M->25M(512M) 3.688ms
[2022-04-07T00:57:19.590-0800][3.137s] GC(4) User=0.01s Sys=0.00s Real=0.01s
[2022-04-07T00:57:20.280-0800][3.827s] GC(5) Pause Young (Concurrent Start) (Metadata GC Threshold)
[2022-04-07T00:57:20.280-0800][3.827s] GC(5) Using 4 workers of 4 for evacuation
[2022-04-07T00:57:20.284-0800][3.830s] GC(5)   Pre Evacuate Collection Set: 0.1ms
[2022-04-07T00:57:20.284-0800][3.830s] GC(5)   Evacuate Collection Set: 2.8ms
[2022-04-07T00:57:20.284-0800][3.830s] GC(5)   Post Evacuate Collection Set: 0.2ms
[2022-04-07T00:57:20.284-0800][3.830s] GC(5)   Other: 0.1ms
[2022-04-07T00:57:20.284-0800][3.830s] GC(5) Eden regions: 38->0(74)
[2022-04-07T00:57:20.284-0800][3.830s] GC(5) Survivor regions: 2->2(9)
[2022-04-07T00:57:20.284-0800][3.830s] GC(5) Old regions: 20->20
[2022-04-07T00:57:20.284-0800][3.830s] GC(5) Humongous regions: 4->4
[2022-04-07T00:57:20.284-0800][3.830s] GC(5) Metaspace: 34664K->34664K(1081344K)
[2022-04-07T00:57:20.284-0800][3.830s] GC(5) Pause Young (Concurrent Start) (Metadata GC Threshold) 63M->25M(512M) 3.281ms
[2022-04-07T00:57:20.284-0800][3.830s] GC(5) User=0.00s Sys=0.00s Real=0.00s
[2022-04-07T00:57:20.284-0800][3.830s] GC(6) Concurrent Cycle
[2022-04-07T00:57:20.284-0800][3.830s] GC(6) Concurrent Clear Claimed Marks
[2022-04-07T00:57:20.284-0800][3.830s] GC(6) Concurrent Clear Claimed Marks 0.034ms
[2022-04-07T00:57:20.284-0800][3.830s] GC(6) Concurrent Scan Root Regions
[2022-04-07T00:57:20.286-0800][3.832s] GC(6) Concurrent Scan Root Regions 2.414ms
[2022-04-07T00:57:20.286-0800][3.833s] GC(6) Concurrent Mark (3.833s)
[2022-04-07T00:57:20.286-0800][3.833s] GC(6) Concurrent Mark From Roots
[2022-04-07T00:57:20.286-0800][3.833s] GC(6) Using 1 workers of 1 for marking
[2022-04-07T00:57:20.318-0800][3.864s] GC(6) Concurrent Mark From Roots 31.690ms
[2022-04-07T00:57:20.318-0800][3.864s] GC(6) Concurrent Preclean
[2022-04-07T00:57:20.318-0800][3.864s] GC(6) Concurrent Preclean 0.074ms
[2022-04-07T00:57:20.318-0800][3.864s] GC(6) Concurrent Mark (3.833s, 3.864s) 31.823ms
[2022-04-07T00:57:20.318-0800][3.864s] GC(6) Pause Remark
[2022-04-07T00:57:20.322-0800][3.869s] GC(6) Cleaned string and symbol table, strings: 15761 processed, 25 removed, symbols: 115098 processed, 41 removed
[2022-04-07T00:57:20.323-0800][3.869s] GC(6) Pause Remark 27M->27M(512M) 4.439ms
[2022-04-07T00:57:20.323-0800][3.869s] GC(6) User=0.01s Sys=0.00s Real=0.01s
[2022-04-07T00:57:20.323-0800][3.869s] GC(6) Concurrent Rebuild Remembered Sets
[2022-04-07T00:57:20.340-0800][3.886s] GC(6) Concurrent Rebuild Remembered Sets 17.491ms
[2022-04-07T00:57:20.340-0800][3.886s] GC(6) Pause Cleanup
[2022-04-07T00:57:20.340-0800][3.887s] GC(6) Pause Cleanup 28M->28M(512M) 0.068ms
[2022-04-07T00:57:20.340-0800][3.887s] GC(6) User=0.00s Sys=0.00s Real=0.00s
[2022-04-07T00:57:20.340-0800][3.887s] GC(6) Concurrent Cleanup for Next Mark
[2022-04-07T00:57:20.341-0800][3.888s] GC(6) Concurrent Cleanup for Next Mark 0.986ms
[2022-04-07T00:57:20.341-0800][3.888s] GC(6) Concurrent Cycle 57.646ms
[2022-04-07T00:57:21.199-0800][4.745s] GC(7) Pause Young (Concurrent Start) (G1 Evacuation Pause)
[2022-04-07T00:57:21.199-0800][4.745s] GC(7) Using 4 workers of 4 for evacuation
[2022-04-07T00:57:21.208-0800][4.754s] GC(7)   Pre Evacuate Collection Set: 0.1ms
[2022-04-07T00:57:21.208-0800][4.754s] GC(7)   Evacuate Collection Set: 7.3ms
[2022-04-07T00:57:21.208-0800][4.754s] GC(7)   Post Evacuate Collection Set: 0.9ms
[2022-04-07T00:57:21.208-0800][4.754s] GC(7)   Other: 0.2ms
[2022-04-07T00:57:21.208-0800][4.754s] GC(7) Eden regions: 77->0(110)
[2022-04-07T00:57:21.208-0800][4.754s] GC(7) Survivor regions: 2->7(10)
[2022-04-07T00:57:21.208-0800][4.754s] GC(7) Old regions: 20->20
[2022-04-07T00:57:21.208-0800][4.754s] GC(7) Humongous regions: 4->4
[2022-04-07T00:57:21.208-0800][4.754s] GC(7) Metaspace: 43297K->43297K(1089536K)
[2022-04-07T00:57:21.208-0800][4.754s] GC(7) Pause Young (Concurrent Start) (G1 Evacuation Pause) 102M->29M(512M) 8.534ms
[2022-04-07T00:57:21.208-0800][4.754s] GC(7) User=0.02s Sys=0.00s Real=0.01s
[2022-04-07T00:57:21.208-0800][4.754s] GC(8) Concurrent Cycle
[2022-04-07T00:57:21.208-0800][4.754s] GC(8) Concurrent Clear Claimed Marks
[2022-04-07T00:57:21.208-0800][4.754s] GC(8) Concurrent Clear Claimed Marks 0.060ms
[2022-04-07T00:57:21.208-0800][4.754s] GC(8) Concurrent Scan Root Regions
[2022-04-07T00:57:21.215-0800][4.761s] GC(8) Concurrent Scan Root Regions 6.896ms
[2022-04-07T00:57:21.215-0800][4.761s] GC(8) Concurrent Mark (4.761s)
[2022-04-07T00:57:21.215-0800][4.761s] GC(8) Concurrent Mark From Roots
[2022-04-07T00:57:21.215-0800][4.761s] GC(8) Using 1 workers of 1 for marking
[2022-04-07T00:57:21.247-0800][4.793s] GC(8) Concurrent Mark From Roots 31.949ms
[2022-04-07T00:57:21.247-0800][4.793s] GC(8) Concurrent Preclean
[2022-04-07T00:57:21.247-0800][4.793s] GC(8) Concurrent Preclean 0.077ms
[2022-04-07T00:57:21.247-0800][4.793s] GC(8) Concurrent Mark (4.761s, 4.793s) 32.092ms
[2022-04-07T00:57:21.247-0800][4.793s] GC(8) Pause Remark
[2022-04-07T00:57:21.253-0800][4.799s] GC(8) Cleaned string and symbol table, strings: 19356 processed, 1 removed, symbols: 139466 processed, 61 removed
[2022-04-07T00:57:21.253-0800][4.799s] GC(8) Pause Remark 35M->35M(512M) 5.946ms
[2022-04-07T00:57:21.253-0800][4.799s] GC(8) User=0.02s Sys=0.00s Real=0.01s
[2022-04-07T00:57:21.253-0800][4.799s] GC(8) Concurrent Rebuild Remembered Sets
[2022-04-07T00:57:21.274-0800][4.820s] GC(8) Concurrent Rebuild Remembered Sets 20.842ms
[2022-04-07T00:57:21.274-0800][4.820s] GC(8) Pause Cleanup
[2022-04-07T00:57:21.274-0800][4.820s] GC(8) Pause Cleanup 40M->40M(512M) 0.069ms
[2022-04-07T00:57:21.274-0800][4.820s] GC(8) User=0.00s Sys=0.00s Real=0.00s
[2022-04-07T00:57:21.274-0800][4.820s] GC(8) Concurrent Cleanup for Next Mark
[2022-04-07T00:57:21.275-0800][4.821s] GC(8) Concurrent Cleanup for Next Mark 0.651ms
[2022-04-07T00:57:21.275-0800][4.821s] GC(8) Concurrent Cycle 67.044ms
[2022-04-07T00:57:21.952-0800][5.499s] GC(9) Pause Young (Normal) (G1 Evacuation Pause)
[2022-04-07T00:57:21.953-0800][5.499s] GC(9) Using 4 workers of 4 for evacuation
[2022-04-07T00:57:21.961-0800][5.507s] GC(9)   Pre Evacuate Collection Set: 0.0ms
[2022-04-07T00:57:21.961-0800][5.507s] GC(9)   Evacuate Collection Set: 8.1ms
[2022-04-07T00:57:21.961-0800][5.507s] GC(9)   Post Evacuate Collection Set: 0.3ms
[2022-04-07T00:57:21.961-0800][5.507s] GC(9)   Other: 0.4ms
[2022-04-07T00:57:21.961-0800][5.507s] GC(9) Eden regions: 113->0(207)
[2022-04-07T00:57:21.961-0800][5.507s] GC(9) Survivor regions: 7->11(15)
[2022-04-07T00:57:21.961-0800][5.507s] GC(9) Old regions: 20->20
[2022-04-07T00:57:21.961-0800][5.507s] GC(9) Humongous regions: 5->4
[2022-04-07T00:57:21.961-0800][5.507s] GC(9) Metaspace: 49370K->49370K(1093632K)
[2022-04-07T00:57:21.961-0800][5.507s] GC(9) Pause Young (Normal) (G1 Evacuation Pause) 143M->33M(512M) 8.931ms
[2022-04-07T00:57:21.961-0800][5.507s] GC(9) User=0.03s Sys=0.00s Real=0.01s
[2022-04-07T00:59:34.726-0800][138.270s] Heap
[2022-04-07T00:59:34.726-0800][138.271s]  garbage-first heap   total 524288K, used 194469K [0x00000007e0000000, 0x0000000800000000)
[2022-04-07T00:59:34.726-0800][138.271s]   region size 1024K, 168 young (172032K), 11 survivors (11264K)
[2022-04-07T00:59:34.726-0800][138.271s]  Metaspace       used 57918K, capacity 59197K, committed 59212K, reserved 1101824K
[2022-04-07T00:59:34.726-0800][138.271s]   class space    used 6754K, capacity 7293K, committed 7296K, reserved 1048576K
