[2022-04-07T11:12:39.367-0800][0.012s] Heap region size: 1M
[2022-04-07T11:12:39.820-0800][0.464s] Using G1
[2022-04-07T11:12:39.820-0800][0.464s] Heap address: 0x00000007e0000000, size: 512 MB, Compressed Oops mode: Zero based, Oop shift amount: 3
[2022-04-07T11:12:40.577-0800][1.222s] GC(0) Pause Young (Normal) (G1 Evacuation Pause)
[2022-04-07T11:12:40.577-0800][1.222s] GC(0) Using 4 workers of 4 for evacuation
[2022-04-07T11:12:40.582-0800][1.227s] GC(0)   Pre Evacuate Collection Set: 0.0ms
[2022-04-07T11:12:40.582-0800][1.227s] GC(0)   Evacuate Collection Set: 3.9ms
[2022-04-07T11:12:40.582-0800][1.227s] GC(0)   Post Evacuate Collection Set: 0.9ms
[2022-04-07T11:12:40.582-0800][1.227s] GC(0)   Other: 0.4ms
[2022-04-07T11:12:40.582-0800][1.227s] GC(0) Eden regions: 25->0(304)
[2022-04-07T11:12:40.582-0800][1.227s] GC(0) Survivor regions: 0->3(4)
[2022-04-07T11:12:40.582-0800][1.227s] GC(0) Old regions: 0->0
[2022-04-07T11:12:40.582-0800][1.227s] GC(0) Humongous regions: 0->0
[2022-04-07T11:12:40.582-0800][1.227s] GC(0) Metaspace: 12409K->12409K(1060864K)
[2022-04-07T11:12:40.582-0800][1.227s] GC(0) Pause Young (Normal) (G1 Evacuation Pause) 25M->2M(512M) 5.345ms
[2022-04-07T11:12:40.582-0800][1.227s] GC(0) User=0.02s Sys=0.00s Real=0.01s
[2022-04-07T11:12:41.093-0800][1.737s] GC(1) Pause Young (Concurrent Start) (Metadata GC Threshold)
[2022-04-07T11:12:41.093-0800][1.737s] GC(1) Using 4 workers of 4 for evacuation
[2022-04-07T11:12:41.110-0800][1.755s] GC(1)   Pre Evacuate Collection Set: 0.0ms
[2022-04-07T11:12:41.110-0800][1.755s] GC(1)   Evacuate Collection Set: 16.6ms
[2022-04-07T11:12:41.110-0800][1.755s] GC(1)   Post Evacuate Collection Set: 1.0ms
[2022-04-07T11:12:41.110-0800][1.755s] GC(1)   Other: 0.2ms
[2022-04-07T11:12:41.110-0800][1.755s] GC(1) Eden regions: 31->0(37)
[2022-04-07T11:12:41.110-0800][1.755s] GC(1) Survivor regions: 3->12(31)
[2022-04-07T11:12:41.110-0800][1.755s] GC(1) Old regions: 0->0
[2022-04-07T11:12:41.111-0800][1.755s] GC(1) Humongous regions: 4->4
[2022-04-07T11:12:41.111-0800][1.755s] GC(1) Metaspace: 20505K->20505K(1069056K)
[2022-04-07T11:12:41.111-0800][1.755s] GC(1) Pause Young (Concurrent Start) (Metadata GC Threshold) 37M->15M(512M) 17.964ms
[2022-04-07T11:12:41.111-0800][1.755s] GC(1) User=0.05s Sys=0.00s Real=0.02s
[2022-04-07T11:12:41.111-0800][1.755s] GC(2) Concurrent Cycle
[2022-04-07T11:12:41.111-0800][1.755s] GC(2) Concurrent Clear Claimed Marks
[2022-04-07T11:12:41.111-0800][1.755s] GC(2) Concurrent Clear Claimed Marks 0.031ms
[2022-04-07T11:12:41.111-0800][1.755s] GC(2) Concurrent Scan Root Regions
[2022-04-07T11:12:41.121-0800][1.765s] GC(2) Concurrent Scan Root Regions 10.100ms
[2022-04-07T11:12:41.121-0800][1.765s] GC(2) Concurrent Mark (1.765s)
[2022-04-07T11:12:41.121-0800][1.765s] GC(2) Concurrent Mark From Roots
[2022-04-07T11:12:41.121-0800][1.765s] GC(2) Using 1 workers of 1 for marking
[2022-04-07T11:12:41.124-0800][1.769s] GC(2) Concurrent Mark From Roots 3.362ms
[2022-04-07T11:12:41.124-0800][1.769s] GC(2) Concurrent Preclean
[2022-04-07T11:12:41.124-0800][1.769s] GC(2) Concurrent Preclean 0.040ms
[2022-04-07T11:12:41.124-0800][1.769s] GC(2) Concurrent Mark (1.765s, 1.769s) 3.483ms
[2022-04-07T11:12:41.124-0800][1.769s] GC(2) Pause Remark
[2022-04-07T11:12:41.128-0800][1.772s] GC(2) Cleaned string and symbol table, strings: 9481 processed, 0 removed, symbols: 67334 processed, 20 removed
[2022-04-07T11:12:41.128-0800][1.773s] GC(2) Pause Remark 16M->16M(512M) 3.734ms
[2022-04-07T11:12:41.128-0800][1.773s] GC(2) User=0.01s Sys=0.00s Real=0.00s
[2022-04-07T11:12:41.128-0800][1.773s] GC(2) Concurrent Rebuild Remembered Sets
[2022-04-07T11:12:41.131-0800][1.776s] GC(2) Concurrent Rebuild Remembered Sets 3.261ms
[2022-04-07T11:12:41.132-0800][1.776s] GC(2) Pause Cleanup
[2022-04-07T11:12:41.132-0800][1.776s] GC(2) Pause Cleanup 16M->16M(512M) 0.095ms
[2022-04-07T11:12:41.132-0800][1.776s] GC(2) User=0.00s Sys=0.00s Real=0.00s
[2022-04-07T11:12:41.132-0800][1.776s] GC(2) Concurrent Cleanup for Next Mark
[2022-04-07T11:12:41.133-0800][1.778s] GC(2) Concurrent Cleanup for Next Mark 1.178ms
[2022-04-07T11:12:41.133-0800][1.778s] GC(2) Concurrent Cycle 22.706ms
[2022-04-07T11:12:41.662-0800][2.306s] GC(3) Pause Young (Normal) (G1 Evacuation Pause)
[2022-04-07T11:12:41.662-0800][2.306s] GC(3) Using 4 workers of 4 for evacuation
[2022-04-07T11:12:41.681-0800][2.326s] GC(3)   Pre Evacuate Collection Set: 0.0ms
[2022-04-07T11:12:41.681-0800][2.326s] GC(3)   Evacuate Collection Set: 17.2ms
[2022-04-07T11:12:41.681-0800][2.326s] GC(3)   Post Evacuate Collection Set: 1.8ms
[2022-04-07T11:12:41.681-0800][2.326s] GC(3)   Other: 0.1ms
[2022-04-07T11:12:41.681-0800][2.326s] GC(3) Eden regions: 33->0(44)
[2022-04-07T11:12:41.681-0800][2.326s] GC(3) Survivor regions: 12->6(6)
[2022-04-07T11:12:41.681-0800][2.326s] GC(3) Old regions: 0->14
[2022-04-07T11:12:41.681-0800][2.326s] GC(3) Humongous regions: 4->4
[2022-04-07T11:12:41.681-0800][2.326s] GC(3) Metaspace: 24554K->24554K(1071104K)
[2022-04-07T11:12:41.681-0800][2.326s] GC(3) Pause Young (Normal) (G1 Evacuation Pause) 48M->23M(512M) 19.367ms
[2022-04-07T11:12:41.681-0800][2.326s] GC(3) User=0.06s Sys=0.00s Real=0.02s
[2022-04-07T11:12:42.150-0800][2.794s] GC(4) Pause Young (Normal) (G1 Evacuation Pause)
[2022-04-07T11:12:42.150-0800][2.794s] GC(4) Using 4 workers of 4 for evacuation
[2022-04-07T11:12:42.155-0800][2.799s] GC(4)   Pre Evacuate Collection Set: 0.0ms
[2022-04-07T11:12:42.155-0800][2.799s] GC(4)   Evacuate Collection Set: 4.1ms
[2022-04-07T11:12:42.155-0800][2.799s] GC(4)   Post Evacuate Collection Set: 0.8ms
[2022-04-07T11:12:42.155-0800][2.799s] GC(4)   Other: 0.1ms
[2022-04-07T11:12:42.155-0800][2.799s] GC(4) Eden regions: 44->0(66)
[2022-04-07T11:12:42.155-0800][2.799s] GC(4) Survivor regions: 6->2(7)
[2022-04-07T11:12:42.155-0800][2.800s] GC(4) Old regions: 14->19
[2022-04-07T11:12:42.155-0800][2.800s] GC(4) Humongous regions: 4->4
[2022-04-07T11:12:42.155-0800][2.800s] GC(4) Metaspace: 30193K->30193K(1077248K)
[2022-04-07T11:12:42.155-0800][2.800s] GC(4) Pause Young (Normal) (G1 Evacuation Pause) 67M->24M(512M) 5.203ms
[2022-04-07T11:12:42.155-0800][2.800s] GC(4) User=0.01s Sys=0.00s Real=0.00s
[2022-04-07T11:12:43.073-0800][3.718s] GC(5) Pause Young (Concurrent Start) (Metadata GC Threshold)
[2022-04-07T11:12:43.073-0800][3.718s] GC(5) Using 4 workers of 4 for evacuation
[2022-04-07T11:12:43.076-0800][3.721s] GC(5)   Pre Evacuate Collection Set: 0.1ms
[2022-04-07T11:12:43.077-0800][3.721s] GC(5)   Evacuate Collection Set: 2.8ms
[2022-04-07T11:12:43.077-0800][3.721s] GC(5)   Post Evacuate Collection Set: 0.2ms
[2022-04-07T11:12:43.077-0800][3.721s] GC(5)   Other: 0.1ms
[2022-04-07T11:12:43.077-0800][3.721s] GC(5) Eden regions: 43->0(74)
[2022-04-07T11:12:43.077-0800][3.721s] GC(5) Survivor regions: 2->3(9)
[2022-04-07T11:12:43.077-0800][3.721s] GC(5) Old regions: 19->19
[2022-04-07T11:12:43.077-0800][3.721s] GC(5) Humongous regions: 4->4
[2022-04-07T11:12:43.077-0800][3.721s] GC(5) Metaspace: 34603K->34603K(1081344K)
[2022-04-07T11:12:43.077-0800][3.721s] GC(5) Pause Young (Concurrent Start) (Metadata GC Threshold) 67M->25M(512M) 3.287ms
[2022-04-07T11:12:43.077-0800][3.721s] GC(5) User=0.01s Sys=0.00s Real=0.00s
[2022-04-07T11:12:43.077-0800][3.721s] GC(6) Concurrent Cycle
[2022-04-07T11:12:43.077-0800][3.721s] GC(6) Concurrent Clear Claimed Marks
[2022-04-07T11:12:43.077-0800][3.721s] GC(6) Concurrent Clear Claimed Marks 0.028ms
[2022-04-07T11:12:43.077-0800][3.721s] GC(6) Concurrent Scan Root Regions
[2022-04-07T11:12:43.079-0800][3.723s] GC(6) Concurrent Scan Root Regions 2.312ms
[2022-04-07T11:12:43.079-0800][3.723s] GC(6) Concurrent Mark (3.723s)
[2022-04-07T11:12:43.079-0800][3.723s] GC(6) Concurrent Mark From Roots
[2022-04-07T11:12:43.079-0800][3.724s] GC(6) Using 1 workers of 1 for marking
[2022-04-07T11:12:43.114-0800][3.758s] GC(6) Concurrent Mark From Roots 34.718ms
[2022-04-07T11:12:43.114-0800][3.758s] GC(6) Concurrent Preclean
[2022-04-07T11:12:43.114-0800][3.758s] GC(6) Concurrent Preclean 0.063ms
[2022-04-07T11:12:43.114-0800][3.758s] GC(6) Concurrent Mark (3.723s, 3.758s) 34.851ms
[2022-04-07T11:12:43.114-0800][3.758s] GC(6) Pause Remark
[2022-04-07T11:12:43.117-0800][3.761s] GC(6) Cleaned string and symbol table, strings: 15608 processed, 25 removed, symbols: 114404 processed, 41 removed
[2022-04-07T11:12:43.117-0800][3.762s] GC(6) Pause Remark 27M->27M(512M) 3.129ms
[2022-04-07T11:12:43.117-0800][3.762s] GC(6) User=0.01s Sys=0.00s Real=0.00s
[2022-04-07T11:12:43.117-0800][3.762s] GC(6) Concurrent Rebuild Remembered Sets
[2022-04-07T11:12:43.136-0800][3.781s] GC(6) Concurrent Rebuild Remembered Sets 19.178ms
[2022-04-07T11:12:43.136-0800][3.781s] GC(6) Pause Cleanup
[2022-04-07T11:12:43.137-0800][3.781s] GC(6) Pause Cleanup 28M->28M(512M) 0.071ms
[2022-04-07T11:12:43.137-0800][3.781s] GC(6) User=0.00s Sys=0.00s Real=0.00s
[2022-04-07T11:12:43.137-0800][3.781s] GC(6) Concurrent Cleanup for Next Mark
[2022-04-07T11:12:43.138-0800][3.782s] GC(6) Concurrent Cleanup for Next Mark 1.053ms
[2022-04-07T11:12:43.138-0800][3.782s] GC(6) Concurrent Cycle 61.062ms
[2022-04-07T11:12:44.446-0800][5.091s] GC(7) Pause Young (Concurrent Start) (G1 Evacuation Pause)
[2022-04-07T11:12:44.446-0800][5.091s] GC(7) Using 4 workers of 4 for evacuation
[2022-04-07T11:12:44.455-0800][5.100s] GC(7)   Pre Evacuate Collection Set: 0.1ms
[2022-04-07T11:12:44.455-0800][5.100s] GC(7)   Evacuate Collection Set: 8.4ms
[2022-04-07T11:12:44.455-0800][5.100s] GC(7)   Post Evacuate Collection Set: 0.3ms
[2022-04-07T11:12:44.455-0800][5.100s] GC(7)   Other: 0.2ms
[2022-04-07T11:12:44.455-0800][5.100s] GC(7) Eden regions: 76->0(266)
[2022-04-07T11:12:44.455-0800][5.100s] GC(7) Survivor regions: 3->7(10)
[2022-04-07T11:12:44.455-0800][5.100s] GC(7) Old regions: 19->19
[2022-04-07T11:12:44.455-0800][5.100s] GC(7) Humongous regions: 4->4
[2022-04-07T11:12:44.455-0800][5.100s] GC(7) Metaspace: 43148K->43148K(1089536K)
[2022-04-07T11:12:44.455-0800][5.100s] GC(7) Pause Young (Concurrent Start) (G1 Evacuation Pause) 101M->29M(512M) 9.043ms
[2022-04-07T11:12:44.455-0800][5.100s] GC(7) User=0.03s Sys=0.00s Real=0.01s
[2022-04-07T11:12:44.455-0800][5.100s] GC(8) Concurrent Cycle
[2022-04-07T11:12:44.455-0800][5.100s] GC(8) Concurrent Clear Claimed Marks
[2022-04-07T11:12:44.455-0800][5.100s] GC(8) Concurrent Clear Claimed Marks 0.057ms
[2022-04-07T11:12:44.455-0800][5.100s] GC(8) Concurrent Scan Root Regions
[2022-04-07T11:12:44.461-0800][5.105s] GC(8) Concurrent Scan Root Regions 5.431ms
[2022-04-07T11:12:44.461-0800][5.105s] GC(8) Concurrent Mark (5.105s)
[2022-04-07T11:12:44.461-0800][5.105s] GC(8) Concurrent Mark From Roots
[2022-04-07T11:12:44.461-0800][5.105s] GC(8) Using 1 workers of 1 for marking
[2022-04-07T11:12:44.495-0800][5.139s] GC(8) Concurrent Mark From Roots 33.995ms
[2022-04-07T11:12:44.495-0800][5.139s] GC(8) Concurrent Preclean
[2022-04-07T11:12:44.495-0800][5.139s] GC(8) Concurrent Preclean 0.046ms
[2022-04-07T11:12:44.495-0800][5.139s] GC(8) Concurrent Mark (5.105s, 5.139s) 34.097ms
[2022-04-07T11:12:44.495-0800][5.139s] GC(8) Pause Remark
[2022-04-07T11:12:44.500-0800][5.144s] GC(8) Cleaned string and symbol table, strings: 19160 processed, 1 removed, symbols: 138451 processed, 61 removed
[2022-04-07T11:12:44.500-0800][5.144s] GC(8) Pause Remark 34M->34M(512M) 4.668ms
[2022-04-07T11:12:44.500-0800][5.144s] GC(8) User=0.02s Sys=0.00s Real=0.01s
[2022-04-07T11:12:44.500-0800][5.144s] GC(8) Concurrent Rebuild Remembered Sets
[2022-04-07T11:12:44.519-0800][5.163s] GC(8) Concurrent Rebuild Remembered Sets 18.852ms
[2022-04-07T11:12:44.519-0800][5.163s] GC(8) Pause Cleanup
[2022-04-07T11:12:44.519-0800][5.163s] GC(8) Pause Cleanup 36M->36M(512M) 0.084ms
[2022-04-07T11:12:44.519-0800][5.163s] GC(8) User=0.00s Sys=0.00s Real=0.00s
[2022-04-07T11:12:44.519-0800][5.163s] GC(8) Concurrent Cleanup for Next Mark
[2022-04-07T11:12:44.520-0800][5.164s] GC(8) Concurrent Cleanup for Next Mark 0.720ms
[2022-04-07T11:12:44.520-0800][5.164s] GC(8) Concurrent Cycle 64.374ms
[2022-04-07T11:12:56.525-0800][17.169s] GC(9) Pause Young (Normal) (G1 Evacuation Pause)
[2022-04-07T11:12:56.526-0800][17.171s] GC(9) Using 4 workers of 4 for evacuation
[2022-04-07T11:12:56.563-0800][17.208s] GC(9)   Pre Evacuate Collection Set: 0.0ms
[2022-04-07T11:12:56.563-0800][17.208s] GC(9)   Evacuate Collection Set: 35.7ms
[2022-04-07T11:12:56.563-0800][17.208s] GC(9)   Post Evacuate Collection Set: 1.1ms
[2022-04-07T11:12:56.563-0800][17.208s] GC(9)   Other: 1.6ms
[2022-04-07T11:12:56.563-0800][17.208s] GC(9) Eden regions: 284->0(285)
[2022-04-07T11:12:56.563-0800][17.208s] GC(9) Survivor regions: 7->22(37)
[2022-04-07T11:12:56.563-0800][17.208s] GC(9) Old regions: 19->19
[2022-04-07T11:12:56.563-0800][17.208s] GC(9) Humongous regions: 8->7
[2022-04-07T11:12:56.563-0800][17.208s] GC(9) Metaspace: 58412K->58412K(1101824K)
[2022-04-07T11:12:56.563-0800][17.208s] GC(9) Pause Young (Normal) (G1 Evacuation Pause) 317M->48M(512M) 38.534ms
[2022-04-07T11:12:56.563-0800][17.208s] GC(9) User=0.08s Sys=0.02s Real=0.04s
[2022-04-07T11:12:58.614-0800][19.258s] GC(10) Pause Young (Normal) (G1 Evacuation Pause)
[2022-04-07T11:12:58.614-0800][19.258s] GC(10) Using 4 workers of 4 for evacuation
[2022-04-07T11:12:58.663-0800][19.307s] GC(10)   Pre Evacuate Collection Set: 0.0ms
[2022-04-07T11:12:58.663-0800][19.307s] GC(10)   Evacuate Collection Set: 48.9ms
[2022-04-07T11:12:58.663-0800][19.307s] GC(10)   Post Evacuate Collection Set: 0.5ms
[2022-04-07T11:12:58.663-0800][19.307s] GC(10)   Other: 0.2ms
[2022-04-07T11:12:58.663-0800][19.307s] GC(10) Eden regions: 285->0(269)
[2022-04-07T11:12:58.663-0800][19.307s] GC(10) Survivor regions: 22->38(39)
[2022-04-07T11:12:58.663-0800][19.307s] GC(10) Old regions: 19->21
[2022-04-07T11:12:58.663-0800][19.307s] GC(10) Humongous regions: 9->9
[2022-04-07T11:12:58.663-0800][19.307s] GC(10) Metaspace: 58785K->58785K(1101824K)
[2022-04-07T11:12:58.663-0800][19.307s] GC(10) Pause Young (Normal) (G1 Evacuation Pause) 335M->67M(512M) 49.756ms
[2022-04-07T11:12:58.663-0800][19.307s] GC(10) User=0.08s Sys=0.02s Real=0.05s
[2022-04-07T11:13:00.154-0800][20.799s] GC(11) Pause Young (Normal) (G1 Evacuation Pause)
[2022-04-07T11:13:00.154-0800][20.799s] GC(11) Using 4 workers of 4 for evacuation
[2022-04-07T11:13:00.191-0800][20.835s] GC(11)   Pre Evacuate Collection Set: 0.0ms
[2022-04-07T11:13:00.191-0800][20.835s] GC(11)   Evacuate Collection Set: 35.8ms
[2022-04-07T11:13:00.191-0800][20.835s] GC(11)   Post Evacuate Collection Set: 0.5ms
[2022-04-07T11:13:00.191-0800][20.835s] GC(11)   Other: 0.1ms
[2022-04-07T11:13:00.191-0800][20.835s] GC(11) Eden regions: 269->0(270)
[2022-04-07T11:13:00.191-0800][20.835s] GC(11) Survivor regions: 38->37(39)
[2022-04-07T11:13:00.191-0800][20.835s] GC(11) Old regions: 21->40
[2022-04-07T11:13:00.191-0800][20.835s] GC(11) Humongous regions: 13->11
[2022-04-07T11:13:00.191-0800][20.835s] GC(11) Metaspace: 58806K->58806K(1101824K)
[2022-04-07T11:13:00.191-0800][20.835s] GC(11) Pause Young (Normal) (G1 Evacuation Pause) 340M->87M(512M) 36.521ms
[2022-04-07T11:13:00.191-0800][20.835s] GC(11) User=0.09s Sys=0.01s Real=0.04s
[2022-04-07T11:13:01.624-0800][22.268s] GC(12) Pause Young (Normal) (G1 Evacuation Pause)
[2022-04-07T11:13:01.624-0800][22.268s] GC(12) Using 4 workers of 4 for evacuation
[2022-04-07T11:13:01.703-0800][22.347s] GC(12)   Pre Evacuate Collection Set: 0.0ms
[2022-04-07T11:13:01.704-0800][22.348s] GC(12)   Evacuate Collection Set: 77.8ms
[2022-04-07T11:13:01.704-0800][22.349s] GC(12)   Post Evacuate Collection Set: 1.0ms
[2022-04-07T11:13:01.704-0800][22.349s] GC(12)   Other: 0.2ms
[2022-04-07T11:13:01.704-0800][22.349s] GC(12) Eden regions: 270->0(283)
[2022-04-07T11:13:01.704-0800][22.349s] GC(12) Survivor regions: 37->24(39)
[2022-04-07T11:13:01.704-0800][22.349s] GC(12) Old regions: 40->69
[2022-04-07T11:13:01.704-0800][22.349s] GC(12) Humongous regions: 15->15
[2022-04-07T11:13:01.704-0800][22.349s] GC(12) Metaspace: 58818K->58818K(1101824K)
[2022-04-07T11:13:01.704-0800][22.349s] GC(12) Pause Young (Normal) (G1 Evacuation Pause) 361M->107M(512M) 80.760ms
[2022-04-07T11:13:01.704-0800][22.349s] GC(12) User=0.11s Sys=0.02s Real=0.08s
[2022-04-07T11:13:02.644-0800][23.288s] GC(13) Pause Young (Normal) (G1 Evacuation Pause)
[2022-04-07T11:13:02.644-0800][23.288s] GC(13) Using 4 workers of 4 for evacuation
[2022-04-07T11:13:02.673-0800][23.317s] GC(13)   Pre Evacuate Collection Set: 0.0ms
[2022-04-07T11:13:02.673-0800][23.317s] GC(13)   Evacuate Collection Set: 28.1ms
[2022-04-07T11:13:02.673-0800][23.317s] GC(13)   Post Evacuate Collection Set: 0.5ms
[2022-04-07T11:13:02.673-0800][23.317s] GC(13)   Other: 0.2ms
[2022-04-07T11:13:02.673-0800][23.317s] GC(13) Eden regions: 180->0(277)
[2022-04-07T11:13:02.673-0800][23.317s] GC(13) Survivor regions: 24->20(26)
[2022-04-07T11:13:02.673-0800][23.317s] GC(13) Old regions: 69->83
[2022-04-07T11:13:02.673-0800][23.317s] GC(13) Humongous regions: 18->18
[2022-04-07T11:13:02.673-0800][23.317s] GC(13) Metaspace: 58821K->58821K(1101824K)
[2022-04-07T11:13:02.673-0800][23.317s] GC(13) Pause Young (Normal) (G1 Evacuation Pause) 290M->120M(512M) 28.950ms
[2022-04-07T11:13:02.673-0800][23.317s] GC(13) User=0.05s Sys=0.01s Real=0.03s
[2022-04-07T11:13:07.852-0800][28.496s] GC(14) Pause Young (Normal) (G1 Evacuation Pause)
[2022-04-07T11:13:07.852-0800][28.496s] GC(14) Using 4 workers of 4 for evacuation
[2022-04-07T11:13:07.868-0800][28.512s] GC(14)   Pre Evacuate Collection Set: 0.0ms
[2022-04-07T11:13:07.868-0800][28.512s] GC(14)   Evacuate Collection Set: 15.1ms
[2022-04-07T11:13:07.868-0800][28.512s] GC(14)   Post Evacuate Collection Set: 0.5ms
[2022-04-07T11:13:07.868-0800][28.512s] GC(14)   Other: 0.2ms
[2022-04-07T11:13:07.868-0800][28.512s] GC(14) Eden regions: 277->0(261)
[2022-04-07T11:13:07.868-0800][28.512s] GC(14) Survivor regions: 20->26(38)
[2022-04-07T11:13:07.868-0800][28.512s] GC(14) Old regions: 83->83
[2022-04-07T11:13:07.868-0800][28.512s] GC(14) Humongous regions: 49->36
[2022-04-07T11:13:07.868-0800][28.512s] GC(14) Metaspace: 59938K->59938K(1103872K)
[2022-04-07T11:13:07.868-0800][28.512s] GC(14) Pause Young (Normal) (G1 Evacuation Pause) 428M->144M(512M) 16.012ms
[2022-04-07T11:13:07.868-0800][28.512s] GC(14) User=0.05s Sys=0.00s Real=0.01s
[2022-04-07T11:13:09.181-0800][29.825s] GC(15) Pause Young (Normal) (G1 Evacuation Pause)
[2022-04-07T11:13:09.182-0800][29.826s] GC(15) Using 4 workers of 4 for evacuation
[2022-04-07T11:13:09.215-0800][29.859s] GC(15)   Pre Evacuate Collection Set: 0.0ms
[2022-04-07T11:13:09.215-0800][29.859s] GC(15)   Evacuate Collection Set: 32.9ms
[2022-04-07T11:13:09.215-0800][29.860s] GC(15)   Post Evacuate Collection Set: 0.5ms
[2022-04-07T11:13:09.215-0800][29.860s] GC(15)   Other: 0.6ms
[2022-04-07T11:13:09.215-0800][29.860s] GC(15) Eden regions: 261->0(269)
[2022-04-07T11:13:09.215-0800][29.860s] GC(15) Survivor regions: 26->18(36)
[2022-04-07T11:13:09.216-0800][29.860s] GC(15) Old regions: 83->91
[2022-04-07T11:13:09.216-0800][29.860s] GC(15) Humongous regions: 36->36
[2022-04-07T11:13:09.216-0800][29.860s] GC(15) Metaspace: 59973K->59973K(1103872K)
[2022-04-07T11:13:09.216-0800][29.860s] GC(15) Pause Young (Normal) (G1 Evacuation Pause) 405M->144M(512M) 34.199ms
[2022-04-07T11:13:09.216-0800][29.860s] GC(15) User=0.05s Sys=0.01s Real=0.03s
[2022-04-07T11:13:11.286-0800][31.930s] GC(16) Pause Young (Normal) (G1 Evacuation Pause)
[2022-04-07T11:13:11.286-0800][31.930s] GC(16) Using 4 workers of 4 for evacuation
[2022-04-07T11:13:11.296-0800][31.940s] GC(16)   Pre Evacuate Collection Set: 0.0ms
[2022-04-07T11:13:11.296-0800][31.940s] GC(16)   Evacuate Collection Set: 8.8ms
[2022-04-07T11:13:11.296-0800][31.940s] GC(16)   Post Evacuate Collection Set: 0.6ms
[2022-04-07T11:13:11.296-0800][31.940s] GC(16)   Other: 0.2ms
[2022-04-07T11:13:11.296-0800][31.940s] GC(16) Eden regions: 269->0(256)
[2022-04-07T11:13:11.296-0800][31.940s] GC(16) Survivor regions: 18->26(36)
[2022-04-07T11:13:11.296-0800][31.940s] GC(16) Old regions: 91->91
[2022-04-07T11:13:11.296-0800][31.940s] GC(16) Humongous regions: 56->47
[2022-04-07T11:13:11.296-0800][31.940s] GC(16) Metaspace: 60307K->60307K(1103872K)
[2022-04-07T11:13:11.296-0800][31.940s] GC(16) Pause Young (Normal) (G1 Evacuation Pause) 433M->163M(512M) 9.819ms
[2022-04-07T11:13:11.296-0800][31.940s] GC(16) User=0.03s Sys=0.00s Real=0.01s
[2022-04-07T11:13:11.940-0800][32.584s] GC(17) Pause Young (Normal) (G1 Evacuation Pause)
[2022-04-07T11:13:11.940-0800][32.584s] GC(17) Using 4 workers of 4 for evacuation
[2022-04-07T11:13:11.955-0800][32.599s] GC(17)   Pre Evacuate Collection Set: 0.0ms
[2022-04-07T11:13:11.955-0800][32.600s] GC(17)   Evacuate Collection Set: 15.3ms
[2022-04-07T11:13:11.955-0800][32.600s] GC(17)   Post Evacuate Collection Set: 0.3ms
[2022-04-07T11:13:11.956-0800][32.600s] GC(17)   Other: 0.2ms
[2022-04-07T11:13:11.956-0800][32.600s] GC(17) Eden regions: 256->0(262)
[2022-04-07T11:13:11.956-0800][32.600s] GC(17) Survivor regions: 26->13(36)
[2022-04-07T11:13:11.956-0800][32.600s] GC(17) Old regions: 91->105
[2022-04-07T11:13:11.956-0800][32.600s] GC(17) Humongous regions: 51->39
[2022-04-07T11:13:11.956-0800][32.600s] GC(17) Metaspace: 60336K->60336K(1103872K)
[2022-04-07T11:13:11.956-0800][32.600s] GC(17) Pause Young (Normal) (G1 Evacuation Pause) 423M->156M(512M) 15.907ms
[2022-04-07T11:13:11.956-0800][32.600s] GC(17) User=0.04s Sys=0.00s Real=0.01s
[2022-04-07T11:13:12.604-0800][33.248s] GC(18) Pause Young (Normal) (G1 Evacuation Pause)
[2022-04-07T11:13:12.604-0800][33.248s] GC(18) Using 4 workers of 4 for evacuation
[2022-04-07T11:13:12.606-0800][33.250s] GC(18)   Pre Evacuate Collection Set: 0.0ms
[2022-04-07T11:13:12.606-0800][33.250s] GC(18)   Evacuate Collection Set: 1.0ms
[2022-04-07T11:13:12.606-0800][33.250s] GC(18)   Post Evacuate Collection Set: 0.3ms
[2022-04-07T11:13:12.606-0800][33.250s] GC(18)   Other: 0.1ms
[2022-04-07T11:13:12.606-0800][33.250s] GC(18) Eden regions: 262->0(279)
[2022-04-07T11:13:12.606-0800][33.250s] GC(18) Survivor regions: 13->2(35)
[2022-04-07T11:13:12.606-0800][33.250s] GC(18) Old regions: 105->105
[2022-04-07T11:13:12.606-0800][33.250s] GC(18) Humongous regions: 55->36
[2022-04-07T11:13:12.606-0800][33.250s] GC(18) Metaspace: 60337K->60337K(1103872K)
[2022-04-07T11:13:12.606-0800][33.250s] GC(18) Pause Young (Normal) (G1 Evacuation Pause) 434M->142M(512M) 1.643ms
[2022-04-07T11:13:12.606-0800][33.250s] GC(18) User=0.00s Sys=0.00s Real=0.00s
[2022-04-07T11:13:13.396-0800][34.040s] GC(19) Pause Young (Normal) (G1 Evacuation Pause)
[2022-04-07T11:13:13.396-0800][34.040s] GC(19) Using 4 workers of 4 for evacuation
[2022-04-07T11:13:13.398-0800][34.042s] GC(19)   Pre Evacuate Collection Set: 0.0ms
[2022-04-07T11:13:13.398-0800][34.042s] GC(19)   Evacuate Collection Set: 1.6ms
[2022-04-07T11:13:13.398-0800][34.042s] GC(19)   Post Evacuate Collection Set: 0.2ms
[2022-04-07T11:13:13.398-0800][34.042s] GC(19)   Other: 0.1ms
[2022-04-07T11:13:13.398-0800][34.042s] GC(19) Eden regions: 279->0(264)
[2022-04-07T11:13:13.398-0800][34.042s] GC(19) Survivor regions: 2->11(36)
[2022-04-07T11:13:13.398-0800][34.042s] GC(19) Old regions: 105->105
[2022-04-07T11:13:13.398-0800][34.042s] GC(19) Humongous regions: 56->47
[2022-04-07T11:13:13.398-0800][34.042s] GC(19) Metaspace: 60337K->60337K(1103872K)
[2022-04-07T11:13:13.398-0800][34.042s] GC(19) Pause Young (Normal) (G1 Evacuation Pause) 441M->162M(512M) 2.071ms
[2022-04-07T11:13:13.398-0800][34.042s] GC(19) User=0.01s Sys=0.00s Real=0.00s
[2022-04-07T12:35:23.215-0800][4963.779s] GC(20) Pause Young (Normal) (G1 Evacuation Pause)
[2022-04-07T12:35:23.217-0800][4963.781s] GC(20) Using 4 workers of 4 for evacuation
[2022-04-07T12:35:23.240-0800][4963.804s] GC(20)   Pre Evacuate Collection Set: 0.6ms
[2022-04-07T12:35:23.240-0800][4963.804s] GC(20)   Evacuate Collection Set: 20.4ms
[2022-04-07T12:35:23.240-0800][4963.804s] GC(20)   Post Evacuate Collection Set: 1.2ms
[2022-04-07T12:35:23.240-0800][4963.804s] GC(20)   Other: 2.6ms
[2022-04-07T12:35:23.240-0800][4963.804s] GC(20) Eden regions: 264->0(285)
[2022-04-07T12:35:23.240-0800][4963.804s] GC(20) Survivor regions: 11->2(35)
[2022-04-07T12:35:23.240-0800][4963.804s] GC(20) Old regions: 105->105
[2022-04-07T12:35:23.240-0800][4963.804s] GC(20) Humongous regions: 47->36
[2022-04-07T12:35:23.240-0800][4963.804s] GC(20) Metaspace: 63429K->63429K(1105920K)
[2022-04-07T12:35:23.240-0800][4963.804s] GC(20) Pause Young (Normal) (G1 Evacuation Pause) 426M->142M(512M) 24.964ms
[2022-04-07T12:35:23.240-0800][4963.804s] GC(20) User=0.02s Sys=0.04s Real=0.03s
[2022-04-07T19:26:52.578-0800][29652.818s] GC(21) Pause Young (Normal) (G1 Evacuation Pause)
[2022-04-07T19:26:52.579-0800][29652.818s] GC(21) Using 4 workers of 4 for evacuation
[2022-04-07T19:26:52.677-0800][29652.917s] GC(21)   Pre Evacuate Collection Set: 1.7ms
[2022-04-07T19:26:52.678-0800][29652.917s] GC(21)   Evacuate Collection Set: 52.3ms
[2022-04-07T19:26:52.678-0800][29652.917s] GC(21)   Post Evacuate Collection Set: 44.5ms
[2022-04-07T19:26:52.678-0800][29652.917s] GC(21)   Other: 0.7ms
[2022-04-07T19:26:52.678-0800][29652.917s] GC(21) Eden regions: 285->0(288)
[2022-04-07T19:26:52.678-0800][29652.917s] GC(21) Survivor regions: 2->3(36)
[2022-04-07T19:26:52.678-0800][29652.917s] GC(21) Old regions: 105->105
[2022-04-07T19:26:52.678-0800][29652.917s] GC(21) Humongous regions: 43->36
[2022-04-07T19:26:52.678-0800][29652.917s] GC(21) Metaspace: 65238K->65238K(1107968K)
[2022-04-07T19:26:52.678-0800][29652.917s] GC(21) Pause Young (Normal) (G1 Evacuation Pause) 434M->143M(512M) 99.407ms
[2022-04-07T19:26:52.678-0800][29652.917s] GC(21) User=0.02s Sys=0.04s Real=0.10s
[2022-04-07T19:27:17.105-0800][29677.344s] GC(22) Pause Young (Normal) (G1 Evacuation Pause)
[2022-04-07T19:27:17.106-0800][29677.345s] GC(22) Using 4 workers of 4 for evacuation
[2022-04-07T19:27:17.148-0800][29677.388s] GC(22)   Pre Evacuate Collection Set: 0.0ms
[2022-04-07T19:27:17.148-0800][29677.388s] GC(22)   Evacuate Collection Set: 40.4ms
[2022-04-07T19:27:17.148-0800][29677.388s] GC(22)   Post Evacuate Collection Set: 2.2ms
[2022-04-07T19:27:17.148-0800][29677.388s] GC(22)   Other: 0.5ms
[2022-04-07T19:27:17.148-0800][29677.388s] GC(22) Eden regions: 288->0(265)
[2022-04-07T19:27:17.148-0800][29677.388s] GC(22) Survivor regions: 3->16(37)
[2022-04-07T19:27:17.148-0800][29677.388s] GC(22) Old regions: 105->105
[2022-04-07T19:27:17.148-0800][29677.388s] GC(22) Humongous regions: 56->47
[2022-04-07T19:27:17.149-0800][29677.388s] GC(22) Metaspace: 65566K->65566K(1107968K)
[2022-04-07T19:27:17.149-0800][29677.388s] GC(22) Pause Young (Normal) (G1 Evacuation Pause) 451M->167M(512M) 43.316ms
[2022-04-07T19:27:17.149-0800][29677.388s] GC(22) User=0.06s Sys=0.05s Real=0.04s
[2022-04-07T19:27:17.690-0800][29677.929s] GC(23) Pause Young (Normal) (G1 Evacuation Pause)
[2022-04-07T19:27:17.690-0800][29677.929s] GC(23) Using 4 workers of 4 for evacuation
[2022-04-07T19:27:17.696-0800][29677.935s] GC(23)   Pre Evacuate Collection Set: 0.0ms
[2022-04-07T19:27:17.696-0800][29677.935s] GC(23)   Evacuate Collection Set: 5.7ms
[2022-04-07T19:27:17.696-0800][29677.935s] GC(23)   Post Evacuate Collection Set: 0.6ms
[2022-04-07T19:27:17.696-0800][29677.935s] GC(23)   Other: 0.1ms
[2022-04-07T19:27:17.696-0800][29677.935s] GC(23) Eden regions: 265->0(271)
[2022-04-07T19:27:17.696-0800][29677.935s] GC(23) Survivor regions: 16->16(36)
[2022-04-07T19:27:17.696-0800][29677.935s] GC(23) Old regions: 105->105
[2022-04-07T19:27:17.696-0800][29677.935s] GC(23) Humongous regions: 51->39
[2022-04-07T19:27:17.696-0800][29677.935s] GC(23) Metaspace: 65569K->65569K(1107968K)
[2022-04-07T19:27:17.696-0800][29677.935s] GC(23) Pause Young (Normal) (G1 Evacuation Pause) 436M->159M(512M) 6.554ms
[2022-04-07T19:27:17.696-0800][29677.935s] GC(23) User=0.02s Sys=0.00s Real=0.00s
[2022-04-07T19:27:18.267-0800][29678.507s] GC(24) Pause Young (Normal) (G1 Evacuation Pause)
[2022-04-07T19:27:18.267-0800][29678.507s] GC(24) Using 4 workers of 4 for evacuation
[2022-04-07T19:27:18.274-0800][29678.513s] GC(24)   Pre Evacuate Collection Set: 0.0ms
[2022-04-07T19:27:18.274-0800][29678.513s] GC(24)   Evacuate Collection Set: 6.4ms
[2022-04-07T19:27:18.274-0800][29678.513s] GC(24)   Post Evacuate Collection Set: 0.4ms
[2022-04-07T19:27:18.274-0800][29678.513s] GC(24)   Other: 0.1ms
[2022-04-07T19:27:18.274-0800][29678.513s] GC(24) Eden regions: 271->0(284)
[2022-04-07T19:27:18.274-0800][29678.513s] GC(24) Survivor regions: 16->8(36)
[2022-04-07T19:27:18.274-0800][29678.513s] GC(24) Old regions: 105->105
[2022-04-07T19:27:18.274-0800][29678.514s] GC(24) Humongous regions: 55->36
[2022-04-07T19:27:18.274-0800][29678.514s] GC(24) Metaspace: 65574K->65574K(1107968K)
[2022-04-07T19:27:18.274-0800][29678.514s] GC(24) Pause Young (Normal) (G1 Evacuation Pause) 446M->148M(512M) 7.024ms
[2022-04-07T19:27:18.274-0800][29678.514s] GC(24) User=0.02s Sys=0.01s Real=0.01s
[2022-04-07T19:27:18.866-0800][29679.105s] GC(25) Pause Young (Normal) (G1 Evacuation Pause)
[2022-04-07T19:27:18.866-0800][29679.105s] GC(25) Using 4 workers of 4 for evacuation
[2022-04-07T19:27:18.874-0800][29679.113s] GC(25)   Pre Evacuate Collection Set: 0.0ms
[2022-04-07T19:27:18.874-0800][29679.113s] GC(25)   Evacuate Collection Set: 7.5ms
[2022-04-07T19:27:18.874-0800][29679.113s] GC(25)   Post Evacuate Collection Set: 0.4ms
[2022-04-07T19:27:18.874-0800][29679.113s] GC(25)   Other: 0.1ms
[2022-04-07T19:27:18.874-0800][29679.113s] GC(25) Eden regions: 284->0(265)
[2022-04-07T19:27:18.874-0800][29679.113s] GC(25) Survivor regions: 8->16(37)
[2022-04-07T19:27:18.874-0800][29679.113s] GC(25) Old regions: 105->105
[2022-04-07T19:27:18.874-0800][29679.113s] GC(25) Humongous regions: 56->47
[2022-04-07T19:27:18.874-0800][29679.113s] GC(25) Metaspace: 65578K->65578K(1107968K)
[2022-04-07T19:27:18.874-0800][29679.113s] GC(25) Pause Young (Normal) (G1 Evacuation Pause) 452M->167M(512M) 8.106ms
[2022-04-07T19:27:18.874-0800][29679.113s] GC(25) User=0.02s Sys=0.00s Real=0.01s
