[2022-04-07T00:27:25.710-0800][0.009s] Heap region size: 1M
[2022-04-07T00:27:25.941-0800][0.240s] Using G1
[2022-04-07T00:27:25.941-0800][0.240s] Heap address: 0x00000007e0000000, size: 512 MB, Compressed Oops mode: Zero based, Oop shift amount: 3
[2022-04-07T00:27:26.697-0800][0.996s] GC(0) Pause Young (Normal) (G1 Evacuation Pause)
[2022-04-07T00:27:26.697-0800][0.996s] GC(0) Using 4 workers of 4 for evacuation
[2022-04-07T00:27:26.700-0800][0.999s] GC(0)   Pre Evacuate Collection Set: 0.0ms
[2022-04-07T00:27:26.700-0800][0.999s] GC(0)   Evacuate Collection Set: 2.3ms
[2022-04-07T00:27:26.700-0800][0.999s] GC(0)   Post Evacuate Collection Set: 0.2ms
[2022-04-07T00:27:26.700-0800][0.999s] GC(0)   Other: 0.3ms
[2022-04-07T00:27:26.700-0800][0.999s] GC(0) Eden regions: 25->0(304)
[2022-04-07T00:27:26.700-0800][0.999s] GC(0) Survivor regions: 0->3(4)
[2022-04-07T00:27:26.700-0800][0.999s] GC(0) Old regions: 0->0
[2022-04-07T00:27:26.700-0800][0.999s] GC(0) Humongous regions: 0->0
[2022-04-07T00:27:26.700-0800][0.999s] GC(0) Metaspace: 12391K->12391K(1060864K)
[2022-04-07T00:27:26.700-0800][0.999s] GC(0) Pause Young (Normal) (G1 Evacuation Pause) 25M->2M(512M) 2.913ms
[2022-04-07T00:27:26.700-0800][0.999s] GC(0) User=0.01s Sys=0.00s Real=0.01s
[2022-04-07T00:27:27.212-0800][1.511s] GC(1) Pause Young (Concurrent Start) (Metadata GC Threshold)
[2022-04-07T00:27:27.212-0800][1.511s] GC(1) Using 4 workers of 4 for evacuation
[2022-04-07T00:27:27.226-0800][1.525s] GC(1)   Pre Evacuate Collection Set: 0.0ms
[2022-04-07T00:27:27.226-0800][1.525s] GC(1)   Evacuate Collection Set: 13.1ms
[2022-04-07T00:27:27.226-0800][1.525s] GC(1)   Post Evacuate Collection Set: 0.3ms
[2022-04-07T00:27:27.226-0800][1.525s] GC(1)   Other: 0.2ms
[2022-04-07T00:27:27.226-0800][1.525s] GC(1) Eden regions: 31->0(37)
[2022-04-07T00:27:27.226-0800][1.525s] GC(1) Survivor regions: 3->12(32)
[2022-04-07T00:27:27.226-0800][1.525s] GC(1) Old regions: 0->0
[2022-04-07T00:27:27.226-0800][1.525s] GC(1) Humongous regions: 4->4
[2022-04-07T00:27:27.226-0800][1.525s] GC(1) Metaspace: 20527K->20527K(1069056K)
[2022-04-07T00:27:27.226-0800][1.525s] GC(1) Pause Young (Concurrent Start) (Metadata GC Threshold) 37M->15M(512M) 13.863ms
[2022-04-07T00:27:27.226-0800][1.525s] GC(1) User=0.04s Sys=0.00s Real=0.01s
[2022-04-07T00:27:27.226-0800][1.525s] GC(2) Concurrent Cycle
[2022-04-07T00:27:27.226-0800][1.525s] GC(2) Concurrent Clear Claimed Marks
[2022-04-07T00:27:27.226-0800][1.525s] GC(2) Concurrent Clear Claimed Marks 0.027ms
[2022-04-07T00:27:27.226-0800][1.525s] GC(2) Concurrent Scan Root Regions
[2022-04-07T00:27:27.235-0800][1.534s] GC(2) Concurrent Scan Root Regions 8.643ms
[2022-04-07T00:27:27.235-0800][1.534s] GC(2) Concurrent Mark (1.534s)
[2022-04-07T00:27:27.235-0800][1.534s] GC(2) Concurrent Mark From Roots
[2022-04-07T00:27:27.235-0800][1.534s] GC(2) Using 1 workers of 1 for marking
[2022-04-07T00:27:27.237-0800][1.535s] GC(2) Concurrent Mark From Roots 1.830ms
[2022-04-07T00:27:27.237-0800][1.535s] GC(2) Concurrent Preclean
[2022-04-07T00:27:27.237-0800][1.536s] GC(2) Concurrent Preclean 0.034ms
[2022-04-07T00:27:27.237-0800][1.536s] GC(2) Concurrent Mark (1.534s, 1.536s) 1.925ms
[2022-04-07T00:27:27.237-0800][1.536s] GC(2) Pause Remark
[2022-04-07T00:27:27.239-0800][1.538s] GC(2) Cleaned string and symbol table, strings: 9504 processed, 0 removed, symbols: 67335 processed, 20 removed
[2022-04-07T00:27:27.239-0800][1.538s] GC(2) Pause Remark 16M->16M(512M) 2.213ms
[2022-04-07T00:27:27.239-0800][1.538s] GC(2) User=0.01s Sys=0.00s Real=0.00s
[2022-04-07T00:27:27.239-0800][1.538s] GC(2) Concurrent Rebuild Remembered Sets
[2022-04-07T00:27:27.242-0800][1.541s] GC(2) Concurrent Rebuild Remembered Sets 2.889ms
[2022-04-07T00:27:27.242-0800][1.541s] GC(2) Pause Cleanup
[2022-04-07T00:27:27.242-0800][1.541s] GC(2) Pause Cleanup 16M->16M(512M) 0.081ms
[2022-04-07T00:27:27.242-0800][1.541s] GC(2) User=0.00s Sys=0.00s Real=0.00s
[2022-04-07T00:27:27.242-0800][1.541s] GC(2) Concurrent Cleanup for Next Mark
[2022-04-07T00:27:27.243-0800][1.542s] GC(2) Concurrent Cleanup for Next Mark 1.037ms
[2022-04-07T00:27:27.243-0800][1.542s] GC(2) Concurrent Cycle 17.258ms
[2022-04-07T00:27:27.646-0800][1.945s] GC(3) Pause Young (Normal) (G1 Evacuation Pause)
[2022-04-07T00:27:27.646-0800][1.945s] GC(3) Using 4 workers of 4 for evacuation
[2022-04-07T00:27:27.660-0800][1.958s] GC(3)   Pre Evacuate Collection Set: 0.0ms
[2022-04-07T00:27:27.660-0800][1.959s] GC(3)   Evacuate Collection Set: 13.1ms
[2022-04-07T00:27:27.660-0800][1.959s] GC(3)   Post Evacuate Collection Set: 0.4ms
[2022-04-07T00:27:27.660-0800][1.959s] GC(3)   Other: 0.1ms
[2022-04-07T00:27:27.660-0800][1.959s] GC(3) Eden regions: 33->0(43)
[2022-04-07T00:27:27.660-0800][1.959s] GC(3) Survivor regions: 12->6(6)
[2022-04-07T00:27:27.660-0800][1.959s] GC(3) Old regions: 0->14
[2022-04-07T00:27:27.660-0800][1.959s] GC(3) Humongous regions: 4->4
[2022-04-07T00:27:27.660-0800][1.959s] GC(3) Metaspace: 24603K->24603K(1071104K)
[2022-04-07T00:27:27.660-0800][1.959s] GC(3) Pause Young (Normal) (G1 Evacuation Pause) 48M->23M(512M) 13.716ms
[2022-04-07T00:27:27.660-0800][1.959s] GC(3) User=0.05s Sys=0.01s Real=0.02s
[2022-04-07T00:27:28.132-0800][2.430s] GC(4) Pause Young (Normal) (G1 Evacuation Pause)
[2022-04-07T00:27:28.132-0800][2.430s] GC(4) Using 4 workers of 4 for evacuation
[2022-04-07T00:27:28.135-0800][2.434s] GC(4)   Pre Evacuate Collection Set: 0.0ms
[2022-04-07T00:27:28.135-0800][2.434s] GC(4)   Evacuate Collection Set: 3.1ms
[2022-04-07T00:27:28.135-0800][2.434s] GC(4)   Post Evacuate Collection Set: 0.3ms
[2022-04-07T00:27:28.135-0800][2.434s] GC(4)   Other: 0.2ms
[2022-04-07T00:27:28.135-0800][2.434s] GC(4) Eden regions: 43->0(66)
[2022-04-07T00:27:28.135-0800][2.434s] GC(4) Survivor regions: 6->2(7)
[2022-04-07T00:27:28.135-0800][2.434s] GC(4) Old regions: 14->19
[2022-04-07T00:27:28.135-0800][2.434s] GC(4) Humongous regions: 4->4
[2022-04-07T00:27:28.135-0800][2.434s] GC(4) Metaspace: 30333K->30333K(1077248K)
[2022-04-07T00:27:28.135-0800][2.434s] GC(4) Pause Young (Normal) (G1 Evacuation Pause) 66M->24M(512M) 3.759ms
[2022-04-07T00:27:28.135-0800][2.434s] GC(4) User=0.01s Sys=0.00s Real=0.00s
[2022-04-07T00:27:28.804-0800][3.102s] GC(5) Pause Young (Concurrent Start) (Metadata GC Threshold)
[2022-04-07T00:27:28.804-0800][3.102s] GC(5) Using 4 workers of 4 for evacuation
[2022-04-07T00:27:28.807-0800][3.105s] GC(5)   Pre Evacuate Collection Set: 0.1ms
[2022-04-07T00:27:28.807-0800][3.105s] GC(5)   Evacuate Collection Set: 2.7ms
[2022-04-07T00:27:28.807-0800][3.105s] GC(5)   Post Evacuate Collection Set: 0.2ms
[2022-04-07T00:27:28.807-0800][3.105s] GC(5)   Other: 0.1ms
[2022-04-07T00:27:28.807-0800][3.105s] GC(5) Eden regions: 39->0(73)
[2022-04-07T00:27:28.807-0800][3.105s] GC(5) Survivor regions: 2->3(9)
[2022-04-07T00:27:28.807-0800][3.105s] GC(5) Old regions: 19->19
[2022-04-07T00:27:28.807-0800][3.105s] GC(5) Humongous regions: 4->4
[2022-04-07T00:27:28.807-0800][3.105s] GC(5) Metaspace: 34808K->34808K(1081344K)
[2022-04-07T00:27:28.807-0800][3.105s] GC(5) Pause Young (Concurrent Start) (Metadata GC Threshold) 63M->24M(512M) 3.099ms
[2022-04-07T00:27:28.807-0800][3.105s] GC(5) User=0.01s Sys=0.00s Real=0.00s
[2022-04-07T00:27:28.807-0800][3.105s] GC(6) Concurrent Cycle
[2022-04-07T00:27:28.807-0800][3.105s] GC(6) Concurrent Clear Claimed Marks
[2022-04-07T00:27:28.807-0800][3.105s] GC(6) Concurrent Clear Claimed Marks 0.026ms
[2022-04-07T00:27:28.807-0800][3.105s] GC(6) Concurrent Scan Root Regions
[2022-04-07T00:27:28.809-0800][3.108s] GC(6) Concurrent Scan Root Regions 2.097ms
[2022-04-07T00:27:28.809-0800][3.108s] GC(6) Concurrent Mark (3.108s)
[2022-04-07T00:27:28.809-0800][3.108s] GC(6) Concurrent Mark From Roots
[2022-04-07T00:27:28.809-0800][3.108s] GC(6) Using 1 workers of 1 for marking
[2022-04-07T00:27:28.843-0800][3.142s] GC(6) Concurrent Mark From Roots 34.221ms
[2022-04-07T00:27:28.843-0800][3.142s] GC(6) Concurrent Preclean
[2022-04-07T00:27:28.843-0800][3.142s] GC(6) Concurrent Preclean 0.086ms
[2022-04-07T00:27:28.843-0800][3.142s] GC(6) Concurrent Mark (3.108s, 3.142s) 34.377ms
[2022-04-07T00:27:28.843-0800][3.142s] GC(6) Pause Remark
[2022-04-07T00:27:28.847-0800][3.145s] GC(6) Cleaned string and symbol table, strings: 15755 processed, 25 removed, symbols: 114894 processed, 44 removed
[2022-04-07T00:27:28.847-0800][3.146s] GC(6) Pause Remark 27M->27M(512M) 3.452ms
[2022-04-07T00:27:28.847-0800][3.146s] GC(6) User=0.02s Sys=0.00s Real=0.00s
[2022-04-07T00:27:28.847-0800][3.146s] GC(6) Concurrent Rebuild Remembered Sets
[2022-04-07T00:27:28.869-0800][3.168s] GC(6) Concurrent Rebuild Remembered Sets 22.395ms
[2022-04-07T00:27:28.869-0800][3.168s] GC(6) Pause Cleanup
[2022-04-07T00:27:28.870-0800][3.168s] GC(6) Pause Cleanup 28M->28M(512M) 0.067ms
[2022-04-07T00:27:28.870-0800][3.168s] GC(6) User=0.00s Sys=0.00s Real=0.01s
[2022-04-07T00:27:28.870-0800][3.168s] GC(6) Concurrent Cleanup for Next Mark
[2022-04-07T00:27:28.871-0800][3.169s] GC(6) Concurrent Cleanup for Next Mark 1.023ms
[2022-04-07T00:27:28.871-0800][3.169s] GC(6) Concurrent Cycle 63.867ms
[2022-04-07T00:27:29.517-0800][3.816s] GC(7) Pause Young (Concurrent Start) (G1 Evacuation Pause)
[2022-04-07T00:27:29.517-0800][3.816s] GC(7) Using 4 workers of 4 for evacuation
[2022-04-07T00:27:29.526-0800][3.824s] GC(7)   Pre Evacuate Collection Set: 0.1ms
[2022-04-07T00:27:29.526-0800][3.824s] GC(7)   Evacuate Collection Set: 8.1ms
[2022-04-07T00:27:29.526-0800][3.824s] GC(7)   Post Evacuate Collection Set: 0.3ms
[2022-04-07T00:27:29.526-0800][3.824s] GC(7)   Other: 0.1ms
[2022-04-07T00:27:29.526-0800][3.824s] GC(7) Eden regions: 76->0(300)
[2022-04-07T00:27:29.526-0800][3.824s] GC(7) Survivor regions: 3->7(10)
[2022-04-07T00:27:29.526-0800][3.824s] GC(7) Old regions: 19->19
[2022-04-07T00:27:29.526-0800][3.824s] GC(7) Humongous regions: 4->4
[2022-04-07T00:27:29.526-0800][3.824s] GC(7) Metaspace: 43099K->43099K(1087488K)
[2022-04-07T00:27:29.526-0800][3.824s] GC(7) Pause Young (Concurrent Start) (G1 Evacuation Pause) 100M->29M(512M) 8.790ms
[2022-04-07T00:27:29.526-0800][3.824s] GC(7) User=0.03s Sys=0.00s Real=0.01s
[2022-04-07T00:27:29.526-0800][3.825s] GC(8) Concurrent Cycle
[2022-04-07T00:27:29.526-0800][3.825s] GC(8) Concurrent Clear Claimed Marks
[2022-04-07T00:27:29.526-0800][3.825s] GC(8) Concurrent Clear Claimed Marks 0.066ms
[2022-04-07T00:27:29.526-0800][3.825s] GC(8) Concurrent Scan Root Regions
[2022-04-07T00:27:29.533-0800][3.832s] GC(8) Concurrent Scan Root Regions 7.139ms
[2022-04-07T00:27:29.533-0800][3.832s] GC(8) Concurrent Mark (3.832s)
[2022-04-07T00:27:29.533-0800][3.832s] GC(8) Concurrent Mark From Roots
[2022-04-07T00:27:29.533-0800][3.832s] GC(8) Using 1 workers of 1 for marking
[2022-04-07T00:27:29.561-0800][3.860s] GC(8) Concurrent Mark From Roots 27.885ms
[2022-04-07T00:27:29.561-0800][3.860s] GC(8) Concurrent Preclean
[2022-04-07T00:27:29.561-0800][3.860s] GC(8) Concurrent Preclean 0.074ms
[2022-04-07T00:27:29.561-0800][3.860s] GC(8) Concurrent Mark (3.832s, 3.860s) 28.081ms
[2022-04-07T00:27:29.561-0800][3.860s] GC(8) Pause Remark
[2022-04-07T00:27:29.566-0800][3.865s] GC(8) Cleaned string and symbol table, strings: 19179 processed, 1 removed, symbols: 139044 processed, 56 removed
[2022-04-07T00:27:29.566-0800][3.865s] GC(8) Pause Remark 36M->36M(512M) 5.137ms
[2022-04-07T00:27:29.566-0800][3.865s] GC(8) User=0.02s Sys=0.00s Real=0.00s
[2022-04-07T00:27:29.567-0800][3.865s] GC(8) Concurrent Rebuild Remembered Sets
[2022-04-07T00:27:29.587-0800][3.886s] GC(8) Concurrent Rebuild Remembered Sets 20.356ms
[2022-04-07T00:27:29.587-0800][3.886s] GC(8) Pause Cleanup
[2022-04-07T00:27:29.587-0800][3.886s] GC(8) Pause Cleanup 38M->38M(512M) 0.101ms
[2022-04-07T00:27:29.587-0800][3.886s] GC(8) User=0.00s Sys=0.00s Real=0.00s
[2022-04-07T00:27:29.587-0800][3.886s] GC(8) Concurrent Cleanup for Next Mark
[2022-04-07T00:27:29.588-0800][3.886s] GC(8) Concurrent Cleanup for Next Mark 0.639ms
[2022-04-07T00:27:29.588-0800][3.886s] GC(8) Concurrent Cycle 61.958ms
[2022-04-07T00:27:35.240-0800][9.538s] GC(9) Pause Young (Normal) (G1 Evacuation Pause)
[2022-04-07T00:27:35.240-0800][9.539s] GC(9) Using 4 workers of 4 for evacuation
[2022-04-07T00:27:35.261-0800][9.560s] GC(9)   Pre Evacuate Collection Set: 0.0ms
[2022-04-07T00:27:35.261-0800][9.560s] GC(9)   Evacuate Collection Set: 20.6ms
[2022-04-07T00:27:35.261-0800][9.560s] GC(9)   Post Evacuate Collection Set: 0.5ms
[2022-04-07T00:27:35.261-0800][9.560s] GC(9)   Other: 0.7ms
[2022-04-07T00:27:35.261-0800][9.560s] GC(9) Eden regions: 300->0(283)
[2022-04-07T00:27:35.262-0800][9.560s] GC(9) Survivor regions: 7->24(39)
[2022-04-07T00:27:35.262-0800][9.560s] GC(9) Old regions: 19->19
[2022-04-07T00:27:35.262-0800][9.560s] GC(9) Humongous regions: 5->4
[2022-04-07T00:27:35.262-0800][9.560s] GC(9) Metaspace: 57020K->57020K(1101824K)
[2022-04-07T00:27:35.262-0800][9.560s] GC(9) Pause Young (Normal) (G1 Evacuation Pause) 330M->46M(512M) 22.005ms
[2022-04-07T00:27:35.262-0800][9.560s] GC(9) User=0.07s Sys=0.00s Real=0.02s
[2022-04-07T00:27:37.546-0800][11.844s] GC(10) Pause Young (Normal) (G1 Evacuation Pause)
[2022-04-07T00:27:37.546-0800][11.844s] GC(10) Using 4 workers of 4 for evacuation
[2022-04-07T00:27:37.572-0800][11.871s] GC(10)   Pre Evacuate Collection Set: 0.0ms
[2022-04-07T00:27:37.572-0800][11.871s] GC(10)   Evacuate Collection Set: 25.7ms
[2022-04-07T00:27:37.572-0800][11.871s] GC(10)   Post Evacuate Collection Set: 0.5ms
[2022-04-07T00:27:37.572-0800][11.871s] GC(10)   Other: 0.1ms
[2022-04-07T00:27:37.572-0800][11.871s] GC(10) Eden regions: 283->0(274)
[2022-04-07T00:27:37.572-0800][11.871s] GC(10) Survivor regions: 24->33(39)
[2022-04-07T00:27:37.572-0800][11.871s] GC(10) Old regions: 19->26
[2022-04-07T00:27:37.572-0800][11.871s] GC(10) Humongous regions: 8->8
[2022-04-07T00:27:37.572-0800][11.871s] GC(10) Metaspace: 58708K->58708K(1101824K)
[2022-04-07T00:27:37.572-0800][11.871s] GC(10) Pause Young (Normal) (G1 Evacuation Pause) 333M->66M(512M) 26.385ms
[2022-04-07T00:27:37.572-0800][11.871s] GC(10) User=0.08s Sys=0.00s Real=0.03s
[2022-04-07T00:27:39.105-0800][13.403s] GC(11) Pause Young (Normal) (G1 Evacuation Pause)
[2022-04-07T00:27:39.105-0800][13.403s] GC(11) Using 4 workers of 4 for evacuation
[2022-04-07T00:27:39.131-0800][13.429s] GC(11)   Pre Evacuate Collection Set: 0.0ms
[2022-04-07T00:27:39.131-0800][13.429s] GC(11)   Evacuate Collection Set: 25.3ms
[2022-04-07T00:27:39.131-0800][13.429s] GC(11)   Post Evacuate Collection Set: 0.5ms
[2022-04-07T00:27:39.131-0800][13.429s] GC(11)   Other: 0.2ms
[2022-04-07T00:27:39.131-0800][13.429s] GC(11) Eden regions: 274->0(275)
[2022-04-07T00:27:39.131-0800][13.429s] GC(11) Survivor regions: 33->32(39)
[2022-04-07T00:27:39.131-0800][13.429s] GC(11) Old regions: 26->43
[2022-04-07T00:27:39.131-0800][13.429s] GC(11) Humongous regions: 10->9
[2022-04-07T00:27:39.131-0800][13.429s] GC(11) Metaspace: 58733K->58733K(1101824K)
[2022-04-07T00:27:39.131-0800][13.429s] GC(11) Pause Young (Normal) (G1 Evacuation Pause) 342M->82M(512M) 26.077ms
[2022-04-07T00:27:39.131-0800][13.429s] GC(11) User=0.08s Sys=0.01s Real=0.03s
[2022-04-07T00:27:40.481-0800][14.779s] GC(12) Pause Young (Normal) (G1 Evacuation Pause)
[2022-04-07T00:27:40.481-0800][14.780s] GC(12) Using 4 workers of 4 for evacuation
[2022-04-07T00:27:40.499-0800][14.798s] GC(12)   Pre Evacuate Collection Set: 0.0ms
[2022-04-07T00:27:40.499-0800][14.798s] GC(12)   Evacuate Collection Set: 17.6ms
[2022-04-07T00:27:40.499-0800][14.798s] GC(12)   Post Evacuate Collection Set: 0.5ms
[2022-04-07T00:27:40.499-0800][14.798s] GC(12)   Other: 0.1ms
[2022-04-07T00:27:40.499-0800][14.798s] GC(12) Eden regions: 275->0(274)
[2022-04-07T00:27:40.499-0800][14.798s] GC(12) Survivor regions: 32->33(39)
[2022-04-07T00:27:40.499-0800][14.798s] GC(12) Old regions: 43->56
[2022-04-07T00:27:40.499-0800][14.798s] GC(12) Humongous regions: 13->13
[2022-04-07T00:27:40.499-0800][14.798s] GC(12) Metaspace: 58746K->58746K(1101824K)
[2022-04-07T00:27:40.499-0800][14.798s] GC(12) Pause Young (Normal) (G1 Evacuation Pause) 361M->101M(512M) 18.358ms
[2022-04-07T00:27:40.499-0800][14.798s] GC(12) User=0.06s Sys=0.00s Real=0.01s
[2022-04-07T00:27:41.876-0800][16.175s] GC(13) Pause Young (Normal) (G1 Evacuation Pause)
[2022-04-07T00:27:41.878-0800][16.176s] GC(13) Using 4 workers of 4 for evacuation
[2022-04-07T00:27:41.898-0800][16.197s] GC(13)   Pre Evacuate Collection Set: 0.0ms
[2022-04-07T00:27:41.898-0800][16.197s] GC(13)   Evacuate Collection Set: 19.9ms
[2022-04-07T00:27:41.898-0800][16.197s] GC(13)   Post Evacuate Collection Set: 0.4ms
[2022-04-07T00:27:41.898-0800][16.197s] GC(13)   Other: 1.6ms
[2022-04-07T00:27:41.898-0800][16.197s] GC(13) Eden regions: 274->0(274)
[2022-04-07T00:27:41.898-0800][16.197s] GC(13) Survivor regions: 33->33(39)
[2022-04-07T00:27:41.898-0800][16.197s] GC(13) Old regions: 56->69
[2022-04-07T00:27:41.898-0800][16.197s] GC(13) Humongous regions: 16->16
[2022-04-07T00:27:41.898-0800][16.197s] GC(13) Metaspace: 58750K->58750K(1101824K)
[2022-04-07T00:27:41.899-0800][16.197s] GC(13) Pause Young (Normal) (G1 Evacuation Pause) 378M->117M(512M) 22.048ms
[2022-04-07T00:27:41.899-0800][16.197s] GC(13) User=0.07s Sys=0.00s Real=0.02s
[2022-04-07T00:27:44.324-0800][18.623s] GC(14) Pause Young (Normal) (G1 Evacuation Pause)
[2022-04-07T00:27:44.324-0800][18.623s] GC(14) Using 4 workers of 4 for evacuation
[2022-04-07T00:27:44.341-0800][18.640s] GC(14)   Pre Evacuate Collection Set: 0.0ms
[2022-04-07T00:27:44.341-0800][18.640s] GC(14)   Evacuate Collection Set: 16.4ms
[2022-04-07T00:27:44.341-0800][18.640s] GC(14)   Post Evacuate Collection Set: 0.3ms
[2022-04-07T00:27:44.341-0800][18.640s] GC(14)   Other: 0.1ms
[2022-04-07T00:27:44.341-0800][18.640s] GC(14) Eden regions: 274->0(282)
[2022-04-07T00:27:44.341-0800][18.640s] GC(14) Survivor regions: 33->22(39)
[2022-04-07T00:27:44.341-0800][18.640s] GC(14) Old regions: 69->81
[2022-04-07T00:27:44.341-0800][18.640s] GC(14) Humongous regions: 30->26
[2022-04-07T00:27:44.341-0800][18.640s] GC(14) Metaspace: 59906K->59906K(1103872K)
[2022-04-07T00:27:44.341-0800][18.640s] GC(14) Pause Young (Normal) (G1 Evacuation Pause) 405M->129M(512M) 17.032ms
[2022-04-07T00:27:44.341-0800][18.640s] GC(14) User=0.05s Sys=0.00s Real=0.02s
[2022-04-07T00:56:54.763-0800][1769.039s] Heap
[2022-04-07T00:56:54.764-0800][1769.039s]  garbage-first heap   total 524288K, used 227328K [0x00000007e0000000, 0x0000000800000000)
[2022-04-07T00:56:54.764-0800][1769.039s]   region size 1024K, 116 young (118784K), 22 survivors (22528K)
[2022-04-07T00:56:54.764-0800][1769.039s]  Metaspace       used 62497K, capacity 64040K, committed 64384K, reserved 1105920K
[2022-04-07T00:56:54.764-0800][1769.039s]   class space    used 7128K, capacity 7728K, committed 7808K, reserved 1048576K
